ARM Linker, 5.03 [Build 24] [MDK-ARM Professional]

==============================================================================

Section Cross References

    main.o(.text) refers to _printf_percent.o(.ARM.Collect$$_printf_percent$$00000000) for _printf_percent
    main.o(.text) refers to _printf_f.o(.ARM.Collect$$_printf_percent$$00000003) for _printf_f
    main.o(.text) refers to printf1.o(x$fpl$printf1) for _printf_fp_dec
    main.o(.text) refers to delay.o(.text) for delay_init
    main.o(.text) refers to led.o(.text) for LED_Init
    main.o(.text) refers to sys.o(.text) for NVIC_Configuration
    main.o(.text) refers to usart.o(.text) for uart_init
    main.o(.text) refers to exti.o(.text) for EXTIX_Init
    main.o(.text) refers to 24l01.o(.text) for NRF24L01_Init
    main.o(.text) refers to noretval__2printf.o(.text) for __2printf
    main.o(.text) refers to pwm.o(.text) for TIM2_PWM_Init
    main.o(.text) refers to timer.o(.text) for TIM3_Int_Init
    main.o(.text) refers to myiic.o(.text) for IIC_Init
    main.o(.text) refers to mpu6050.o(.text) for InitMPU6050
    main.o(.text) refers to hmc.o(.text) for Init_HMC5883
    main.o(.text) refers to suanfa.o(.text) for suanfa_GetOrigin
    main.o(.text) refers to stm32f10x_exti.o(.text) for EXTI_GetITStatus
    main.o(.text) refers to stm32f10x_tim.o(.text) for TIM_Cmd
    main.o(.text) refers to mpu6050.o(.bss) for EA
    main.o(.text) refers to data_transfer.o(.data) for NRF_flag
    system_stm32f10x.o(.text) refers to system_stm32f10x.o(.data) for SystemCoreClock
    startup_stm32f10x_hd.o(STACK) refers (Special) to heapauxi.o(.text) for __use_two_region_memory
    startup_stm32f10x_hd.o(HEAP) refers (Special) to heapauxi.o(.text) for __use_two_region_memory
    startup_stm32f10x_hd.o(RESET) refers (Special) to heapauxi.o(.text) for __use_two_region_memory
    startup_stm32f10x_hd.o(RESET) refers to startup_stm32f10x_hd.o(STACK) for __initial_sp
    startup_stm32f10x_hd.o(RESET) refers to startup_stm32f10x_hd.o(.text) for Reset_Handler
    startup_stm32f10x_hd.o(RESET) refers to stm32f10x_it.o(.text) for NMI_Handler
    startup_stm32f10x_hd.o(RESET) refers to main.o(.text) for EXTI9_5_IRQHandler
    startup_stm32f10x_hd.o(RESET) refers to timer.o(.text) for TIM3_IRQHandler
    startup_stm32f10x_hd.o(RESET) refers to usart.o(.text) for USART1_IRQHandler
    startup_stm32f10x_hd.o(.text) refers (Special) to heapauxi.o(.text) for __use_two_region_memory
    startup_stm32f10x_hd.o(.text) refers to system_stm32f10x.o(.text) for SystemInit
    startup_stm32f10x_hd.o(.text) refers to __main.o(!!!main) for __main
    startup_stm32f10x_hd.o(.text) refers to startup_stm32f10x_hd.o(HEAP) for Heap_Mem
    startup_stm32f10x_hd.o(.text) refers to startup_stm32f10x_hd.o(STACK) for Stack_Mem
    stm32f10x_adc.o(.text) refers to stm32f10x_rcc.o(.text) for RCC_APB2PeriphResetCmd
    stm32f10x_bkp.o(.text) refers to stm32f10x_rcc.o(.text) for RCC_BackupResetCmd
    stm32f10x_can.o(.text) refers to stm32f10x_rcc.o(.text) for RCC_APB1PeriphResetCmd
    stm32f10x_cec.o(.text) refers to stm32f10x_rcc.o(.text) for RCC_APB1PeriphResetCmd
    stm32f10x_dac.o(.text) refers to stm32f10x_rcc.o(.text) for RCC_APB1PeriphResetCmd
    stm32f10x_gpio.o(.text) refers to stm32f10x_rcc.o(.text) for RCC_APB2PeriphResetCmd
    stm32f10x_i2c.o(.text) refers to stm32f10x_rcc.o(.text) for RCC_APB1PeriphResetCmd
    stm32f10x_pwr.o(.text) refers to stm32f10x_rcc.o(.text) for RCC_APB1PeriphResetCmd
    stm32f10x_rcc.o(.text) refers to stm32f10x_rcc.o(.data) for APBAHBPrescTable
    stm32f10x_spi.o(.text) refers to stm32f10x_rcc.o(.text) for RCC_APB2PeriphResetCmd
    stm32f10x_tim.o(.text) refers to stm32f10x_rcc.o(.text) for RCC_APB2PeriphResetCmd
    stm32f10x_usart.o(.text) refers to stm32f10x_rcc.o(.text) for RCC_APB2PeriphResetCmd
    stm32f10x_wwdg.o(.text) refers to stm32f10x_rcc.o(.text) for RCC_APB1PeriphResetCmd
    delay.o(.text) refers to misc.o(.text) for SysTick_CLKSourceConfig
    delay.o(.text) refers to system_stm32f10x.o(.data) for SystemCoreClock
    delay.o(.text) refers to delay.o(.data) for fac_us
    sys.o(.text) refers to misc.o(.text) for NVIC_PriorityGroupConfig
    usart.o(.text) refers (Special) to use_no_semi_2.o(.text) for __use_no_semihosting
    usart.o(.text) refers to stm32f10x_rcc.o(.text) for RCC_APB2PeriphClockCmd
    usart.o(.text) refers to stm32f10x_gpio.o(.text) for GPIO_Init
    usart.o(.text) refers to misc.o(.text) for NVIC_Init
    usart.o(.text) refers to stm32f10x_usart.o(.text) for USART_Init
    usart.o(.text) refers to usart.o(.data) for USART_RX_STA
    usart.o(.text) refers to usart.o(.bss) for USART_RX_BUF
    usart.o(.bss) refers (Special) to use_no_semi_2.o(.text) for __use_no_semihosting
    usart.o(.data) refers (Special) to use_no_semi_2.o(.text) for __use_no_semihosting
    exti.o(.text) refers to stm32f10x_rcc.o(.text) for RCC_APB2PeriphClockCmd
    exti.o(.text) refers to stm32f10x_gpio.o(.text) for GPIO_EXTILineConfig
[...]
    x$fpl$dretinf                            0x08007064   Section       12  dretinf.o(x$fpl$dretinf)
    x$fpl$drsb                               0x08007070   Section       22  daddsub_clz.o(x$fpl$drsb)
    x$fpl$dsqrt                              0x08007088   Section      460  dsqrt_noumaal.o(x$fpl$dsqrt)
    x$fpl$dsub                               0x08007254   Section      468  daddsub_clz.o(x$fpl$dsub)
    _dsub1                                   0x08007265   Thumb Code     0  daddsub_clz.o(x$fpl$dsub)
    x$fpl$f2d                                0x08007428   Section       86  f2d.o(x$fpl$f2d)
    x$fpl$fadd                               0x08007480   Section      196  faddsub_clz.o(x$fpl$fadd)
    _fadd1                                   0x0800748f   Thumb Code     0  faddsub_clz.o(x$fpl$fadd)
    x$fpl$fcmpinf                            0x08007544   Section       24  fcmpi.o(x$fpl$fcmpinf)
    x$fpl$feqf                               0x0800755c   Section      104  feqf.o(x$fpl$feqf)
    x$fpl$ffltu                              0x080075c4   Section       38  fflt_clz.o(x$fpl$ffltu)
    x$fpl$fmul                               0x080075ec   Section      258  fmul.o(x$fpl$fmul)
    x$fpl$fnaninf                            0x080076ee   Section      140  fnaninf.o(x$fpl$fnaninf)
    x$fpl$fretinf                            0x0800777a   Section       10  fretinf.o(x$fpl$fretinf)
    x$fpl$frsb                               0x08007784   Section       20  faddsub_clz.o(x$fpl$frsb)
    x$fpl$fsqrt                              0x08007798   Section      272  fsqrt.o(x$fpl$fsqrt)
    x$fpl$fsub                               0x080078a8   Section      234  faddsub_clz.o(x$fpl$fsub)
    _fsub1                                   0x080078b7   Thumb Code     0  faddsub_clz.o(x$fpl$fsub)
    x$fpl$printf1                            0x08007992   Section        4  printf1.o(x$fpl$printf1)
    x$fpl$retnan                             0x08007996   Section      100  retnan.o(x$fpl$retnan)
    x$fpl$scalbn                             0x080079fa   Section       92  scalbn.o(x$fpl$scalbn)
    x$fpl$trapveneer                         0x08007a56   Section       48  trapv.o(x$fpl$trapveneer)
    .constdata                               0x08007a86   Section       10  24l01.o(.constdata)
    x$fpl$usenofp                            0x08007a86   Section        0  usenofp.o(x$fpl$usenofp)
    .constdata                               0x08007a90   Section       80  asin.o(.constdata)
    pS                                       0x08007a90   Data          48  asin.o(.constdata)
    qS                                       0x08007ac0   Data          32  asin.o(.constdata)
    .constdata                               0x08007ae0   Section      152  atan.o(.constdata)
    atanhi                                   0x08007ae0   Data          32  atan.o(.constdata)
    atanlo                                   0x08007b00   Data          32  atan.o(.constdata)
    aTodd                                    0x08007b20   Data          40  atan.o(.constdata)
    aTeven                                   0x08007b48   Data          48  atan.o(.constdata)
    .constdata                               0x08007b78   Section       48  cos_i.o(.constdata)
    C                                        0x08007b78   Data          48  cos_i.o(.constdata)
    .constdata                               0x08007ba8   Section        8  qnan.o(.constdata)
    .constdata                               0x08007bb0   Section      200  rred.o(.constdata)
    pio2s                                    0x08007bb0   Data          48  rred.o(.constdata)
    twooverpi                                0x08007be0   Data         152  rred.o(.constdata)
    .constdata                               0x08007c78   Section       40  sin_i.o(.constdata)
    S                                        0x08007c78   Data          40  sin_i.o(.constdata)
    .constdata                               0x08007ca0   Section      148  bigflt0.o(.constdata)
    tenpwrs_x                                0x08007ca0   Data          60  bigflt0.o(.constdata)
    tenpwrs_i                                0x08007cdc   Data          64  bigflt0.o(.constdata)
    locale$$data                             0x08007d54   Section       28  lc_numeric_c.o(locale$$data)
    __lcnum_c_name                           0x08007d58   Data           2  lc_numeric_c.o(locale$$data)
    __lcnum_c_start                          0x08007d60   Data           0  lc_numeric_c.o(locale$$data)
    __lcnum_c_point                          0x08007d6c   Data           0  lc_numeric_c.o(locale$$data)
    __lcnum_c_thousands                      0x08007d6e   Data           0  lc_numeric_c.o(locale$$data)
    __lcnum_c_grouping                       0x08007d6f   Data           0  lc_numeric_c.o(locale$$data)
    __lcnum_c_end                            0x08007d70   Data           0  lc_numeric_c.o(locale$$data)
    .data                                    0x20000000   Section       20  system_stm32f10x.o(.data)
    .data                                    0x20000014   Section       20  stm32f10x_rcc.o(.data)
    APBAHBPrescTable                         0x20000014   Data          16  stm32f10x_rcc.o(.data)
    ADCPrescTable                            0x20000024   Data           4  stm32f10x_rcc.o(.data)
    .data                                    0x20000028   Section        6  delay.o(.data)
    fac_us                                   0x20000028   Data           1  delay.o(.data)
    fac_ms                                   0x2000002a   Data           2  delay.o(.data)
    i                                        0x2000002c   Data           2  delay.o(.data)
    .data                                    0x20000030   Section        8  usart.o(.data)
    .data                                    0x20000038   Section       16  hmc.o(.data)
    .data                                    0x20000048   Section       52  mpu6050.o(.data)
    .data                                    0x2000007c   Section        4  timer.o(.data)
    now                                      0x2000007c   Data           4  timer.o(.data)
    .data                                    0x20000080   Section      120  suanfa.o(.data)
    x                                        0x200000a0   Data           4  suanfa.o(.data)
    roll                                     0x200000a8   Data           8  suanfa.o(.data)
    pitch                                    0x200000b0   Data           8  suanfa.o(.data)
    yaw                                      0x200000b8   Data           8  suanfa.o(.data)
    .data                                    0x200000f8   Section        2  data_transfer.o(.data)
    i                                        0x200000f9   Data           1  data_transfer.o(.data)
    .bss                                     0x200000fc   Section      200  usart.o(.bss)
    .bss                                     0x200001c8   Section       72  mpu6050.o(.bss)
    .bss                                     0x20000210   Section       96  libspace.o(.bss)
    HEAP                                     0x20000270   Section      512  startup_stm32f10x_hd.o(HEAP)
    Heap_Mem                                 0x20000270   Data         512  startup_stm32f10x_hd.o(HEAP)
    STACK                                    0x20000470   Section     1024  startup_stm32f10x_hd.o(STACK)
    Stack_Mem                                0x20000470   Data        1024  startup_stm32f10x_hd.o(STACK)
    __initial_sp                             0x20000870   Data           0  startup_stm32f10x_hd.o(STACK)

    Global Symbols

    Symbol Name                              Value     Ov Type        Size  Object(Section)

    BuildAttributes$$THM_ISAv4$P$D$K$B$S$PE$A:L22UL41UL21$X:L11$S22US41US21$IEEE1$IW$USESV6$~STKCKD$USESV7$~SHL$OTIME$ROPI$IEEEX$EBA8$UX$STANDARDLIB$REQ8$PRES8$EABIv2 0x00000000   Number         0  anon$$obj.o ABSOLUTE
    __ARM_use_no_argv                        0x00000000   Number         0  main.o ABSOLUTE
    _printf_flags                            0x00000000   Number         0  printf_stubs.o ABSOLUTE
    _printf_return_value                     0x00000000   Number         0  printf_stubs.o ABSOLUTE
    _printf_sizespec                         0x00000000   Number         0  printf_stubs.o ABSOLUTE
    _printf_widthprec                        0x00000000   Number         0  printf_stubs.o ABSOLUTE
    __ARM_exceptions_init                     - Undefined Weak Reference
    __alloca_initialize                       - Undefined Weak Reference
    __cpp_initialize__aeabi_                  - Undefined Weak Reference
    __cxa_finalize                            - Undefined Weak Reference
    __sigvec_lookup                           - Undefined Weak Reference
    _atexit_init                              - Undefined Weak Reference
    _call_atexit_fns                          - Undefined Weak Reference
    _clock_init                               - Undefined Weak Reference
    _fp_trap_init                             - Undefined Weak Reference
    _fp_trap_shutdown                         - Undefined Weak Reference
    _get_lc_collate                           - Undefined Weak Reference
    _get_lc_ctype                             - Undefined Weak Reference
    _get_lc_monetary                          - Undefined Weak Reference
    _get_lc_time                              - Undefined Weak Reference
    _getenv_init                              - Undefined Weak Reference
    _handle_redirection                       - Undefined Weak Reference
    _init_alloc                               - Undefined Weak Reference
    _init_user_alloc                          - Undefined Weak Reference
    _initio                                   - Undefined Weak Reference
    _mutex_acquire                            - Undefined Weak Reference
    _mutex_release                            - Undefined Weak Reference
    _printf_post_padding                      - Undefined Weak Reference
    _printf_pre_padding                       - Undefined Weak Reference
    _printf_truncate_signed                   - Undefined Weak Reference
    _printf_truncate_unsigned                 - Undefined Weak Reference
    _rand_init                                - Undefined Weak Reference
    _signal_finish                            - Undefined Weak Reference
    _signal_init                              - Undefined Weak Reference
    _terminate_alloc                          - Undefined Weak Reference
    _terminate_user_alloc                     - Undefined Weak Reference
    _terminateio                              - Undefined Weak Reference
    __Vectors_Size                           0x00000130   Number         0  startup_stm32f10x_hd.o ABSOLUTE
    __Vectors                                0x08000000   Data           4  startup_stm32f10x_hd.o(RESET)
    __Vectors_End                            0x08000130   Data           0  startup_stm32f10x_hd.o(RESET)
    __main                                   0x08000131   Thumb Code     8  __main.o(!!!main)
    __scatterload                            0x08000139   Thumb Code     0  __scatter.o(!!!scatter)
    __scatterload_rt2                        0x08000139   Thumb Code    44  __scatter.o(!!!scatter)
    __scatterload_rt2_thumb_only             0x08000139   Thumb Code     0  __scatter.o(!!!scatter)
    __scatterload_null                       0x08000147   Thumb Code     0  __scatter.o(!!!scatter)
    __scatterload_copy                       0x0800016d   Thumb Code    26  __scatter_copy.o(!!handler_copy)
    __scatterload_zeroinit                   0x08000189   Thumb Code    28  __scatter_zi.o(!!handler_zi)
    _printf_f                                0x080001a5   Thumb Code     0  _printf_f.o(.ARM.Collect$$_printf_percent$$00000003)
    _printf_percent                          0x080001a5   Thumb Code     0  _printf_percent.o(.ARM.Collect$$_printf_percent$$00000000)
    _printf_d                                0x080001ab   Thumb Code     0  _printf_d.o(.ARM.Collect$$_printf_percent$$00000009)
    _printf_percent_end                      0x080001b1   Thumb Code     0  _printf_percent_end.o(.ARM.Collect$$_printf_percent$$00000017)
    __rt_lib_init                            0x080001b5   Thumb Code     0  libinit.o(.ARM.Collect$$libinit$$00000000)
    __rt_lib_init_fp_1                       0x080001b7   Thumb Code     0  libinit2.o(.ARM.Collect$$libinit$$00000002)
    __rt_lib_init_heap_1                     0x080001b7   Thumb Code     0  libinit2.o(.ARM.Collect$$libinit$$00000008)
    __rt_lib_init_lc_common                  0x080001b7   Thumb Code     0  libinit2.o(.ARM.Collect$$libinit$$0000000D)
    __rt_lib_init_rand_1                     0x080001b7   Thumb Code     0  libinit2.o(.ARM.Collect$$libinit$$0000000C)
    __rt_lib_init_user_alloc_1               0x080001b7   Thumb Code     0  libinit2.o(.ARM.Collect$$libinit$$0000000A)
    __rt_lib_init_lc_collate_1               0x080001bd   Thumb Code     0  libinit2.o(.ARM.Collect$$libinit$$0000000F)
    __rt_lib_init_lc_ctype_1                 0x080001bd   Thumb Code     0  libinit2.o(.ARM.Collect$$libinit$$00000011)
    __rt_lib_init_lc_monetary_1              0x080001bd   Thumb Code     0  libinit2.o(.ARM.Collect$$libinit$$00000013)
    __rt_lib_init_lc_numeric_2               0x080001bd   Thumb Code     0  libinit2.o(.ARM.Collect$$libinit$$00000014)
    __rt_lib_init_alloca_1                   0x080001c7   Thumb Code     0  libinit2.o(.ARM.Collect$$libinit$$0000002C)
    __rt_lib_init_argv_1                     0x080001c7   Thumb Code     0  libinit2.o(.ARM.Collect$$libinit$$0000002A)
    __rt_lib_init_atexit_1                   0x080001c7   Thumb Code     0  libinit2.o(.ARM.Collect$$libinit$$00000019)
    __rt_lib_init_clock_1                    0x080001c7   Thumb Code     0  libinit2.o(.ARM.Collect$$libinit$$0000001F)
    __rt_lib_init_cpp_1                      0x080001c7   Thumb Code     0  libinit2.o(.ARM.Collect$$libinit$$00000030)
    __rt_lib_init_exceptions_1               0x080001c7   Thumb Code     0  libinit2.o(.ARM.Collect$$libinit$$0000002E)
    __rt_lib_init_fp_trap_1                  0x080001c7   Thumb Code     0  libinit2.o(.ARM.Collect$$libinit$$0000001D)
    __rt_lib_init_getenv_1                   0x080001c7   Thumb Code     0  libinit2.o(.ARM.Collect$$libinit$$00000021)
    __rt_lib_init_lc_numeric_1               0x080001c7   Thumb Code     0  libinit2.o(.ARM.Collect$$libinit$$00000015)
    __rt_lib_init_lc_time_1                  0x080001c7   Thumb Code     0  libinit2.o(.ARM.Collect$$libinit$$00000017)
    __rt_lib_init_return                     0x080001c7   Thumb Code     0  libinit2.o(.ARM.Collect$$libinit$$00000031)
    __rt_lib_init_signal_1                   0x080001c7   Thumb Code     0  libinit2.o(.ARM.Collect$$libinit$$0000001B)
    __rt_lib_init_stdio_1                    0x080001c7   Thumb Code     0  libinit2.o(.ARM.Collect$$libinit$$00000023)
    __rt_lib_shutdown                        0x080001c9   Thumb Code     0  libshutdown.o(.ARM.Collect$$libshutdown$$00000000)
    __rt_lib_shutdown_fp_trap_1              0x080001cb   Thumb Code     0  libshutdown2.o(.ARM.Collect$$libshutdown$$00000006)
    __rt_lib_shutdown_heap_1                 0x080001cb   Thumb Code     0  libshutdown2.o(.ARM.Collect$$libshutdown$$0000000E)
    __rt_lib_shutdown_return                 0x080001cb   Thumb Code     0  libshutdown2.o(.ARM.Collect$$libshutdown$$0000000F)
    __rt_lib_shutdown_signal_1               0x080001cb   Thumb Code     0  libshutdown2.o(.ARM.Collect$$libshutdown$$00000009)
    __rt_lib_shutdown_stdio_1                0x080001cb   Thumb Code     0  libshutdown2.o(.ARM.Collect$$libshutdown$$00000003)
    __rt_lib_shutdown_user_alloc_1           0x080001cb   Thumb Code     0  libshutdown2.o(.ARM.Collect$$libshutdown$$0000000B)
    __rt_entry                               0x080001cd   Thumb Code     0  rtentry.o(.ARM.Collect$$rtentry$$00000000)
    __rt_entry_presh_1                       0x080001cd   Thumb Code     0  rtentry2.o(.ARM.Collect$$rtentry$$00000002)
    __rt_entry_sh                            0x080001cd   Thumb Code     0  rtentry4.o(.ARM.Collect$$rtentry$$00000004)
    __rt_entry_li                            0x080001d3   Thumb Code     0  rtentry2.o(.ARM.Collect$$rtentry$$0000000A)
    __rt_entry_postsh_1                      0x080001d3   Thumb Code     0  rtentry2.o(.ARM.Collect$$rtentry$$00000009)
    __rt_entry_main                          0x080001d7   Thumb Code     0  rtentry2.o(.ARM.Collect$$rtentry$$0000000D)
    __rt_entry_postli_1                      0x080001d7   Thumb Code     0  rtentry2.o(.ARM.Collect$$rtentry$$0000000C)
    __rt_exit                                0x080001df   Thumb Code     0  rtexit.o(.ARM.Collect$$rtexit$$00000000)
    __rt_exit_ls                             0x080001e1   Thumb Code     0  rtexit2.o(.ARM.Collect$$rtexit$$00000003)
    __rt_exit_prels_1                        0x080001e1   Thumb Code     0  rtexit2.o(.ARM.Collect$$rtexit$$00000002)
    __rt_exit_exit                           0x080001e5   Thumb Code     0  rtexit2.o(.ARM.Collect$$rtexit$$00000004)
    main                                     0x080001ed   Thumb Code   284  main.o(.text)
    EXTI9_5_IRQHandler                       0x08000309   Thumb Code    60  main.o(.text)
    TIM4_IRQHandler                          0x08000345   Thumb Code    20  main.o(.text)
    NMI_Handler                              0x080003b5   Thumb Code     2  stm32f10x_it.o(.text)
    HardFault_Handler                        0x080003b7   Thumb Code     4  stm32f10x_it.o(.text)
    MemManage_Handler                        0x080003bb   Thumb Code     4  stm32f10x_it.o(.text)
    BusFault_Handler                         0x080003bf   Thumb Code     4  stm32f10x_it.o(.text)
    UsageFault_Handler                       0x080003c3   Thumb Code     4  stm32f10x_it.o(.text)
    SVC_Handler                              0x080003c7   Thumb Code     2  stm32f10x_it.o(.text)
    DebugMon_Handler                         0x080003c9   Thumb Code     2  stm32f10x_it.o(.text)
    PendSV_Handler                           0x080003cb   Thumb Code     2  stm32f10x_it.o(.text)
    SysTick_Handler                          0x080003cd   Thumb Code     2  stm32f10x_it.o(.text)
    SystemInit                               0x080004ad   Thumb Code    78  system_stm32f10x.o(.text)
    SystemCoreClockUpdate                    0x080004fb   Thumb Code   142  system_stm32f10x.o(.text)
    Reset_Handler                            0x080005ad   Thumb Code     8  startup_stm32f10x_hd.o(.text)
    ADC1_2_IRQHandler                        0x080005c7   Thumb Code     0  startup_stm32f10x_hd.o(.text)
    ADC3_IRQHandler                          0x080005c7   Thumb Code     0  startup_stm32f10x_hd.o(.text)
    CAN1_RX1_IRQHandler                      0x080005c7   Thumb Code     0  startup_stm32f10x_hd.o(.text)
    CAN1_SCE_IRQHandler                      0x080005c7   Thumb Code     0  startup_stm32f10x_hd.o(.text)
    DMA1_Channel1_IRQHandler                 0x080005c7   Thumb Code     0  startup_stm32f10x_hd.o(.text)
    DMA1_Channel2_IRQHandler                 0x080005c7   Thumb Code     0  startup_stm32f10x_hd.o(.text)
    DMA1_Channel3_IRQHandler                 0x080005c7   Thumb Code     0  startup_stm32f10x_hd.o(.text)
    DMA1_Channel4_IRQHandler                 0x080005c7   Thumb Code     0  startup_stm32f10x_hd.o(.text)
    DMA1_Channel5_IRQHandler                 0x080005c7   Thumb Code     0  startup_stm32f10x_hd.o(.text)
    DMA1_Channel6_IRQHandler                 0x080005c7   Thumb Code     0  startup_stm32f10x_hd.o(.text)
    DMA1_Channel7_IRQHandler                 0x080005c7   Thumb Code     0  startup_stm32f10x_hd.o(.text)
    DMA2_Channel1_IRQHandler                 0x080005c7   Thumb Code     0  startup_stm32f10x_hd.o(.text)
    DMA2_Channel2_IRQHandler                 0x080005c7   Thumb Code     0  startup_stm32f10x_hd.o(.text)
    DMA2_Channel3_IRQHandler                 0x080005c7   Thumb Code     0  startup_stm32f10x_hd.o(.text)
    DMA2_Channel4_5_IRQHandler               0x080005c7   Thumb Code     0  startup_stm32f10x_hd.o(.text)
    EXTI0_IRQHandler                         0x080005c7   Thumb Code     0  startup_stm32f10x_hd.o(.text)
    EXTI15_10_IRQHandler                     0x080005c7   Thumb Code     0  startup_stm32f10x_hd.o(.text)
    EXTI1_IRQHandler                         0x080005c7   Thumb Code     0  startup_stm32f10x_hd.o(.text)
    EXTI2_IRQHandler                         0x080005c7   Thumb Code     0  startup_stm32f10x_hd.o(.text)
    EXTI3_IRQHandler                         0x080005c7   Thumb Code     0  startup_stm32f10x_hd.o(.text)
    EXTI4_IRQHandler                         0x080005c7   Thumb Code     0  startup_stm32f10x_hd.o(.text)
    FLASH_IRQHandler                         0x080005c7   Thumb Code     0  startup_stm32f10x_hd.o(.text)
    FSMC_IRQHandler                          0x080005c7   Thumb Code     0  startup_stm32f10x_hd.o(.text)
    I2C1_ER_IRQHandler                       0x080005c7   Thumb Code     0  startup_stm32f10x_hd.o(.text)
    I2C1_EV_IRQHandler                       0x080005c7   Thumb Code     0  startup_stm32f10x_hd.o(.text)
    I2C2_ER_IRQHandler                       0x080005c7   Thumb Code     0  startup_stm32f10x_hd.o(.text)
    I2C2_EV_IRQHandler                       0x080005c7   Thumb Code     0  startup_stm32f10x_hd.o(.text)
    PVD_IRQHandler                           0x080005c7   Thumb Code     0  startup_stm32f10x_hd.o(.text)
    RCC_IRQHandler                           0x080005c7   Thumb Code     0  startup_stm32f10x_hd.o(.text)
    RTCAlarm_IRQHandler                      0x080005c7   Thumb Code     0  startup_stm32f10x_hd.o(.text)
    RTC_IRQHandler                           0x080005c7   Thumb Code     0  startup_stm32f10x_hd.o(.text)
    SDIO_IRQHandler                          0x080005c7   Thumb Code     0  startup_stm32f10x_hd.o(.text)
    SPI1_IRQHandler                          0x080005c7   Thumb Code     0  startup_stm32f10x_hd.o(.text)
    SPI2_IRQHandler                          0x080005c7   Thumb Code     0  startup_stm32f10x_hd.o(.text)
    SPI3_IRQHandler                          0x080005c7   Thumb Code     0  startup_stm32f10x_hd.o(.text)
    TAMPER_IRQHandler                        0x080005c7   Thumb Code     0  startup_stm32f10x_hd.o(.text)
    TIM1_BRK_IRQHandler                      0x080005c7   Thumb Code     0  startup_stm32f10x_hd.o(.text)
    TIM1_CC_IRQHandler                       0x080005c7   Thumb Code     0  startup_stm32f10x_hd.o(.text)
    TIM1_TRG_COM_IRQHandler                  0x080005c7   Thumb Code     0  startup_stm32f10x_hd.o(.text)
    TIM1_UP_IRQHandler                       0x080005c7   Thumb Code     0  startup_stm32f10x_hd.o(.text)
    TIM2_IRQHandler                          0x080005c7   Thumb Code     0  startup_stm32f10x_hd.o(.text)
    TIM5_IRQHandler                          0x080005c7   Thumb Code     0  startup_stm32f10x_hd.o(.text)
    TIM6_IRQHandler                          0x080005c7   Thumb Code     0  startup_stm32f10x_hd.o(.text)
    TIM7_IRQHandler                          0x080005c7   Thumb Code     0  startup_stm32f10x_hd.o(.text)
    TIM8_BRK_IRQHandler                      0x080005c7   Thumb Code     0  startup_stm32f10x_hd.o(.text)
    TIM8_CC_IRQHandler                       0x080005c7   Thumb Code     0  startup_stm32f10x_hd.o(.text)
    TIM8_TRG_COM_IRQHandler                  0x080005c7   Thumb Code     0  startup_stm32f10x_hd.o(.text)
    TIM8_UP_IRQHandler                       0x080005c7   Thumb Code     0  startup_stm32f10x_hd.o(.text)
    UART4_IRQHandler                         0x080005c7   Thumb Code     0  startup_stm32f10x_hd.o(.text)
    UART5_IRQHandler                         0x080005c7   Thumb Code     0  startup_stm32f10x_hd.o(.text)
    USART2_IRQHandler                        0x080005c7   Thumb Code     0  startup_stm32f10x_hd.o(.text)
    USART3_IRQHandler                        0x080005c7   Thumb Code     0  startup_stm32f10x_hd.o(.text)
    USBWakeUp_IRQHandler                     0x080005c7   Thumb Code     0  startup_stm32f10x_hd.o(.text)
    USB_HP_CAN1_TX_IRQHandler                0x080005c7   Thumb Code     0  startup_stm32f10x_hd.o(.text)
    USB_LP_CAN1_RX0_IRQHandler               0x080005c7   Thumb Code     0  startup_stm32f10x_hd.o(.text)
    WWDG_IRQHandler                          0x080005c7   Thumb Code     0  startup_stm32f10x_hd.o(.text)
    __user_initial_stackheap                 0x080005c9   Thumb Code     0  startup_stm32f10x_hd.o(.text)
    NVIC_PriorityGroupConfig                 0x080005ed   Thumb Code    10  misc.o(.text)
    NVIC_Init                                0x080005f7   Thumb Code   102  misc.o(.text)
    NVIC_SetVectorTable                      0x0800065d   Thumb Code    14  misc.o(.text)
    NVIC_SystemLPConfig                      0x0800066b   Thumb Code    34  misc.o(.text)
    SysTick_CLKSourceConfig                  0x0800068d   Thumb Code    40  misc.o(.text)
    EXTI_DeInit                              0x080006c9   Thumb Code    28  stm32f10x_exti.o(.text)
    EXTI_Init                                0x080006e5   Thumb Code   142  stm32f10x_exti.o(.text)
    EXTI_StructInit                          0x08000773   Thumb Code    16  stm32f10x_exti.o(.text)
    EXTI_GenerateSWInterrupt                 0x08000783   Thumb Code    16  stm32f10x_exti.o(.text)
    EXTI_GetFlagStatus                       0x08000793   Thumb Code    22  stm32f10x_exti.o(.text)
    EXTI_ClearFlag                           0x080007a9   Thumb Code     8  stm32f10x_exti.o(.text)
    EXTI_GetITStatus                         0x080007b1   Thumb Code    34  stm32f10x_exti.o(.text)
    EXTI_ClearITPendingBit                   0x080007d3   Thumb Code     8  stm32f10x_exti.o(.text)
    GPIO_DeInit                              0x080007e5   Thumb Code   172  stm32f10x_gpio.o(.text)
    GPIO_AFIODeInit                          0x08000891   Thumb Code    20  stm32f10x_gpio.o(.text)
    GPIO_Init                                0x080008a5   Thumb Code   274  stm32f10x_gpio.o(.text)
    GPIO_StructInit                          0x080009b7   Thumb Code    16  stm32f10x_gpio.o(.text)
    GPIO_ReadInputDataBit                    0x080009c7   Thumb Code    18  stm32f10x_gpio.o(.text)
    GPIO_ReadInputData                       0x080009d9   Thumb Code     8  stm32f10x_gpio.o(.text)
    GPIO_ReadOutputDataBit                   0x080009e1   Thumb Code    18  stm32f10x_gpio.o(.text)
    GPIO_ReadOutputData                      0x080009f3   Thumb Code     8  stm32f10x_gpio.o(.text)
    GPIO_SetBits                             0x080009fb   Thumb Code     4  stm32f10x_gpio.o(.text)
    GPIO_ResetBits                           0x080009ff   Thumb Code     4  stm32f10x_gpio.o(.text)
    GPIO_WriteBit                            0x08000a03   Thumb Code    10  stm32f10x_gpio.o(.text)
    GPIO_Write                               0x08000a0d   Thumb Code     4  stm32f10x_gpio.o(.text)
    GPIO_PinLockConfig                       0x08000a11   Thumb Code    18  stm32f10x_gpio.o(.text)
    GPIO_EventOutputConfig                   0x08000a23   Thumb Code    26  stm32f10x_gpio.o(.text)
    GPIO_EventOutputCmd                      0x08000a3d   Thumb Code     6  stm32f10x_gpio.o(.text)
    GPIO_PinRemapConfig                      0x08000a43   Thumb Code   138  stm32f10x_gpio.o(.text)
    GPIO_EXTILineConfig                      0x08000acd   Thumb Code    66  stm32f10x_gpio.o(.text)
    GPIO_ETH_MediaInterfaceConfig            0x08000b0f   Thumb Code     6  stm32f10x_gpio.o(.text)
    RCC_DeInit                               0x08000b3d   Thumb Code    64  stm32f10x_rcc.o(.text)
    RCC_HSEConfig                            0x08000b7d   Thumb Code    70  stm32f10x_rcc.o(.text)
    RCC_GetFlagStatus                        0x08000bc3   Thumb Code    56  stm32f10x_rcc.o(.text)
    RCC_WaitForHSEStartUp                    0x08000bfb   Thumb Code    56  stm32f10x_rcc.o(.text)
    RCC_AdjustHSICalibrationValue            0x08000c33   Thumb Code    20  stm32f10x_rcc.o(.text)
    RCC_HSICmd                               0x08000c47   Thumb Code     6  stm32f10x_rcc.o(.text)
    RCC_PLLConfig                            0x08000c4d   Thumb Code    24  stm32f10x_rcc.o(.text)
    RCC_PLLCmd                               0x08000c65   Thumb Code     6  stm32f10x_rcc.o(.text)
    RCC_SYSCLKConfig                         0x08000c6b   Thumb Code    18  stm32f10x_rcc.o(.text)
    RCC_GetSYSCLKSource                      0x08000c7d   Thumb Code    10  stm32f10x_rcc.o(.text)
    RCC_HCLKConfig                           0x08000c87   Thumb Code    18  stm32f10x_rcc.o(.text)
    RCC_PCLK1Config                          0x08000c99   Thumb Code    18  stm32f10x_rcc.o(.text)
    RCC_PCLK2Config                          0x08000cab   Thumb Code    20  stm32f10x_rcc.o(.text)
    RCC_ITConfig                             0x08000cbf   Thumb Code    26  stm32f10x_rcc.o(.text)
    RCC_USBCLKConfig                         0x08000cd9   Thumb Code     6  stm32f10x_rcc.o(.text)
    RCC_ADCCLKConfig                         0x08000cdf   Thumb Code    18  stm32f10x_rcc.o(.text)
    RCC_LSEConfig                            0x08000cf1   Thumb Code    44  stm32f10x_rcc.o(.text)
    RCC_LSICmd                               0x08000d1d   Thumb Code     6  stm32f10x_rcc.o(.text)
    RCC_RTCCLKConfig                         0x08000d23   Thumb Code    12  stm32f10x_rcc.o(.text)
    RCC_RTCCLKCmd                            0x08000d2f   Thumb Code     8  stm32f10x_rcc.o(.text)
    RCC_GetClocksFreq                        0x08000d37   Thumb Code   192  stm32f10x_rcc.o(.text)
    RCC_AHBPeriphClockCmd                    0x08000df7   Thumb Code    26  stm32f10x_rcc.o(.text)
    RCC_APB2PeriphClockCmd                   0x08000e11   Thumb Code    26  stm32f10x_rcc.o(.text)
    RCC_APB1PeriphClockCmd                   0x08000e2b   Thumb Code    26  stm32f10x_rcc.o(.text)
    RCC_APB2PeriphResetCmd                   0x08000e45   Thumb Code    26  stm32f10x_rcc.o(.text)
    RCC_APB1PeriphResetCmd                   0x08000e5f   Thumb Code    26  stm32f10x_rcc.o(.text)
    RCC_BackupResetCmd                       0x08000e79   Thumb Code     8  stm32f10x_rcc.o(.text)
    RCC_ClockSecuritySystemCmd               0x08000e81   Thumb Code     6  stm32f10x_rcc.o(.text)
    RCC_MCOConfig                            0x08000e87   Thumb Code     6  stm32f10x_rcc.o(.text)
    RCC_ClearFlag                            0x08000e8d   Thumb Code    14  stm32f10x_rcc.o(.text)
    RCC_GetITStatus                          0x08000e9b   Thumb Code    20  stm32f10x_rcc.o(.text)
    RCC_ClearITPendingBit                    0x08000eaf   Thumb Code     6  stm32f10x_rcc.o(.text)
    SPI_I2S_DeInit                           0x08000ee1   Thumb Code    76  stm32f10x_spi.o(.text)
    SPI_Init                                 0x08000f2d   Thumb Code    60  stm32f10x_spi.o(.text)
    I2S_Init                                 0x08000f69   Thumb Code   226  stm32f10x_spi.o(.text)
    SPI_StructInit                           0x0800104b   Thumb Code    24  stm32f10x_spi.o(.text)
    I2S_StructInit                           0x08001063   Thumb Code    20  stm32f10x_spi.o(.text)
    SPI_Cmd                                  0x08001077   Thumb Code    24  stm32f10x_spi.o(.text)
    I2S_Cmd                                  0x0800108f   Thumb Code    24  stm32f10x_spi.o(.text)
    SPI_I2S_ITConfig                         0x080010a7   Thumb Code    32  stm32f10x_spi.o(.text)
    SPI_I2S_DMACmd                           0x080010c7   Thumb Code    18  stm32f10x_spi.o(.text)
    SPI_I2S_SendData                         0x080010d9   Thumb Code     4  stm32f10x_spi.o(.text)
    SPI_I2S_ReceiveData                      0x080010dd   Thumb Code     6  stm32f10x_spi.o(.text)
    SPI_NSSInternalSoftwareConfig            0x080010e3   Thumb Code    30  stm32f10x_spi.o(.text)
    SPI_SSOutputCmd                          0x08001101   Thumb Code    24  stm32f10x_spi.o(.text)
    SPI_DataSizeConfig                       0x08001119   Thumb Code    18  stm32f10x_spi.o(.text)
    SPI_TransmitCRC                          0x0800112b   Thumb Code    10  stm32f10x_spi.o(.text)
    SPI_CalculateCRC                         0x08001135   Thumb Code    24  stm32f10x_spi.o(.text)
    SPI_GetCRC                               0x0800114d   Thumb Code    16  stm32f10x_spi.o(.text)
    SPI_GetCRCPolynomial                     0x0800115d   Thumb Code     6  stm32f10x_spi.o(.text)
    SPI_BiDirectionalLineConfig              0x08001163   Thumb Code    28  stm32f10x_spi.o(.text)
    SPI_I2S_GetFlagStatus                    0x0800117f   Thumb Code    18  stm32f10x_spi.o(.text)
    SPI_I2S_ClearFlag                        0x08001191   Thumb Code     6  stm32f10x_spi.o(.text)
    SPI_I2S_GetITStatus                      0x08001197   Thumb Code    52  stm32f10x_spi.o(.text)
    SPI_I2S_ClearITPendingBit                0x080011cb   Thumb Code    20  stm32f10x_spi.o(.text)
    TIM_DeInit                               0x080011ed   Thumb Code   424  stm32f10x_tim.o(.text)
    TIM_TimeBaseInit                         0x08001395   Thumb Code   122  stm32f10x_tim.o(.text)
    TIM_OC1Init                              0x0800140f   Thumb Code   132  stm32f10x_tim.o(.text)
    TIM_OC2Init                              0x08001493   Thumb Code   154  stm32f10x_tim.o(.text)
    TIM_OC3Init                              0x0800152d   Thumb Code   150  stm32f10x_tim.o(.text)
    TIM_OC4Init                              0x080015c3   Thumb Code   182  stm32f10x_tim.o(.text)
    TIM_SetIC4Prescaler                      0x08001679   Thumb Code    26  stm32f10x_tim.o(.text)
    TIM_SetIC3Prescaler                      0x08001715   Thumb Code    18  stm32f10x_tim.o(.text)
    TIM_SetIC2Prescaler                      0x080017a1   Thumb Code    26  stm32f10x_tim.o(.text)
    TIM_SetIC1Prescaler                      0x0800183d   Thumb Code    18  stm32f10x_tim.o(.text)
    TIM_ICInit                               0x080018bb   Thumb Code   150  stm32f10x_tim.o(.text)
    TIM_PWMIConfig                           0x08001951   Thumb Code   124  stm32f10x_tim.o(.text)
    TIM_BDTRConfig                           0x080019cd   Thumb Code    32  stm32f10x_tim.o(.text)
    TIM_TimeBaseStructInit                   0x080019ed   Thumb Code    18  stm32f10x_tim.o(.text)
    TIM_OCStructInit                         0x080019ff   Thumb Code    20  stm32f10x_tim.o(.text)
    TIM_ICStructInit                         0x08001a13   Thumb Code    18  stm32f10x_tim.o(.text)
    TIM_BDTRStructInit                       0x08001a25   Thumb Code    40  stm32f10x_tim.o(.text)
    TIM_Cmd                                  0x08001a4d   Thumb Code    24  stm32f10x_tim.o(.text)
    TIM_CtrlPWMOutputs                       0x08001a65   Thumb Code    30  stm32f10x_tim.o(.text)
    TIM_ITConfig                             0x08001a83   Thumb Code    18  stm32f10x_tim.o(.text)
    TIM_GenerateEvent                        0x08001a95   Thumb Code     4  stm32f10x_tim.o(.text)
    TIM_DMAConfig                            0x08001a99   Thumb Code    10  stm32f10x_tim.o(.text)
    TIM_DMACmd                               0x08001aa3   Thumb Code    18  stm32f10x_tim.o(.text)
    TIM_InternalClockConfig                  0x08001ab5   Thumb Code    12  stm32f10x_tim.o(.text)
    TIM_SelectInputTrigger                   0x08001ac1   Thumb Code    18  stm32f10x_tim.o(.text)
    TIM_ITRxExternalClockConfig              0x08001ad3   Thumb Code    24  stm32f10x_tim.o(.text)
    TIM_TIxExternalClockConfig               0x08001aeb   Thumb Code    62  stm32f10x_tim.o(.text)
    TIM_ETRConfig                            0x08001b29   Thumb Code    28  stm32f10x_tim.o(.text)
    TIM_ETRClockMode1Config                  0x08001b45   Thumb Code    54  stm32f10x_tim.o(.text)
    TIM_ETRClockMode2Config                  0x08001b7b   Thumb Code    32  stm32f10x_tim.o(.text)
    TIM_PrescalerConfig                      0x08001b9b   Thumb Code     6  stm32f10x_tim.o(.text)
    TIM_CounterModeConfig                    0x08001ba1   Thumb Code    18  stm32f10x_tim.o(.text)
    TIM_EncoderInterfaceConfig               0x08001bb3   Thumb Code    66  stm32f10x_tim.o(.text)
    TIM_ForcedOC1Config                      0x08001bf5   Thumb Code    18  stm32f10x_tim.o(.text)
    TIM_ForcedOC2Config                      0x08001c07   Thumb Code    26  stm32f10x_tim.o(.text)
    TIM_ForcedOC3Config                      0x08001c21   Thumb Code    18  stm32f10x_tim.o(.text)
    TIM_ForcedOC4Config                      0x08001c33   Thumb Code    26  stm32f10x_tim.o(.text)
    TIM_ARRPreloadConfig                     0x08001c4d   Thumb Code    24  stm32f10x_tim.o(.text)
    TIM_SelectCOM                            0x08001c65   Thumb Code    24  stm32f10x_tim.o(.text)
    TIM_SelectCCDMA                          0x08001c7d   Thumb Code    24  stm32f10x_tim.o(.text)
    TIM_CCPreloadControl                     0x08001c95   Thumb Code    24  stm32f10x_tim.o(.text)
    TIM_OC1PreloadConfig                     0x08001cad   Thumb Code    18  stm32f10x_tim.o(.text)
    TIM_OC2PreloadConfig                     0x08001cbf   Thumb Code    26  stm32f10x_tim.o(.text)
    TIM_OC3PreloadConfig                     0x08001cd9   Thumb Code    18  stm32f10x_tim.o(.text)
    TIM_OC4PreloadConfig                     0x08001ceb   Thumb Code    26  stm32f10x_tim.o(.text)
    TIM_OC1FastConfig                        0x08001d05   Thumb Code    18  stm32f10x_tim.o(.text)
    TIM_OC2FastConfig                        0x08001d17   Thumb Code    26  stm32f10x_tim.o(.text)
    TIM_OC3FastConfig                        0x08001d31   Thumb Code    18  stm32f10x_tim.o(.text)
    TIM_OC4FastConfig                        0x08001d43   Thumb Code    26  stm32f10x_tim.o(.text)
    TIM_ClearOC1Ref                          0x08001d5d   Thumb Code    18  stm32f10x_tim.o(.text)
    TIM_ClearOC2Ref                          0x08001d6f   Thumb Code    24  stm32f10x_tim.o(.text)
    TIM_ClearOC3Ref                          0x08001d87   Thumb Code    18  stm32f10x_tim.o(.text)
    TIM_ClearOC4Ref                          0x08001d99   Thumb Code    24  stm32f10x_tim.o(.text)
    TIM_OC1PolarityConfig                    0x08001db1   Thumb Code    18  stm32f10x_tim.o(.text)
    TIM_OC1NPolarityConfig                   0x08001dc3   Thumb Code    18  stm32f10x_tim.o(.text)
    TIM_OC2PolarityConfig                    0x08001dd5   Thumb Code    26  stm32f10x_tim.o(.text)
    TIM_OC2NPolarityConfig                   0x08001def   Thumb Code    26  stm32f10x_tim.o(.text)
    TIM_OC3PolarityConfig                    0x08001e09   Thumb Code    26  stm32f10x_tim.o(.text)
    TIM_OC3NPolarityConfig                   0x08001e23   Thumb Code    26  stm32f10x_tim.o(.text)
    TIM_OC4PolarityConfig                    0x08001e3d   Thumb Code    26  stm32f10x_tim.o(.text)
    TIM_CCxCmd                               0x08001e57   Thumb Code    30  stm32f10x_tim.o(.text)
    TIM_CCxNCmd                              0x08001e75   Thumb Code    30  stm32f10x_tim.o(.text)
    TIM_SelectOCxM                           0x08001e93   Thumb Code    82  stm32f10x_tim.o(.text)
    TIM_UpdateDisableConfig                  0x08001ee5   Thumb Code    24  stm32f10x_tim.o(.text)
    TIM_UpdateRequestConfig                  0x08001efd   Thumb Code    24  stm32f10x_tim.o(.text)
    TIM_SelectHallSensor                     0x08001f15   Thumb Code    24  stm32f10x_tim.o(.text)
    TIM_SelectOnePulseMode                   0x08001f2d   Thumb Code    18  stm32f10x_tim.o(.text)
    TIM_SelectOutputTrigger                  0x08001f3f   Thumb Code    18  stm32f10x_tim.o(.text)
    TIM_SelectSlaveMode                      0x08001f51   Thumb Code    18  stm32f10x_tim.o(.text)
    TIM_SelectMasterSlaveMode                0x08001f63   Thumb Code    18  stm32f10x_tim.o(.text)
    TIM_SetCounter                           0x08001f75   Thumb Code     4  stm32f10x_tim.o(.text)
    TIM_SetAutoreload                        0x08001f79   Thumb Code     4  stm32f10x_tim.o(.text)
    TIM_SetCompare1                          0x08001f7d   Thumb Code     4  stm32f10x_tim.o(.text)
    TIM_SetCompare2                          0x08001f81   Thumb Code     4  stm32f10x_tim.o(.text)
    TIM_SetCompare3                          0x08001f85   Thumb Code     4  stm32f10x_tim.o(.text)
    TIM_SetCompare4                          0x08001f89   Thumb Code     6  stm32f10x_tim.o(.text)
    TIM_SetClockDivision                     0x08001f8f   Thumb Code    18  stm32f10x_tim.o(.text)
    TIM_GetCapture1                          0x08001fa1   Thumb Code     6  stm32f10x_tim.o(.text)
    TIM_GetCapture2                          0x08001fa7   Thumb Code     6  stm32f10x_tim.o(.text)
    TIM_GetCapture3                          0x08001fad   Thumb Code     6  stm32f10x_tim.o(.text)
    TIM_GetCapture4                          0x08001fb3   Thumb Code     8  stm32f10x_tim.o(.text)
    TIM_GetCounter                           0x08001fbb   Thumb Code     6  stm32f10x_tim.o(.text)
    TIM_GetPrescaler                         0x08001fc1   Thumb Code     6  stm32f10x_tim.o(.text)
    TIM_GetFlagStatus                        0x08001fc7   Thumb Code    18  stm32f10x_tim.o(.text)
    TIM_ClearFlag                            0x08001fd9   Thumb Code     6  stm32f10x_tim.o(.text)
    TIM_GetITStatus                          0x08001fdf   Thumb Code    34  stm32f10x_tim.o(.text)
    TIM_ClearITPendingBit                    0x08002001   Thumb Code     6  stm32f10x_tim.o(.text)
    USART_DeInit                             0x08002009   Thumb Code   134  stm32f10x_usart.o(.text)
    USART_Init                               0x0800208f   Thumb Code   210  stm32f10x_usart.o(.text)
    USART_StructInit                         0x08002161   Thumb Code    24  stm32f10x_usart.o(.text)
    USART_ClockInit                          0x08002179   Thumb Code    34  stm32f10x_usart.o(.text)
    USART_ClockStructInit                    0x0800219b   Thumb Code    12  stm32f10x_usart.o(.text)
    USART_Cmd                                0x080021a7   Thumb Code    24  stm32f10x_usart.o(.text)
    USART_ITConfig                           0x080021bf   Thumb Code    74  stm32f10x_usart.o(.text)
    USART_DMACmd                             0x08002209   Thumb Code    18  stm32f10x_usart.o(.text)
    USART_SetAddress                         0x0800221b   Thumb Code    18  stm32f10x_usart.o(.text)
    USART_WakeUpConfig                       0x0800222d   Thumb Code    18  stm32f10x_usart.o(.text)
    USART_ReceiverWakeUpCmd                  0x0800223f   Thumb Code    24  stm32f10x_usart.o(.text)
    USART_LINBreakDetectLengthConfig         0x08002257   Thumb Code    18  stm32f10x_usart.o(.text)
    USART_LINCmd                             0x08002269   Thumb Code    24  stm32f10x_usart.o(.text)
    USART_SendData                           0x08002281   Thumb Code     8  stm32f10x_usart.o(.text)
    USART_ReceiveData                        0x08002289   Thumb Code    10  stm32f10x_usart.o(.text)
    USART_SendBreak                          0x08002293   Thumb Code    10  stm32f10x_usart.o(.text)
    USART_SetGuardTime                       0x0800229d   Thumb Code    16  stm32f10x_usart.o(.text)
    USART_SetPrescaler                       0x080022ad   Thumb Code    16  stm32f10x_usart.o(.text)
    USART_SmartCardCmd                       0x080022bd   Thumb Code    24  stm32f10x_usart.o(.text)
    USART_SmartCardNACKCmd                   0x080022d5   Thumb Code    24  stm32f10x_usart.o(.text)
    USART_HalfDuplexCmd                      0x080022ed   Thumb Code    24  stm32f10x_usart.o(.text)
    USART_OverSampling8Cmd                   0x08002305   Thumb Code    22  stm32f10x_usart.o(.text)
    USART_OneBitMethodCmd                    0x0800231b   Thumb Code    24  stm32f10x_usart.o(.text)
    USART_IrDAConfig                         0x08002333   Thumb Code    18  stm32f10x_usart.o(.text)
    USART_IrDACmd                            0x08002345   Thumb Code    24  stm32f10x_usart.o(.text)
    USART_GetFlagStatus                      0x0800235d   Thumb Code    26  stm32f10x_usart.o(.text)
    USART_ClearFlag                          0x08002377   Thumb Code    18  stm32f10x_usart.o(.text)
    USART_GetITStatus                        0x08002389   Thumb Code    84  stm32f10x_usart.o(.text)
    USART_ClearITPendingBit                  0x080023dd   Thumb Code    52  stm32f10x_usart.o(.text)
    delay_init                               0x08002411   Thumb Code    50  delay.o(.text)
    delay_us                                 0x08002443   Thumb Code    70  delay.o(.text)
    delay_ms                                 0x08002489   Thumb Code    70  delay.o(.text)
    delay_N_ms                               0x080024cf   Thumb Code    40  delay.o(.text)
    NVIC_Configuration                       0x0800250d   Thumb Code    12  sys.o(.text)
    _sys_exit                                0x08002519   Thumb Code     6  usart.o(.text)
    fputc                                    0x0800251f   Thumb Code    22  usart.o(.text)
    uart_init                                0x08002535   Thumb Code   152  usart.o(.text)
    USART1_IRQHandler                        0x080025cd   Thumb Code   122  usart.o(.text)
    EXTIX_Init                               0x08002659   Thumb Code    76  exti.o(.text)
    HMC5883ReadID                            0x080026a5   Thumb Code    62  hmc.o(.text)
    Init_HMC5883                             0x080026e3   Thumb Code    24  hmc.o(.text)
    Multiple_read_HMC5883                    0x080026fb   Thumb Code    86  hmc.o(.text)
    CombineData_Hmc                          0x08002751   Thumb Code    44  hmc.o(.text)
    Multiple_read_HMC5883_2                  0x0800277d   Thumb Code   120  hmc.o(.text)
    Correct_yaw                              0x080027f5   Thumb Code   344  hmc.o(.text)
    IIC_Start                                0x08002999   Thumb Code    68  myiic.o(.text)
    IIC_Stop                                 0x080029dd   Thumb Code    66  myiic.o(.text)
    IIC_Wait_Ack                             0x08002a1f   Thumb Code    88  myiic.o(.text)
    IIC_Ack                                  0x08002a77   Thumb Code    72  myiic.o(.text)
    IIC_NAck                                 0x08002abf   Thumb Code    72  myiic.o(.text)
    IIC_Send_Byte                            0x08002b07   Thumb Code    96  myiic.o(.text)
    IIC_Read_Byte                            0x08002b67   Thumb Code    98  myiic.o(.text)
    IIC_Write_Buffer                         0x08002bc9   Thumb Code    94  myiic.o(.text)
    IIC_Write                                0x08002c27   Thumb Code    38  myiic.o(.text)
    IIC_Read_Buffer                          0x08002c4d   Thumb Code   116  myiic.o(.text)
    IIC_Read                                 0x08002cc1   Thumb Code    38  myiic.o(.text)
    IIC_Read_Single                          0x08002ce7   Thumb Code    62  myiic.o(.text)
    IIC_WriteOneByte                         0x08002d25   Thumb Code    60  myiic.o(.text)
    IIC_Init                                 0x08002d61   Thumb Code    64  myiic.o(.text)
    LED_Init                                 0x08002da1   Thumb Code    76  led.o(.text)
    Only_Led0                                0x08002ded   Thumb Code    28  led.o(.text)
    Only_Led1                                0x08002e09   Thumb Code    32  led.o(.text)
    Only_Led2                                0x08002e29   Thumb Code    32  led.o(.text)
    Only_Led3                                0x08002e49   Thumb Code    28  led.o(.text)
    InitMPU6050                              0x08002e79   Thumb Code    82  mpu6050.o(.text)
    MPU6050ReadID                            0x08002ecb   Thumb Code    16  mpu6050.o(.text)
    CombineData                              0x08002edb   Thumb Code    44  mpu6050.o(.text)
    GetData                                  0x08002f07   Thumb Code    94  mpu6050.o(.text)
    Data_Trans                               0x08002f65   Thumb Code   214  mpu6050.o(.text)
    Data_Pare                                0x0800303b   Thumb Code    12  mpu6050.o(.text)
    NRF24L01_Init                            0x0800306d   Thumb Code   174  24l01.o(.text)
    NRF24L01_Read_Buf                        0x0800311b   Thumb Code    56  24l01.o(.text)
    NRF24L01_Write_Buf                       0x08003153   Thumb Code    56  24l01.o(.text)
    NRF24L01_Check                           0x0800318b   Thumb Code    72  24l01.o(.text)
    NRF24L01_Write_Reg                       0x080031d3   Thumb Code    38  24l01.o(.text)
    NRF24L01_Read_Reg                        0x080031f9   Thumb Code    36  24l01.o(.text)
    NRF24L01_TxPacket                        0x0800321d   Thumb Code    98  24l01.o(.text)
    NRF24L01_RxPacket                        0x0800327f   Thumb Code    42  24l01.o(.text)
    NRF24L01_RX_Mode                         0x080032a9   Thumb Code    86  24l01.o(.text)
    NRF24L01_TX_Mode                         0x080032ff   Thumb Code    90  24l01.o(.text)
    TIM2_PWM_Init                            0x08003389   Thumb Code   258  pwm.o(.text)
    MM_Set                                   0x0800348b   Thumb Code    44  pwm.o(.text)
    M1_Set                                   0x080034b7   Thumb Code     6  pwm.o(.text)
    M2_Set                                   0x080034bd   Thumb Code     8  pwm.o(.text)
    M3_Set                                   0x080034c5   Thumb Code     8  pwm.o(.text)
    M4_Set                                   0x080034cd   Thumb Code     8  pwm.o(.text)
    SPI1_ReadWriteByte                       0x080034dd   Thumb Code    78  spi.o(.text)
    SPI1_Init                                0x0800352b   Thumb Code   130  spi.o(.text)
    SPI1_SetSpeed                            0x080035ad   Thumb Code    36  spi.o(.text)
    TIM3_Int_Init                            0x080035d9   Thumb Code    90  timer.o(.text)
    GET_NOWTIME                              0x08003633   Thumb Code    44  timer.o(.text)
    TIM3_IRQHandler                          0x0800365f   Thumb Code    28  timer.o(.text)
    TIM4_Int_Init                            0x0800367b   Thumb Code    90  timer.o(.text)
    invSqrt                                  0x080036f1   Thumb Code    72  suanfa.o(.text)
    IMU_init                                 0x08003739   Thumb Code    74  suanfa.o(.text)
    IMU_AHRSupdate                           0x08003783   Thumb Code  2054  suanfa.o(.text)
    MPUpDate                                 0x08003f89   Thumb Code  1188  suanfa.o(.text)
    EularAngle_calculate                     0x0800442d   Thumb Code   500  suanfa.o(.text)
    suanfa_GetOrigin                         0x08004621   Thumb Code   384  suanfa.o(.text)
    suanfa                                   0x080047a1   Thumb Code   116  suanfa.o(.text)
    __use_no_semihosting                     0x08004895   Thumb Code     2  use_no_semi_2.o(.text)
    __2printf                                0x08004899   Thumb Code    20  noretval__2printf.o(.text)
    _printf_int_dec                          0x080048b1   Thumb Code   102  _printf_dec.o(.text)
    __printf                                 0x08004929   Thumb Code   352  __printf_ss_wp.o(.text)
    __use_two_region_memory                  0x08004a89   Thumb Code     2  heapauxi.o(.text)
    __rt_heap_escrow$2region                 0x08004a8b   Thumb Code     2  heapauxi.o(.text)
    __rt_heap_expand$2region                 0x08004a8d   Thumb Code     2  heapauxi.o(.text)
    __I$use$semihosting                      0x08004a8f   Thumb Code     0  use_no_semi.o(.text)
    __use_no_semihosting_swi                 0x08004a8f   Thumb Code     2  use_no_semi.o(.text)
    __read_errno                             0x08004a91   Thumb Code    10  _rserrno.o(.text)
    __set_errno                              0x08004a9b   Thumb Code    12  _rserrno.o(.text)
    _printf_int_common                       0x08004aa7   Thumb Code   184  _printf_intcommon.o(.text)
    __lib_sel_fp_printf                      0x08004b5f   Thumb Code     2  _printf_fp_dec.o(.text)
    _printf_fp_dec_real                      0x08004d0b   Thumb Code   628  _printf_fp_dec.o(.text)
    _printf_char_file                        0x08004f81   Thumb Code    32  _printf_char_file.o(.text)
    __rt_locale                              0x08004fa5   Thumb Code     8  rt_locale_intlibspace.o(.text)
    __aeabi_errno_addr                       0x08004fad   Thumb Code     8  rt_errno_addr_intlibspace.o(.text)
    __errno$intlibspace                      0x08004fad   Thumb Code     0  rt_errno_addr_intlibspace.o(.text)
    __rt_errno_addr$intlibspace              0x08004fad   Thumb Code     0  rt_errno_addr_intlibspace.o(.text)
    _ll_udiv10                               0x08004fb5   Thumb Code   138  lludiv10.o(.text)
    _printf_char_common                      0x0800504b   Thumb Code    32  _printf_char_common.o(.text)
    _printf_fp_infnan                        0x08005071   Thumb Code   112  _printf_fp_infnan.o(.text)
    _btod_etento                             0x080050f1   Thumb Code   222  bigflt0.o(.text)
    ferror                                   0x080051d5   Thumb Code     8  ferror.o(.text)
    __user_libspace                          0x080051dd   Thumb Code     8  libspace.o(.text)
    __user_perproc_libspace                  0x080051dd   Thumb Code     0  libspace.o(.text)
    __user_perthread_libspace                0x080051dd   Thumb Code     0  libspace.o(.text)
    __user_setup_stackheap                   0x080051e5   Thumb Code    74  sys_stackheap_outer.o(.text)
    exit                                     0x0800522f   Thumb Code    12  exit.o(.text)
    strcmp                                   0x0800523d   Thumb Code   128  strcmpv7m.o(.text)
    _btod_d2e                                0x080052bd   Thumb Code    62  btod.o(CL$$btod_d2e)
    _d2e_denorm_low                          0x080052fb   Thumb Code    70  btod.o(CL$$btod_d2e_denorm_low)
    _d2e_norm_op1                            0x08005341   Thumb Code    96  btod.o(CL$$btod_d2e_norm_op1)
    __btod_div_common                        0x080053a1   Thumb Code   696  btod.o(CL$$btod_div_common)
    _e2e                                     0x080056d9   Thumb Code   198  btod.o(CL$$btod_e2e)
    _btod_ediv                               0x0800579f   Thumb Code    40  btod.o(CL$$btod_ediv)
    _btod_emul                               0x080057c7   Thumb Code    40  btod.o(CL$$btod_emul)
    __btod_mult_common                       0x080057ef   Thumb Code   580  btod.o(CL$$btod_mult_common)
    __ARM_fpclassify                         0x08005a33   Thumb Code    40  fpclassify.o(i.__ARM_fpclassify)
    __ieee754_rem_pio2                       0x08005a5d   Thumb Code   832  rred.o(i.__ieee754_rem_pio2)
    __kernel_cos                             0x08005de5   Thumb Code   230  cos_i.o(i.__kernel_cos)
    __kernel_poly                            0x08005ee1   Thumb Code   170  poly.o(i.__kernel_poly)
    __kernel_sin                             0x08005f8d   Thumb Code   224  sin_i.o(i.__kernel_sin)
    __mathlib_dbl_underflow                  0x08006079   Thumb Code    10  dunder.o(i.__mathlib_dbl_underflow)
    _is_digit                                0x08006089   Thumb Code    14  __printf_wp.o(i._is_digit)
    asin                                     0x08006099   Thumb Code   584  asin.o(i.asin)
    atan                                     0x08006315   Thumb Code   478  atan.o(i.atan)
    atan2                                    0x08006539   Thumb Code   346  atan2.o(i.atan2)
    cos                                      0x080066b9   Thumb Code   164  cos.o(i.cos)
    sin                                      0x08006765   Thumb Code   166  sin.o(i.sin)
    sqrt                                     0x08006815   Thumb Code    78  sqrt.o(i.sqrt)
    sqrtf                                    0x08006863   Thumb Code    44  sqrtf.o(i.sqrtf)
    _get_lc_numeric                          0x08006891   Thumb Code    44  lc_numeric_c.o(locale$$code)
    __aeabi_d2f                              0x080068bd   Thumb Code     0  d2f.o(x$fpl$d2f)
    _d2f                                     0x080068bd   Thumb Code    98  d2f.o(x$fpl$d2f)
    __aeabi_dadd                             0x08006921   Thumb Code     0  daddsub_clz.o(x$fpl$dadd)
    _dadd                                    0x08006921   Thumb Code   332  daddsub_clz.o(x$fpl$dadd)
    __fpl_dcheck_NaN1                        0x08006a71   Thumb Code    10  dcheck1.o(x$fpl$dcheck1)
    __fpl_dcmp_Inf                           0x08006a81   Thumb Code    24  dcmpi.o(x$fpl$dcmpinf)
    __aeabi_ddiv                             0x08006a99   Thumb Code     0  ddiv.o(x$fpl$ddiv)
    _ddiv                                    0x08006a99   Thumb Code   552  ddiv.o(x$fpl$ddiv)
    __aeabi_d2iz                             0x08006d49   Thumb Code     0  dfix.o(x$fpl$dfix)
    _dfix                                    0x08006d49   Thumb Code    94  dfix.o(x$fpl$dfix)
    __aeabi_i2d                              0x08006da7   Thumb Code     0  dflt_clz.o(x$fpl$dflt)
    _dflt                                    0x08006da7   Thumb Code    46  dflt_clz.o(x$fpl$dflt)
    __aeabi_ui2d                             0x08006dd5   Thumb Code     0  dflt_clz.o(x$fpl$dfltu)
    _dfltu                                   0x08006dd5   Thumb Code    38  dflt_clz.o(x$fpl$dfltu)
    __aeabi_cdcmple                          0x08006dfd   Thumb Code     0  dleqf.o(x$fpl$dleqf)
    _dcmple                                  0x08006dfd   Thumb Code   120  dleqf.o(x$fpl$dleqf)
    __fpl_dcmple_InfNaN                      0x08006e5f   Thumb Code     0  dleqf.o(x$fpl$dleqf)
    __aeabi_dmul                             0x08006e75   Thumb Code     0  dmul.o(x$fpl$dmul)
    _dmul                                    0x08006e75   Thumb Code   332  dmul.o(x$fpl$dmul)
    __fpl_dnaninf                            0x08006fc9   Thumb Code   156  dnaninf.o(x$fpl$dnaninf)
    __fpl_dretinf                            0x08007065   Thumb Code    12  dretinf.o(x$fpl$dretinf)
    __aeabi_drsub                            0x08007071   Thumb Code     0  daddsub_clz.o(x$fpl$drsb)
    _drsb                                    0x08007071   Thumb Code    22  daddsub_clz.o(x$fpl$drsb)
    _dsqrt                                   0x08007089   Thumb Code   456  dsqrt_noumaal.o(x$fpl$dsqrt)
    __aeabi_dsub                             0x08007255   Thumb Code     0  daddsub_clz.o(x$fpl$dsub)
    _dsub                                    0x08007255   Thumb Code   464  daddsub_clz.o(x$fpl$dsub)
    __aeabi_f2d                              0x08007429   Thumb Code     0  f2d.o(x$fpl$f2d)
    _f2d                                     0x08007429   Thumb Code    86  f2d.o(x$fpl$f2d)
    __aeabi_fadd                             0x08007481   Thumb Code     0  faddsub_clz.o(x$fpl$fadd)
    _fadd                                    0x08007481   Thumb Code   196  faddsub_clz.o(x$fpl$fadd)
    __fpl_fcmp_Inf                           0x08007545   Thumb Code    24  fcmpi.o(x$fpl$fcmpinf)
    __aeabi_cfcmpeq                          0x0800755d   Thumb Code     0  feqf.o(x$fpl$feqf)
    _fcmpeq                                  0x0800755d   Thumb Code   104  feqf.o(x$fpl$feqf)
    __aeabi_ui2f                             0x080075c5   Thumb Code     0  fflt_clz.o(x$fpl$ffltu)
    _ffltu                                   0x080075c5   Thumb Code    38  fflt_clz.o(x$fpl$ffltu)
    __aeabi_fmul                             0x080075ed   Thumb Code     0  fmul.o(x$fpl$fmul)
    _fmul                                    0x080075ed   Thumb Code   258  fmul.o(x$fpl$fmul)
    __fpl_fnaninf                            0x080076ef   Thumb Code   140  fnaninf.o(x$fpl$fnaninf)
    __fpl_fretinf                            0x0800777b   Thumb Code    10  fretinf.o(x$fpl$fretinf)
    __aeabi_frsub                            0x08007785   Thumb Code     0  faddsub_clz.o(x$fpl$frsb)
    _frsb                                    0x08007785   Thumb Code    20  faddsub_clz.o(x$fpl$frsb)
    _fsqrt                                   0x08007799   Thumb Code   272  fsqrt.o(x$fpl$fsqrt)
    __aeabi_fsub                             0x080078a9   Thumb Code     0  faddsub_clz.o(x$fpl$fsub)
    _fsub                                    0x080078a9   Thumb Code   234  faddsub_clz.o(x$fpl$fsub)
    _printf_fp_dec                           0x08007993   Thumb Code     4  printf1.o(x$fpl$printf1)
    __fpl_return_NaN                         0x08007997   Thumb Code   100  retnan.o(x$fpl$retnan)
    __ARM_scalbn                             0x080079fb   Thumb Code    92  scalbn.o(x$fpl$scalbn)
    __fpl_cmpreturn                          0x08007a57   Thumb Code    48  trapv.o(x$fpl$trapveneer)
    TX_ADDRESS                               0x08007a86   Data           5  24l01.o(.constdata)
    __I$use$fp                               0x08007a86   Number         0  usenofp.o(x$fpl$usenofp)
    RX_ADDRESS                               0x08007a8b   Data           5  24l01.o(.constdata)
    __mathlib_zero                           0x08007ba8   Data           8  qnan.o(.constdata)
    Region$$Table$$Base                      0x08007d34   Number         0  anon$$obj.o(Region$$Table)
    Region$$Table$$Limit                     0x08007d54   Number         0  anon$$obj.o(Region$$Table)
    SystemCoreClock                          0x20000000   Data           4  system_stm32f10x.o(.data)
    AHBPrescTable                            0x20000004   Data          16  system_stm32f10x.o(.data)
    USART_RX_STA                             0x20000030   Data           2  usart.o(.data)
    __stdout                                 0x20000034   Data           4  usart.o(.data)
    Hmc_X                                    0x20000038   Data           2  hmc.o(.data)
    Hmc_Y                                    0x2000003a   Data           2  hmc.o(.data)
    Hmc_Z                                    0x2000003c   Data           2  hmc.o(.data)
    angle                                    0x20000040   Data           8  hmc.o(.data)
    Acc_correct                              0x20000048   Data           6  mpu6050.o(.data)
    Gyro_correct                             0x20000050   Data          24  mpu6050.o(.data)
    Acceleration                             0x20000068   Data           6  mpu6050.o(.data)
    a                                        0x2000006e   Data           6  mpu6050.o(.data)
    AX                                       0x20000074   Data           2  mpu6050.o(.data)
    AY                                       0x20000076   Data           2  mpu6050.o(.data)
    AZ                                       0x20000078   Data           2  mpu6050.o(.data)
    Temperature                              0x2000007a   Data           2  mpu6050.o(.data)
    q0                                       0x20000080   Data           4  suanfa.o(.data)
    q1                                       0x20000084   Data           4  suanfa.o(.data)
    q2                                       0x20000088   Data           4  suanfa.o(.data)
    q3                                       0x2000008c   Data           4  suanfa.o(.data)
    exInt                                    0x20000090   Data           4  suanfa.o(.data)
    eyInt                                    0x20000094   Data           4  suanfa.o(.data)
    ezInt                                    0x20000098   Data           4  suanfa.o(.data)
    acc_vector                               0x2000009c   Data           4  suanfa.o(.data)
    halfT                                    0x200000c0   Data           4  suanfa.o(.data)
    integralFBx                              0x200000c4   Data           4  suanfa.o(.data)
    integralFBy                              0x200000c8   Data           4  suanfa.o(.data)
    integralFBz                              0x200000cc   Data           4  suanfa.o(.data)
    qa0                                      0x200000d0   Data           4  suanfa.o(.data)
    qa1                                      0x200000d4   Data           4  suanfa.o(.data)
    qa2                                      0x200000d8   Data           4  suanfa.o(.data)
    qa3                                      0x200000dc   Data           4  suanfa.o(.data)
    integralFBhand                           0x200000e0   Data           4  suanfa.o(.data)
    handdiff                                 0x200000e4   Data           4  suanfa.o(.data)
    halftime                                 0x200000e8   Data           4  suanfa.o(.data)
    now                                      0x200000ec   Data           4  suanfa.o(.data)
    k                                        0x200000f0   Data           4  suanfa.o(.data)
    i                                        0x200000f4   Data           4  suanfa.o(.data)
    NRF_flag                                 0x200000f8   Data           1  data_transfer.o(.data)
    USART_RX_BUF                             0x200000fc   Data         200  usart.o(.bss)
    EA                                       0x200001c8   Data          24  mpu6050.o(.bss)
    acc                                      0x200001e0   Data          12  mpu6050.o(.bss)
    gyro                                     0x200001ec   Data          12  mpu6050.o(.bss)
    EA_Origin                                0x200001f8   Data          24  mpu6050.o(.bss)
    __libspace_start                         0x20000210   Data          96  libspace.o(.bss)
    __temporary_stack_top$libspace           0x20000270   Data           0  libspace.o(.bss)



==============================================================================

Memory Map of the image

  Image Entry point : 0x08000131

  Load Region LR_IROM1 (Base: 0x08000000, Size: 0x00007e6c, Max: 0x00040000, ABSOLUTE)

    Execution Region ER_IROM1 (Base: 0x08000000, Size: 0x00007d70, Max: 0x00040000, ABSOLUTE)

    Base Addr    Size         Type   Attr      Idx    E Section Name        Object

    0x08000000   0x00000130   Data   RO          223    RESET               startup_stm32f10x_hd.o
    0x08000130   0x00000008   Code   RO          920  * !!!main             c_w.l(__main.o)
    0x08000138   0x00000034   Code   RO         1299    !!!scatter          c_w.l(__scatter.o)
    0x0800016c   0x0000001a   Code   RO         1301    !!handler_copy      c_w.l(__scatter_copy.o)
    0x08000186   0x00000002   PAD
    0x08000188   0x0000001c   Code   RO         1303    !!handler_zi        c_w.l(__scatter_zi.o)
    0x080001a4   0x00000000   Code   RO          917    .ARM.Collect$$_printf_percent$$00000000  c_w.l(_printf_percent.o)
    0x080001a4   0x00000006   Code   RO          916    .ARM.Collect$$_printf_percent$$00000003  c_w.l(_printf_f.o)
    0x080001aa   0x00000006   Code   RO          915    .ARM.Collect$$_printf_percent$$00000009  c_w.l(_printf_d.o)
    0x080001b0   0x00000004   Code   RO         1033    .ARM.Collect$$_printf_percent$$00000017  c_w.l(_printf_percent_end.o)
    0x080001b4   0x00000002   Code   RO         1175    .ARM.Collect$$libinit$$00000000  c_w.l(libinit.o)
    0x080001b6   0x00000000   Code   RO         1177    .ARM.Collect$$libinit$$00000002  c_w.l(libinit2.o)
    0x080001b6   0x00000000   Code   RO         1180    .ARM.Collect$$libinit$$00000008  c_w.l(libinit2.o)
    0x080001b6   0x00000000   Code   RO         1182    .ARM.Collect$$libinit$$0000000A  c_w.l(libinit2.o)
    0x080001b6   0x00000000   Code   RO         1184    .ARM.Collect$$libinit$$0000000C  c_w.l(libinit2.o)
    0x080001b6   0x00000006   Code   RO         1185    .ARM.Collect$$libinit$$0000000D  c_w.l(libinit2.o)
    0x080001bc   0x00000000   Code   RO         1187    .ARM.Collect$$libinit$$0000000F  c_w.l(libinit2.o)
    0x080001bc   0x00000000   Code   RO         1189    .ARM.Collect$$libinit$$00000011  c_w.l(libinit2.o)
    0x080001bc   0x00000000   Code   RO         1191    .ARM.Collect$$libinit$$00000013  c_w.l(libinit2.o)
    0x080001bc   0x0000000a   Code   RO         1192    .ARM.Collect$$libinit$$00000014  c_w.l(libinit2.o)
    0x080001c6   0x00000000   Code   RO         1193    .ARM.Collect$$libinit$$00000015  c_w.l(libinit2.o)
    0x080001c6   0x00000000   Code   RO         1195    .ARM.Collect$$libinit$$00000017  c_w.l(libinit2.o)
    0x080001c6   0x00000000   Code   RO         1197    .ARM.Collect$$libinit$$00000019  c_w.l(libinit2.o)
    0x080001c6   0x00000000   Code   RO         1199    .ARM.Collect$$libinit$$0000001B  c_w.l(libinit2.o)
    0x080001c6   0x00000000   Code   RO         1201    .ARM.Collect$$libinit$$0000001D  c_w.l(libinit2.o)
    0x080001c6   0x00000000   Code   RO         1203    .ARM.Collect$$libinit$$0000001F  c_w.l(libinit2.o)
    0x080001c6   0x00000000   Code   RO         1205    .ARM.Collect$$libinit$$00000021  c_w.l(libinit2.o)
    0x080001c6   0x00000000   Code   RO         1207    .ARM.Collect$$libinit$$00000023  c_w.l(libinit2.o)
    0x080001c6   0x00000000   Code   RO         1211    .ARM.Collect$$libinit$$0000002A  c_w.l(libinit2.o)
    0x080001c6   0x00000000   Code   RO         1213    .ARM.Collect$$libinit$$0000002C  c_w.l(libinit2.o)
    0x080001c6   0x00000000   Code   RO         1215    .ARM.Collect$$libinit$$0000002E  c_w.l(libinit2.o)
    0x080001c6   0x00000000   Code   RO         1217    .ARM.Collect$$libinit$$00000030  c_w.l(libinit2.o)
    0x080001c6   0x00000002   Code   RO         1218    .ARM.Collect$$libinit$$00000031  c_w.l(libinit2.o)
    0x080001c8   0x00000002   Code   RO         1250    .ARM.Collect$$libshutdown$$00000000  c_w.l(libshutdown.o)
    0x080001ca   0x00000000   Code   RO         1260    .ARM.Collect$$libshutdown$$00000003  c_w.l(libshutdown2.o)
    0x080001ca   0x00000000   Code   RO         1263    .ARM.Collect$$libshutdown$$00000006  c_w.l(libshutdown2.o)
    0x080001ca   0x00000000   Code   RO         1266    .ARM.Collect$$libshutdown$$00000009  c_w.l(libshutdown2.o)
    0x080001ca   0x00000000   Code   RO         1268    .ARM.Collect$$libshutdown$$0000000B  c_w.l(libshutdown2.o)
    0x080001ca   0x00000000   Code   RO         1271    .ARM.Collect$$libshutdown$$0000000E  c_w.l(libshutdown2.o)
    0x080001ca   0x00000002   Code   RO         1272    .ARM.Collect$$libshutdown$$0000000F  c_w.l(libshutdown2.o)
    0x080001cc   0x00000000   Code   RO         1024    .ARM.Collect$$rtentry$$00000000  c_w.l(rtentry.o)
    0x080001cc   0x00000000   Code   RO         1091    .ARM.Collect$$rtentry$$00000002  c_w.l(rtentry2.o)
    0x080001cc   0x00000006   Code   RO         1103    .ARM.Collect$$rtentry$$00000004  c_w.l(rtentry4.o)
    0x080001d2   0x00000000   Code   RO         1093    .ARM.Collect$$rtentry$$00000009  c_w.l(rtentry2.o)
    0x080001d2   0x00000004   Code   RO         1094    .ARM.Collect$$rtentry$$0000000A  c_w.l(rtentry2.o)
    0x080001d6   0x00000000   Code   RO         1096    .ARM.Collect$$rtentry$$0000000C  c_w.l(rtentry2.o)
    0x080001d6   0x00000008   Code   RO         1097    .ARM.Collect$$rtentry$$0000000D  c_w.l(rtentry2.o)
    0x080001de   0x00000002   Code   RO         1221    .ARM.Collect$$rtexit$$00000000  c_w.l(rtexit.o)
    0x080001e0   0x00000000   Code   RO         1230    .ARM.Collect$$rtexit$$00000002  c_w.l(rtexit2.o)
    0x080001e0   0x00000004   Code   RO         1231    .ARM.Collect$$rtexit$$00000003  c_w.l(rtexit2.o)
    0x080001e4   0x00000006   Code   RO         1232    .ARM.Collect$$rtexit$$00000004  c_w.l(rtexit2.o)
    0x080001ea   0x00000002   PAD
    0x080001ec   0x000001c8   Code   RO            1    .text               main.o
    0x080003b4   0x0000001a   Code   RO          130    .text               stm32f10x_it.o
    0x080003ce   0x00000002   PAD
    0x080003d0   0x000001dc   Code   RO          192    .text               system_stm32f10x.o
    0x080005ac   0x00000040   Code   RO          224    .text               startup_stm32f10x_hd.o
    0x080005ec   0x000000dc   Code   RO          228    .text               misc.o
    0x080006c8   0x0000011c   Code   RO          377    .text               stm32f10x_exti.o
    0x080007e4   0x00000358   Code   RO          419    .text               stm32f10x_gpio.o
    0x08000b3c   0x000003a4   Code   RO          473    .text               stm32f10x_rcc.o
    0x08000ee0   0x0000030c   Code   RO          517    .text               stm32f10x_spi.o
    0x080011ec   0x00000e1a   Code   RO          529    .text               stm32f10x_tim.o
    0x08002006   0x00000002   PAD
    0x08002008   0x00000408   Code   RO          541    .text               stm32f10x_usart.o
    0x08002410   0x000000fc   Code   RO          568    .text               delay.o
    0x0800250c   0x0000000c   Code   RO          588    .text               sys.o
    0x08002518   0x00000140   Code   RO          600    .text               usart.o
    0x08002658   0x0000004c   Code   RO          623    .text               exti.o
    0x080026a4   0x000002f4   Code   RO          642    .text               hmc.o
    0x08002998   0x00000408   Code   RO          670    .text               myiic.o
    0x08002da0   0x000000d8   Code   RO          682    .text               led.o
    0x08002e78   0x000001f4   Code   RO          697    .text               mpu6050.o
    0x0800306c   0x0000031c   Code   RO          716    .text               24l01.o
    0x08003388   0x00000154   Code   RO          737    .text               pwm.o
    0x080034dc   0x000000fc   Code   RO          752    .text               spi.o
    0x080035d8   0x00000118   Code   RO          764    .text               timer.o
    0x080036f0   0x000011a4   Code   RO          780    .text               suanfa.o
    0x08004894   0x00000002   Code   RO          863    .text               c_w.l(use_no_semi_2.o)
    0x08004896   0x00000002   PAD
    0x08004898   0x00000018   Code   RO          867    .text               c_w.l(noretval__2printf.o)
    0x080048b0   0x00000078   Code   RO          871    .text               c_w.l(_printf_dec.o)
    0x08004928   0x00000160   Code   RO          909    .text               c_w.l(__printf_ss_wp.o)
    0x08004a88   0x00000006   Code   RO          918    .text               c_w.l(heapauxi.o)
    0x08004a8e   0x00000002   Code   RO         1022    .text               c_w.l(use_no_semi.o)
    0x08004a90   0x00000016   Code   RO         1025    .text               c_w.l(_rserrno.o)
    0x08004aa6   0x000000b8   Code   RO         1027    .text               c_w.l(_printf_intcommon.o)
    0x08004b5e   0x00000420   Code   RO         1029    .text               c_w.l(_printf_fp_dec.o)
    0x08004f7e   0x00000002   PAD
    0x08004f80   0x00000024   Code   RO         1031    .text               c_w.l(_printf_char_file.o)
    0x08004fa4   0x00000008   Code   RO         1108    .text               c_w.l(rt_locale_intlibspace.o)
    0x08004fac   0x00000008   Code   RO         1113    .text               c_w.l(rt_errno_addr_intlibspace.o)
    0x08004fb4   0x0000008a   Code   RO         1115    .text               c_w.l(lludiv10.o)
    0x0800503e   0x00000002   PAD
    0x08005040   0x00000030   Code   RO         1117    .text               c_w.l(_printf_char_common.o)
    0x08005070   0x00000080   Code   RO         1119    .text               c_w.l(_printf_fp_infnan.o)
    0x080050f0   0x000000e4   Code   RO         1121    .text               c_w.l(bigflt0.o)
    0x080051d4   0x00000008   Code   RO         1146    .text               c_w.l(ferror.o)
    0x080051dc   0x00000008   Code   RO         1159    .text               c_w.l(libspace.o)
    0x080051e4   0x0000004a   Code   RO         1162    .text               c_w.l(sys_stackheap_outer.o)
    0x0800522e   0x0000000c   Code   RO         1166    .text               c_w.l(exit.o)
    0x0800523a   0x00000002   PAD
    0x0800523c   0x00000080   Code   RO         1168    .text               c_w.l(strcmpv7m.o)
    0x080052bc   0x0000003e   Code   RO         1124    CL$$btod_d2e        c_w.l(btod.o)
    0x080052fa   0x00000046   Code   RO         1126    CL$$btod_d2e_denorm_low  c_w.l(btod.o)
    0x08005340   0x00000060   Code   RO         1125    CL$$btod_d2e_norm_op1  c_w.l(btod.o)
    0x080053a0   0x00000338   Code   RO         1134    CL$$btod_div_common  c_w.l(btod.o)
    0x080056d8   0x000000c6   Code   RO         1131    CL$$btod_e2e        c_w.l(btod.o)
    0x0800579e   0x00000028   Code   RO         1128    CL$$btod_ediv       c_w.l(btod.o)
    0x080057c6   0x00000028   Code   RO         1127    CL$$btod_emul       c_w.l(btod.o)
    0x080057ee   0x00000244   Code   RO         1133    CL$$btod_mult_common  c_w.l(btod.o)
    0x08005a32   0x00000028   Code   RO         1066    i.__ARM_fpclassify  m_ws.l(fpclassify.o)
    0x08005a5a   0x00000002   PAD
    0x08005a5c   0x00000388   Code   RO         1071    i.__ieee754_rem_pio2  m_ws.l(rred.o)
    0x08005de4   0x000000fc   Code   RO         1061    i.__kernel_cos      m_ws.l(cos_i.o)
    0x08005ee0   0x000000aa   Code   RO         1068    i.__kernel_poly     m_ws.l(poly.o)
    0x08005f8a   0x00000002   PAD
    0x08005f8c   0x000000ec   Code   RO         1076    i.__kernel_sin      m_ws.l(sin_i.o)
    0x08006078   0x00000010   Code   RO         1064    i.__mathlib_dbl_underflow  m_ws.l(dunder.o)
    0x08006088   0x0000000e   Code   RO          904    i._is_digit         c_w.l(__printf_wp.o)
    0x08006096   0x00000002   PAD
    0x08006098   0x0000027c   Code   RO          981    i.asin              m_ws.l(asin.o)
    0x08006314   0x00000224   Code   RO         1052    i.atan              m_ws.l(atan.o)
    0x08006538   0x00000180   Code   RO          991    i.atan2             m_ws.l(atan2.o)
    0x080066b8   0x000000ac   Code   RO          999    i.cos               m_ws.l(cos.o)
    0x08006764   0x000000b0   Code   RO         1007    i.sin               m_ws.l(sin.o)
    0x08006814   0x0000004e   Code   RO         1083    i.sqrt              m_ws.l(sqrt.o)
    0x08006862   0x0000002c   Code   RO         1015    i.sqrtf             m_ws.l(sqrtf.o)
    0x0800688e   0x00000002   PAD
    0x08006890   0x0000002c   Code   RO         1151    locale$$code        c_w.l(lc_numeric_c.o)
    0x080068bc   0x00000062   Code   RO          922    x$fpl$d2f           fz_ws.l(d2f.o)
    0x0800691e   0x00000002   PAD
    0x08006920   0x00000150   Code   RO          924    x$fpl$dadd          fz_ws.l(daddsub_clz.o)
    0x08006a70   0x00000010   Code   RO         1153    x$fpl$dcheck1       fz_ws.l(dcheck1.o)
    0x08006a80   0x00000018   Code   RO         1034    x$fpl$dcmpinf       fz_ws.l(dcmpi.o)
    0x08006a98   0x000002b0   Code   RO          931    x$fpl$ddiv          fz_ws.l(ddiv.o)
    0x08006d48   0x0000005e   Code   RO          934    x$fpl$dfix          fz_ws.l(dfix.o)
    0x08006da6   0x0000002e   Code   RO          939    x$fpl$dflt          fz_ws.l(dflt_clz.o)
    0x08006dd4   0x00000026   Code   RO          938    x$fpl$dfltu         fz_ws.l(dflt_clz.o)
    0x08006dfa   0x00000002   PAD
    0x08006dfc   0x00000078   Code   RO          944    x$fpl$dleqf         fz_ws.l(dleqf.o)
    0x08006e74   0x00000154   Code   RO          946    x$fpl$dmul          fz_ws.l(dmul.o)
    0x08006fc8   0x0000009c   Code   RO         1036    x$fpl$dnaninf       fz_ws.l(dnaninf.o)
    0x08007064   0x0000000c   Code   RO         1038    x$fpl$dretinf       fz_ws.l(dretinf.o)
    0x08007070   0x00000016   Code   RO          925    x$fpl$drsb          fz_ws.l(daddsub_clz.o)
    0x08007086   0x00000002   PAD
    0x08007088   0x000001cc   Code   RO         1155    x$fpl$dsqrt         fz_ws.l(dsqrt_noumaal.o)
    0x08007254   0x000001d4   Code   RO          926    x$fpl$dsub          fz_ws.l(daddsub_clz.o)
    0x08007428   0x00000056   Code   RO          948    x$fpl$f2d           fz_ws.l(f2d.o)
    0x0800747e   0x00000002   PAD
    0x08007480   0x000000c4   Code   RO          950    x$fpl$fadd          fz_ws.l(faddsub_clz.o)
    0x08007544   0x00000018   Code   RO         1040    x$fpl$fcmpinf       fz_ws.l(fcmpi.o)
    0x0800755c   0x00000068   Code   RO          960    x$fpl$feqf          fz_ws.l(feqf.o)
    0x080075c4   0x00000026   Code   RO          966    x$fpl$ffltu         fz_ws.l(fflt_clz.o)
    0x080075ea   0x00000002   PAD
    0x080075ec   0x00000102   Code   RO          974    x$fpl$fmul          fz_ws.l(fmul.o)
    0x080076ee   0x0000008c   Code   RO         1042    x$fpl$fnaninf       fz_ws.l(fnaninf.o)
    0x0800777a   0x0000000a   Code   RO         1044    x$fpl$fretinf       fz_ws.l(fretinf.o)
    0x08007784   0x00000014   Code   RO          951    x$fpl$frsb          fz_ws.l(faddsub_clz.o)
    0x08007798   0x00000110   Code   RO         1046    x$fpl$fsqrt         fz_ws.l(fsqrt.o)
    0x080078a8   0x000000ea   Code   RO          952    x$fpl$fsub          fz_ws.l(faddsub_clz.o)
    0x08007992   0x00000004   Code   RO          978    x$fpl$printf1       fz_ws.l(printf1.o)
    0x08007996   0x00000064   Code   RO         1219    x$fpl$retnan        fz_ws.l(retnan.o)
    0x080079fa   0x0000005c   Code   RO         1048    x$fpl$scalbn        fz_ws.l(scalbn.o)
    0x08007a56   0x00000030   Code   RO         1227    x$fpl$trapveneer    fz_ws.l(trapv.o)
    0x08007a86   0x00000000   Code   RO         1050    x$fpl$usenofp       fz_ws.l(usenofp.o)
    0x08007a86   0x0000000a   Data   RO          717    .constdata          24l01.o
    0x08007a90   0x00000050   Data   RO          982    .constdata          m_ws.l(asin.o)
    0x08007ae0   0x00000098   Data   RO         1053    .constdata          m_ws.l(atan.o)
    0x08007b78   0x00000030   Data   RO         1062    .constdata          m_ws.l(cos_i.o)
    0x08007ba8   0x00000008   Data   RO         1070    .constdata          m_ws.l(qnan.o)
    0x08007bb0   0x000000c8   Data   RO         1073    .constdata          m_ws.l(rred.o)
    0x08007c78   0x00000028   Data   RO         1077    .constdata          m_ws.l(sin_i.o)
    0x08007ca0   0x00000094   Data   RO         1122    .constdata          c_w.l(bigflt0.o)
    0x08007d34   0x00000020   Data   RO         1297    Region$$Table       anon$$obj.o
    0x08007d54   0x0000001c   Data   RO         1150    locale$$data        c_w.l(lc_numeric_c.o)


    Execution Region RW_IRAM1 (Base: 0x20000000, Size: 0x00000870, Max: 0x0000c000, ABSOLUTE)

    Base Addr    Size         Type   Attr      Idx    E Section Name        Object

    0x20000000   0x00000014   Data   RW          193    .data               system_stm32f10x.o
    0x20000014   0x00000014   Data   RW          474    .data               stm32f10x_rcc.o
    0x20000028   0x00000006   Data   RW          569    .data               delay.o
    0x2000002e   0x00000002   PAD
    0x20000030   0x00000008   Data   RW          602    .data               usart.o
    0x20000038   0x00000010   Data   RW          643    .data               hmc.o
    0x20000048   0x00000034   Data   RW          699    .data               mpu6050.o
    0x2000007c   0x00000004   Data   RW          765    .data               timer.o
    0x20000080   0x00000078   Data   RW          782    .data               suanfa.o
    0x200000f8   0x00000002   Data   RW          842    .data               data_transfer.o
    0x200000fa   0x00000002   PAD
    0x200000fc   0x000000c8   Zero   RW          601    .bss                usart.o
    0x200001c4   0x00000004   PAD
    0x200001c8   0x00000048   Zero   RW          698    .bss                mpu6050.o
    0x20000210   0x00000060   Zero   RW         1160    .bss                c_w.l(libspace.o)
    0x20000270   0x00000200   Zero   RW          222    HEAP                startup_stm32f10x_hd.o
    0x20000470   0x00000400   Zero   RW          221    STACK               startup_stm32f10x_hd.o


==============================================================================

Image component sizes


      Code (inc. data)   RO Data    RW Data    ZI Data      Debug   Object Name

       796         48         10          0          0       3603   24l01.o
         0          0          0          0          0         32   core_cm3.o
         0          0          0          2          0       1345   data_transfer.o
       252         22          0          6          0       1134   delay.o
        76          0          0          0          0        517   exti.o
       756         76          0         16          0       3221   hmc.o
       216         20          0          0          0        927   led.o
       456         92          0          0          0     209970   main.o
       220         20          0          0          0     208581   misc.o
       500         38          0         52         72       2354   mpu6050.o
      1032         22          0          0          0       4193   myiic.o
       340          8          0          0          0       1387   pwm.o
       252          8          0          0          0       1045   spi.o
        64         26        304          0       1536        744   startup_stm32f10x_hd.o
       284         10          0          0          0       2167   stm32f10x_exti.o
       856         40          0          0          0       5577   stm32f10x_gpio.o
        26          0          0          0          0      51398   stm32f10x_it.o
       932         44          0         20          0       8716   stm32f10x_rcc.o
       780         14          0          0          0       6462   stm32f10x_spi.o
      3610         88          0          0          0      22064   stm32f10x_tim.o
      1032         22          0          0          0       8304   stm32f10x_usart.o
      4516        310          0        120          0       5567   suanfa.o
        12          0          0          0          0        417   sys.o
       476         36          0         20          0       1635   system_stm32f10x.o
       280         28          0          4          0       1218   timer.o
       320         18          0          8        200       3010   usart.o

    ----------------------------------------------------------------------
     18088        990        346        252       1812     555588   Object Totals
         0          0         32          0          0          0   (incl. Generated)
         4          0          0          4          4          0   (incl. Padding)

    ----------------------------------------------------------------------

      Code (inc. data)   RO Data    RW Data    ZI Data      Debug   Library Member Name

         8          0          0          0          0         68   __main.o
       352          0          0          0          0         88   __printf_ss_wp.o
        14          0          0          0          0         68   __printf_wp.o
        52          8          0          0          0          0   __scatter.o
        26          0          0          0          0          0   __scatter_copy.o
        28          0          0          0          0          0   __scatter_zi.o
        48          6          0          0          0         96   _printf_char_common.o
        36          4          0          0          0         80   _printf_char_file.o
         6          0          0          0          0          0   _printf_d.o
       120         18          0          0          0         92   _printf_dec.o
         6          0          0          0          0          0   _printf_f.o
      1056          0          0          0          0        212   _printf_fp_dec.o
       128         16          0          0          0         84   _printf_fp_infnan.o
       184          0          0          0          0         88   _printf_intcommon.o
         0          0          0          0          0          0   _printf_percent.o
         4          0          0          0          0          0   _printf_percent_end.o
        22          0          0          0          0        100   _rserrno.o
       228          6        148          0          0         96   bigflt0.o
      1910        128          0          0          0        672   btod.o
        12          0          0          0          0         72   exit.o
         8          0          0          0          0         68   ferror.o
         6          0          0          0          0        152   heapauxi.o
        44         10         28          0          0         76   lc_numeric_c.o
         2          0          0          0          0          0   libinit.o
        18          0          0          0          0          0   libinit2.o
         2          0          0          0          0          0   libshutdown.o
         2          0          0          0          0          0   libshutdown2.o
         8          4          0          0         96         68   libspace.o
       138          0          0          0          0         80   lludiv10.o
        24          4          0          0          0         84   noretval__2printf.o
         8          4          0          0          0         68   rt_errno_addr_intlibspace.o
         8          4          0          0          0         68   rt_locale_intlibspace.o
         0          0          0          0          0          0   rtentry.o
        12          0          0          0          0          0   rtentry2.o
         6          0          0          0          0          0   rtentry4.o
         2          0          0          0          0          0   rtexit.o
        10          0          0          0          0          0   rtexit2.o
       128          0          0          0          0         68   strcmpv7m.o
        74          0          0          0          0         80   sys_stackheap_outer.o
         2          0          0          0          0         68   use_no_semi.o
         2          0          0          0          0         68   use_no_semi_2.o
        98          4          0          0          0         92   d2f.o
       826         16          0          0          0        356   daddsub_clz.o
        16          4          0          0          0         68   dcheck1.o
        24          0          0          0          0         68   dcmpi.o
       688        140          0          0          0        212   ddiv.o
        94          4          0          0          0         92   dfix.o
        84          0          0          0          0        136   dflt_clz.o
       120          4          0          0          0         92   dleqf.o
       340         12          0          0          0        104   dmul.o
       156          4          0          0          0         92   dnaninf.o
        12          0          0          0          0         68   dretinf.o
       460         56          0          0          0        120   dsqrt_noumaal.o
        86          4          0          0          0         84   f2d.o
       450          8          0          0          0        236   faddsub_clz.o
        24          0          0          0          0         68   fcmpi.o
       104          4          0          0          0         84   feqf.o
        38          0          0          0          0         68   fflt_clz.o
       258          4          0          0          0         84   fmul.o
       140          4          0          0          0         84   fnaninf.o
        10          0          0          0          0         68   fretinf.o
       272        100          0          0          0         88   fsqrt.o
         4          0          0          0          0         68   printf1.o
       100          0          0          0          0         68   retnan.o
        92          0          0          0          0         68   scalbn.o
        48          0          0          0          0         68   trapv.o
         0          0          0          0          0          0   usenofp.o
       636         52         80          0          0        168   asin.o
       548         70        152          0          0        124   atan.o
       384         38          0          0          0        144   atan2.o
       172          8          0          0          0        112   cos.o
       252         22         48          0          0        124   cos_i.o
        16          6          0          0          0         68   dunder.o
        40          0          0          0          0         68   fpclassify.o
       170          0          0          0          0         96   poly.o
         0          0          8          0          0          0   qnan.o
       904         72        200          0          0        132   rred.o
       176         10          0          0          0        116   sin.o
       236         12         40          0          0        128   sin_i.o
        78          0          0          0          0         84   sqrt.o
        44          0          0          0          0         80   sqrtf.o

    ----------------------------------------------------------------------
     12974        870        704          0         96       6844   Library Totals
        30          0          0          0          0          0   (incl. Padding)

    ----------------------------------------------------------------------

      Code (inc. data)   RO Data    RW Data    ZI Data      Debug   Library Name

      4744        212        176          0         96       2764   c_w.l
      4544        368          0          0          0       2636   fz_ws.l
      3656        290        528          0          0       1444   m_ws.l

    ----------------------------------------------------------------------
     12974        870        704          0         96       6844   Library Totals

    ----------------------------------------------------------------------

==============================================================================


      Code (inc. data)   RO Data    RW Data    ZI Data      Debug   

     31062       1860       1050        252       1908     556608   Grand Totals
     31062       1860       1050        252       1908     556608   ELF Image Totals
     31062       1860       1050        252          0          0   ROM Totals

==============================================================================

    Total RO  Size (Code + RO Data)                32112 (  31.36kB)
    Total RW  Size (RW Data + ZI Data)              2160 (   2.11kB)
    Total ROM Size (Code + RO Data + RW Data)      32364 (  31.61kB)

==============================================================================

