ARM Linker, 5.03 [Build 24] [MDK-ARM Professional]

==============================================================================

Section Cross References

    main.o(.text) refers to _printf_percent.o(.ARM.Collect$$_printf_percent$$00000000) for _printf_percent
    main.o(.text) refers to _printf_f.o(.ARM.Collect$$_printf_percent$$00000003) for _printf_f
    main.o(.text) refers to printf1.o(x$fpl$printf1) for _printf_fp_dec
    main.o(.text) refers to atof.o(i.atof) for atof
    main.o(.text) refers to dfix.o(x$fpl$dfix) for __aeabi_d2iz
    main.o(.text) refers to d2f.o(x$fpl$d2f) for __aeabi_d2f
    main.o(.text) refers to delay.o(.text) for delay_init
    main.o(.text) refers to led.o(.text) for LED_Init
    main.o(.text) refers to sys.o(.text) for NVIC_Configuration
    main.o(.text) refers to usart.o(.text) for uart_init
    main.o(.text) refers to exti.o(.text) for EXTIX_Init
    main.o(.text) refers to 24l01.o(.text) for NRF24L01_Init
    main.o(.text) refers to noretval__2printf.o(.text) for __2printf
    main.o(.text) refers to pwm.o(.text) for TIM2_PWM_Init
    main.o(.text) refers to timer.o(.text) for TIM3_Int_Init
    main.o(.text) refers to myiic.o(.text) for IIC_Init
    main.o(.text) refers to mpu6050.o(.text) for InitMPU6050
    main.o(.text) refers to hmc.o(.text) for Init_HMC5883
    main.o(.text) refers to suanfa.o(.text) for suanfa_GetOrigin
    main.o(.text) refers to stm32f10x_exti.o(.text) for EXTI_GetITStatus
    main.o(.text) refers to stm32f10x_tim.o(.text) for TIM_Cmd
    main.o(.text) refers to pid.o(.text) for PID_Deal
    main.o(.text) refers to data_transfer.o(.bss) for tmp_buf
    main.o(.text) refers to motor.o(.data) for Power
    main.o(.text) refers to pid.o(.data) for KP
    main.o(.text) refers to mpu6050.o(.bss) for EA
    main.o(.text) refers to data_transfer.o(.data) for NRF_flag
    main.o(.text) refers to main.o(.bss) for cord
    system_stm32f10x.o(.text) refers to system_stm32f10x.o(.data) for SystemCoreClock
    startup_stm32f10x_hd.o(STACK) refers (Special) to heapauxi.o(.text) for __use_two_region_memory
    startup_stm32f10x_hd.o(HEAP) refers (Special) to heapauxi.o(.text) for __use_two_region_memory
    startup_stm32f10x_hd.o(RESET) refers (Special) to heapauxi.o(.text) for __use_two_region_memory
    startup_stm32f10x_hd.o(RESET) refers to startup_stm32f10x_hd.o(STACK) for __initial_sp
    startup_stm32f10x_hd.o(RESET) refers to startup_stm32f10x_hd.o(.text) for Reset_Handler
    startup_stm32f10x_hd.o(RESET) refers to stm32f10x_it.o(.text) for NMI_Handler
    startup_stm32f10x_hd.o(RESET) refers to main.o(.text) for EXTI9_5_IRQHandler
    startup_stm32f10x_hd.o(RESET) refers to timer.o(.text) for TIM3_IRQHandler
    startup_stm32f10x_hd.o(RESET) refers to usart.o(.text) for USART1_IRQHandler
    startup_stm32f10x_hd.o(.text) refers (Special) to heapauxi.o(.text) for __use_two_region_memory
    startup_stm32f10x_hd.o(.text) refers to system_stm32f10x.o(.text) for SystemInit
    startup_stm32f10x_hd.o(.text) refers to __main.o(!!!main) for __main
    startup_stm32f10x_hd.o(.text) refers to startup_stm32f10x_hd.o(HEAP) for Heap_Mem
    startup_stm32f10x_hd.o(.text) refers to startup_stm32f10x_hd.o(STACK) for Stack_Mem
    stm32f10x_adc.o(.text) refers to stm32f10x_rcc.o(.text) for RCC_APB2PeriphResetCmd
    stm32f10x_bkp.o(.text) refers to stm32f10x_rcc.o(.text) for RCC_BackupResetCmd
    stm32f10x_can.o(.text) refers to stm32f10x_rcc.o(.text) for RCC_APB1PeriphResetCmd
    stm32f10x_cec.o(.text) refers to stm32f10x_rcc.o(.text) for RCC_APB1PeriphResetCmd
    stm32f10x_dac.o(.text) refers to stm32f10x_rcc.o(.text) for RCC_APB1PeriphResetCmd
    stm32f10x_gpio.o(.text) refers to stm32f10x_rcc.o(.text) for RCC_APB2PeriphResetCmd
    stm32f10x_i2c.o(.text) refers to stm32f10x_rcc.o(.text) for RCC_APB1PeriphResetCmd
    stm32f10x_pwr.o(.text) refers to stm32f10x_rcc.o(.text) for RCC_APB1PeriphResetCmd
    stm32f10x_rcc.o(.text) refers to stm32f10x_rcc.o(.data) for APBAHBPrescTable
    stm32f10x_spi.o(.text) refers to stm32f10x_rcc.o(.text) for RCC_APB2PeriphResetCmd
    stm32f10x_tim.o(.text) refers to stm32f10x_rcc.o(.text) for RCC_APB2PeriphResetCmd
    stm32f10x_usart.o(.text) refers to stm32f10x_rcc.o(.text) for RCC_APB2PeriphResetCmd
    stm32f10x_wwdg.o(.text) refers to stm32f10x_rcc.o(.text) for RCC_APB1PeriphResetCmd
    delay.o(.text) refers to misc.o(.text) for SysTick_CLKSourceConfig
    delay.o(.text) refers to system_stm32f10x.o(.data) for SystemCoreClock
    delay.o(.text) refers to delay.o(.data) for fac_us
    sys.o(.text) refers to misc.o(.text) for NVIC_PriorityGroupConfig
    usart.o(.text) refers (Special) to use_no_semi_2.o(.text) for __use_no_semihosting
    usart.o(.text) refers to stm32f10x_rcc.o(.text) for RCC_APB2PeriphClockCmd
    usart.o(.text) refers to stm32f10x_gpio.o(.text) for GPIO_Init
    usart.o(.text) refers to misc.o(.text) for NVIC_Init
    usart.o(.text) refers to stm32f10x_usart.o(.text) for USART_Init
[...]
    __scatterload_rt2_thumb_only             0x08000139   Thumb Code     0  __scatter.o(!!!scatter)
    __scatterload_null                       0x08000147   Thumb Code     0  __scatter.o(!!!scatter)
    __decompress                             0x0800016d   Thumb Code    90  __dczerorl2.o(!!dczerorl2)
    __decompress1                            0x0800016d   Thumb Code     0  __dczerorl2.o(!!dczerorl2)
    __scatterload_zeroinit                   0x080001c9   Thumb Code    28  __scatter_zi.o(!!handler_zi)
    _printf_f                                0x080001e5   Thumb Code     0  _printf_f.o(.ARM.Collect$$_printf_percent$$00000003)
    _printf_percent                          0x080001e5   Thumb Code     0  _printf_percent.o(.ARM.Collect$$_printf_percent$$00000000)
    _printf_d                                0x080001eb   Thumb Code     0  _printf_d.o(.ARM.Collect$$_printf_percent$$00000009)
    _printf_percent_end                      0x080001f1   Thumb Code     0  _printf_percent_end.o(.ARM.Collect$$_printf_percent$$00000017)
    __rt_lib_init                            0x080001f5   Thumb Code     0  libinit.o(.ARM.Collect$$libinit$$00000000)
    __rt_lib_init_fp_1                       0x080001f7   Thumb Code     0  libinit2.o(.ARM.Collect$$libinit$$00000002)
    __rt_lib_init_heap_1                     0x080001f7   Thumb Code     0  libinit2.o(.ARM.Collect$$libinit$$00000008)
    __rt_lib_init_lc_common                  0x080001f7   Thumb Code     0  libinit2.o(.ARM.Collect$$libinit$$0000000D)
    __rt_lib_init_rand_1                     0x080001f7   Thumb Code     0  libinit2.o(.ARM.Collect$$libinit$$0000000C)
    __rt_lib_init_user_alloc_1               0x080001f7   Thumb Code     0  libinit2.o(.ARM.Collect$$libinit$$0000000A)
    __rt_lib_init_lc_collate_1               0x080001fd   Thumb Code     0  libinit2.o(.ARM.Collect$$libinit$$0000000F)
    __rt_lib_init_lc_ctype_2                 0x080001fd   Thumb Code     0  libinit2.o(.ARM.Collect$$libinit$$00000010)
    __rt_lib_init_lc_ctype_1                 0x08000209   Thumb Code     0  libinit2.o(.ARM.Collect$$libinit$$00000011)
    __rt_lib_init_lc_monetary_1              0x08000209   Thumb Code     0  libinit2.o(.ARM.Collect$$libinit$$00000013)
    __rt_lib_init_lc_numeric_2               0x08000209   Thumb Code     0  libinit2.o(.ARM.Collect$$libinit$$00000014)
    __rt_lib_init_alloca_1                   0x08000213   Thumb Code     0  libinit2.o(.ARM.Collect$$libinit$$0000002C)
    __rt_lib_init_argv_1                     0x08000213   Thumb Code     0  libinit2.o(.ARM.Collect$$libinit$$0000002A)
    __rt_lib_init_atexit_1                   0x08000213   Thumb Code     0  libinit2.o(.ARM.Collect$$libinit$$00000019)
    __rt_lib_init_clock_1                    0x08000213   Thumb Code     0  libinit2.o(.ARM.Collect$$libinit$$0000001F)
    __rt_lib_init_cpp_1                      0x08000213   Thumb Code     0  libinit2.o(.ARM.Collect$$libinit$$00000030)
    __rt_lib_init_exceptions_1               0x08000213   Thumb Code     0  libinit2.o(.ARM.Collect$$libinit$$0000002E)
    __rt_lib_init_fp_trap_1                  0x08000213   Thumb Code     0  libinit2.o(.ARM.Collect$$libinit$$0000001D)
    __rt_lib_init_getenv_1                   0x08000213   Thumb Code     0  libinit2.o(.ARM.Collect$$libinit$$00000021)
    __rt_lib_init_lc_numeric_1               0x08000213   Thumb Code     0  libinit2.o(.ARM.Collect$$libinit$$00000015)
    __rt_lib_init_lc_time_1                  0x08000213   Thumb Code     0  libinit2.o(.ARM.Collect$$libinit$$00000017)
    __rt_lib_init_return                     0x08000213   Thumb Code     0  libinit2.o(.ARM.Collect$$libinit$$00000031)
    __rt_lib_init_signal_1                   0x08000213   Thumb Code     0  libinit2.o(.ARM.Collect$$libinit$$0000001B)
    __rt_lib_init_stdio_1                    0x08000213   Thumb Code     0  libinit2.o(.ARM.Collect$$libinit$$00000023)
    __rt_lib_shutdown                        0x08000215   Thumb Code     0  libshutdown.o(.ARM.Collect$$libshutdown$$00000000)
    __rt_lib_shutdown_fp_trap_1              0x08000217   Thumb Code     0  libshutdown2.o(.ARM.Collect$$libshutdown$$00000006)
    __rt_lib_shutdown_heap_1                 0x08000217   Thumb Code     0  libshutdown2.o(.ARM.Collect$$libshutdown$$0000000E)
    __rt_lib_shutdown_return                 0x08000217   Thumb Code     0  libshutdown2.o(.ARM.Collect$$libshutdown$$0000000F)
    __rt_lib_shutdown_signal_1               0x08000217   Thumb Code     0  libshutdown2.o(.ARM.Collect$$libshutdown$$00000009)
    __rt_lib_shutdown_stdio_1                0x08000217   Thumb Code     0  libshutdown2.o(.ARM.Collect$$libshutdown$$00000003)
    __rt_lib_shutdown_user_alloc_1           0x08000217   Thumb Code     0  libshutdown2.o(.ARM.Collect$$libshutdown$$0000000B)
    __rt_entry                               0x08000219   Thumb Code     0  rtentry.o(.ARM.Collect$$rtentry$$00000000)
    __rt_entry_presh_1                       0x08000219   Thumb Code     0  rtentry2.o(.ARM.Collect$$rtentry$$00000002)
    __rt_entry_sh                            0x08000219   Thumb Code     0  rtentry4.o(.ARM.Collect$$rtentry$$00000004)
    __rt_entry_li                            0x0800021f   Thumb Code     0  rtentry2.o(.ARM.Collect$$rtentry$$0000000A)
    __rt_entry_postsh_1                      0x0800021f   Thumb Code     0  rtentry2.o(.ARM.Collect$$rtentry$$00000009)
    __rt_entry_main                          0x08000223   Thumb Code     0  rtentry2.o(.ARM.Collect$$rtentry$$0000000D)
    __rt_entry_postli_1                      0x08000223   Thumb Code     0  rtentry2.o(.ARM.Collect$$rtentry$$0000000C)
    __rt_exit                                0x0800022b   Thumb Code     0  rtexit.o(.ARM.Collect$$rtexit$$00000000)
    __rt_exit_ls                             0x0800022d   Thumb Code     0  rtexit2.o(.ARM.Collect$$rtexit$$00000003)
    __rt_exit_prels_1                        0x0800022d   Thumb Code     0  rtexit2.o(.ARM.Collect$$rtexit$$00000002)
    __rt_exit_exit                           0x08000231   Thumb Code     0  rtexit2.o(.ARM.Collect$$rtexit$$00000004)
    msg_check_2                              0x08000239   Thumb Code   200  main.o(.text)
    main                                     0x08000301   Thumb Code   284  main.o(.text)
    EXTI9_5_IRQHandler                       0x0800041d   Thumb Code    60  main.o(.text)
    TIM4_IRQHandler                          0x08000459   Thumb Code    28  main.o(.text)
    NMI_Handler                              0x080004e5   Thumb Code     2  stm32f10x_it.o(.text)
    HardFault_Handler                        0x080004e7   Thumb Code     4  stm32f10x_it.o(.text)
    MemManage_Handler                        0x080004eb   Thumb Code     4  stm32f10x_it.o(.text)
    BusFault_Handler                         0x080004ef   Thumb Code     4  stm32f10x_it.o(.text)
    UsageFault_Handler                       0x080004f3   Thumb Code     4  stm32f10x_it.o(.text)
    SVC_Handler                              0x080004f7   Thumb Code     2  stm32f10x_it.o(.text)
    DebugMon_Handler                         0x080004f9   Thumb Code     2  stm32f10x_it.o(.text)
    PendSV_Handler                           0x080004fb   Thumb Code     2  stm32f10x_it.o(.text)
    SysTick_Handler                          0x080004fd   Thumb Code     2  stm32f10x_it.o(.text)
    SystemInit                               0x080005dd   Thumb Code    78  system_stm32f10x.o(.text)
    SystemCoreClockUpdate                    0x0800062b   Thumb Code   142  system_stm32f10x.o(.text)
    Reset_Handler                            0x080006dd   Thumb Code     8  startup_stm32f10x_hd.o(.text)
    ADC1_2_IRQHandler                        0x080006f7   Thumb Code     0  startup_stm32f10x_hd.o(.text)
    ADC3_IRQHandler                          0x080006f7   Thumb Code     0  startup_stm32f10x_hd.o(.text)
    CAN1_RX1_IRQHandler                      0x080006f7   Thumb Code     0  startup_stm32f10x_hd.o(.text)
    CAN1_SCE_IRQHandler                      0x080006f7   Thumb Code     0  startup_stm32f10x_hd.o(.text)
    DMA1_Channel1_IRQHandler                 0x080006f7   Thumb Code     0  startup_stm32f10x_hd.o(.text)
    DMA1_Channel2_IRQHandler                 0x080006f7   Thumb Code     0  startup_stm32f10x_hd.o(.text)
    DMA1_Channel3_IRQHandler                 0x080006f7   Thumb Code     0  startup_stm32f10x_hd.o(.text)
    DMA1_Channel4_IRQHandler                 0x080006f7   Thumb Code     0  startup_stm32f10x_hd.o(.text)
    DMA1_Channel5_IRQHandler                 0x080006f7   Thumb Code     0  startup_stm32f10x_hd.o(.text)
    DMA1_Channel6_IRQHandler                 0x080006f7   Thumb Code     0  startup_stm32f10x_hd.o(.text)
    DMA1_Channel7_IRQHandler                 0x080006f7   Thumb Code     0  startup_stm32f10x_hd.o(.text)
    DMA2_Channel1_IRQHandler                 0x080006f7   Thumb Code     0  startup_stm32f10x_hd.o(.text)
    DMA2_Channel2_IRQHandler                 0x080006f7   Thumb Code     0  startup_stm32f10x_hd.o(.text)
    DMA2_Channel3_IRQHandler                 0x080006f7   Thumb Code     0  startup_stm32f10x_hd.o(.text)
    DMA2_Channel4_5_IRQHandler               0x080006f7   Thumb Code     0  startup_stm32f10x_hd.o(.text)
    EXTI0_IRQHandler                         0x080006f7   Thumb Code     0  startup_stm32f10x_hd.o(.text)
    EXTI15_10_IRQHandler                     0x080006f7   Thumb Code     0  startup_stm32f10x_hd.o(.text)
    EXTI1_IRQHandler                         0x080006f7   Thumb Code     0  startup_stm32f10x_hd.o(.text)
    EXTI2_IRQHandler                         0x080006f7   Thumb Code     0  startup_stm32f10x_hd.o(.text)
    EXTI3_IRQHandler                         0x080006f7   Thumb Code     0  startup_stm32f10x_hd.o(.text)
    EXTI4_IRQHandler                         0x080006f7   Thumb Code     0  startup_stm32f10x_hd.o(.text)
    FLASH_IRQHandler                         0x080006f7   Thumb Code     0  startup_stm32f10x_hd.o(.text)
    FSMC_IRQHandler                          0x080006f7   Thumb Code     0  startup_stm32f10x_hd.o(.text)
    I2C1_ER_IRQHandler                       0x080006f7   Thumb Code     0  startup_stm32f10x_hd.o(.text)
    I2C1_EV_IRQHandler                       0x080006f7   Thumb Code     0  startup_stm32f10x_hd.o(.text)
    I2C2_ER_IRQHandler                       0x080006f7   Thumb Code     0  startup_stm32f10x_hd.o(.text)
    I2C2_EV_IRQHandler                       0x080006f7   Thumb Code     0  startup_stm32f10x_hd.o(.text)
    PVD_IRQHandler                           0x080006f7   Thumb Code     0  startup_stm32f10x_hd.o(.text)
    RCC_IRQHandler                           0x080006f7   Thumb Code     0  startup_stm32f10x_hd.o(.text)
    RTCAlarm_IRQHandler                      0x080006f7   Thumb Code     0  startup_stm32f10x_hd.o(.text)
    RTC_IRQHandler                           0x080006f7   Thumb Code     0  startup_stm32f10x_hd.o(.text)
    SDIO_IRQHandler                          0x080006f7   Thumb Code     0  startup_stm32f10x_hd.o(.text)
    SPI1_IRQHandler                          0x080006f7   Thumb Code     0  startup_stm32f10x_hd.o(.text)
    SPI2_IRQHandler                          0x080006f7   Thumb Code     0  startup_stm32f10x_hd.o(.text)
    SPI3_IRQHandler                          0x080006f7   Thumb Code     0  startup_stm32f10x_hd.o(.text)
    TAMPER_IRQHandler                        0x080006f7   Thumb Code     0  startup_stm32f10x_hd.o(.text)
    TIM1_BRK_IRQHandler                      0x080006f7   Thumb Code     0  startup_stm32f10x_hd.o(.text)
    TIM1_CC_IRQHandler                       0x080006f7   Thumb Code     0  startup_stm32f10x_hd.o(.text)
    TIM1_TRG_COM_IRQHandler                  0x080006f7   Thumb Code     0  startup_stm32f10x_hd.o(.text)
    TIM1_UP_IRQHandler                       0x080006f7   Thumb Code     0  startup_stm32f10x_hd.o(.text)
    TIM2_IRQHandler                          0x080006f7   Thumb Code     0  startup_stm32f10x_hd.o(.text)
    TIM5_IRQHandler                          0x080006f7   Thumb Code     0  startup_stm32f10x_hd.o(.text)
    TIM6_IRQHandler                          0x080006f7   Thumb Code     0  startup_stm32f10x_hd.o(.text)
    TIM7_IRQHandler                          0x080006f7   Thumb Code     0  startup_stm32f10x_hd.o(.text)
    TIM8_BRK_IRQHandler                      0x080006f7   Thumb Code     0  startup_stm32f10x_hd.o(.text)
    TIM8_CC_IRQHandler                       0x080006f7   Thumb Code     0  startup_stm32f10x_hd.o(.text)
    TIM8_TRG_COM_IRQHandler                  0x080006f7   Thumb Code     0  startup_stm32f10x_hd.o(.text)
    TIM8_UP_IRQHandler                       0x080006f7   Thumb Code     0  startup_stm32f10x_hd.o(.text)
    UART4_IRQHandler                         0x080006f7   Thumb Code     0  startup_stm32f10x_hd.o(.text)
    UART5_IRQHandler                         0x080006f7   Thumb Code     0  startup_stm32f10x_hd.o(.text)
    USART2_IRQHandler                        0x080006f7   Thumb Code     0  startup_stm32f10x_hd.o(.text)
    USART3_IRQHandler                        0x080006f7   Thumb Code     0  startup_stm32f10x_hd.o(.text)
    USBWakeUp_IRQHandler                     0x080006f7   Thumb Code     0  startup_stm32f10x_hd.o(.text)
    USB_HP_CAN1_TX_IRQHandler                0x080006f7   Thumb Code     0  startup_stm32f10x_hd.o(.text)
    USB_LP_CAN1_RX0_IRQHandler               0x080006f7   Thumb Code     0  startup_stm32f10x_hd.o(.text)
    WWDG_IRQHandler                          0x080006f7   Thumb Code     0  startup_stm32f10x_hd.o(.text)
    __user_initial_stackheap                 0x080006f9   Thumb Code     0  startup_stm32f10x_hd.o(.text)
    NVIC_PriorityGroupConfig                 0x0800071d   Thumb Code    10  misc.o(.text)
    NVIC_Init                                0x08000727   Thumb Code   102  misc.o(.text)
    NVIC_SetVectorTable                      0x0800078d   Thumb Code    14  misc.o(.text)
    NVIC_SystemLPConfig                      0x0800079b   Thumb Code    34  misc.o(.text)
    SysTick_CLKSourceConfig                  0x080007bd   Thumb Code    40  misc.o(.text)
    EXTI_DeInit                              0x080007f9   Thumb Code    28  stm32f10x_exti.o(.text)
    EXTI_Init                                0x08000815   Thumb Code   142  stm32f10x_exti.o(.text)
    EXTI_StructInit                          0x080008a3   Thumb Code    16  stm32f10x_exti.o(.text)
    EXTI_GenerateSWInterrupt                 0x080008b3   Thumb Code    16  stm32f10x_exti.o(.text)
    EXTI_GetFlagStatus                       0x080008c3   Thumb Code    22  stm32f10x_exti.o(.text)
    EXTI_ClearFlag                           0x080008d9   Thumb Code     8  stm32f10x_exti.o(.text)
    EXTI_GetITStatus                         0x080008e1   Thumb Code    34  stm32f10x_exti.o(.text)
    EXTI_ClearITPendingBit                   0x08000903   Thumb Code     8  stm32f10x_exti.o(.text)
    GPIO_DeInit                              0x08000915   Thumb Code   172  stm32f10x_gpio.o(.text)
    GPIO_AFIODeInit                          0x080009c1   Thumb Code    20  stm32f10x_gpio.o(.text)
    GPIO_Init                                0x080009d5   Thumb Code   274  stm32f10x_gpio.o(.text)
    GPIO_StructInit                          0x08000ae7   Thumb Code    16  stm32f10x_gpio.o(.text)
    GPIO_ReadInputDataBit                    0x08000af7   Thumb Code    18  stm32f10x_gpio.o(.text)
    GPIO_ReadInputData                       0x08000b09   Thumb Code     8  stm32f10x_gpio.o(.text)
    GPIO_ReadOutputDataBit                   0x08000b11   Thumb Code    18  stm32f10x_gpio.o(.text)
    GPIO_ReadOutputData                      0x08000b23   Thumb Code     8  stm32f10x_gpio.o(.text)
    GPIO_SetBits                             0x08000b2b   Thumb Code     4  stm32f10x_gpio.o(.text)
    GPIO_ResetBits                           0x08000b2f   Thumb Code     4  stm32f10x_gpio.o(.text)
    GPIO_WriteBit                            0x08000b33   Thumb Code    10  stm32f10x_gpio.o(.text)
    GPIO_Write                               0x08000b3d   Thumb Code     4  stm32f10x_gpio.o(.text)
    GPIO_PinLockConfig                       0x08000b41   Thumb Code    18  stm32f10x_gpio.o(.text)
    GPIO_EventOutputConfig                   0x08000b53   Thumb Code    26  stm32f10x_gpio.o(.text)
    GPIO_EventOutputCmd                      0x08000b6d   Thumb Code     6  stm32f10x_gpio.o(.text)
    GPIO_PinRemapConfig                      0x08000b73   Thumb Code   138  stm32f10x_gpio.o(.text)
    GPIO_EXTILineConfig                      0x08000bfd   Thumb Code    66  stm32f10x_gpio.o(.text)
    GPIO_ETH_MediaInterfaceConfig            0x08000c3f   Thumb Code     6  stm32f10x_gpio.o(.text)
    RCC_DeInit                               0x08000c6d   Thumb Code    64  stm32f10x_rcc.o(.text)
    RCC_HSEConfig                            0x08000cad   Thumb Code    70  stm32f10x_rcc.o(.text)
    RCC_GetFlagStatus                        0x08000cf3   Thumb Code    56  stm32f10x_rcc.o(.text)
    RCC_WaitForHSEStartUp                    0x08000d2b   Thumb Code    56  stm32f10x_rcc.o(.text)
    RCC_AdjustHSICalibrationValue            0x08000d63   Thumb Code    20  stm32f10x_rcc.o(.text)
    RCC_HSICmd                               0x08000d77   Thumb Code     6  stm32f10x_rcc.o(.text)
    RCC_PLLConfig                            0x08000d7d   Thumb Code    24  stm32f10x_rcc.o(.text)
    RCC_PLLCmd                               0x08000d95   Thumb Code     6  stm32f10x_rcc.o(.text)
    RCC_SYSCLKConfig                         0x08000d9b   Thumb Code    18  stm32f10x_rcc.o(.text)
    RCC_GetSYSCLKSource                      0x08000dad   Thumb Code    10  stm32f10x_rcc.o(.text)
    RCC_HCLKConfig                           0x08000db7   Thumb Code    18  stm32f10x_rcc.o(.text)
    RCC_PCLK1Config                          0x08000dc9   Thumb Code    18  stm32f10x_rcc.o(.text)
    RCC_PCLK2Config                          0x08000ddb   Thumb Code    20  stm32f10x_rcc.o(.text)
    RCC_ITConfig                             0x08000def   Thumb Code    26  stm32f10x_rcc.o(.text)
    RCC_USBCLKConfig                         0x08000e09   Thumb Code     6  stm32f10x_rcc.o(.text)
    RCC_ADCCLKConfig                         0x08000e0f   Thumb Code    18  stm32f10x_rcc.o(.text)
    RCC_LSEConfig                            0x08000e21   Thumb Code    44  stm32f10x_rcc.o(.text)
    RCC_LSICmd                               0x08000e4d   Thumb Code     6  stm32f10x_rcc.o(.text)
    RCC_RTCCLKConfig                         0x08000e53   Thumb Code    12  stm32f10x_rcc.o(.text)
    RCC_RTCCLKCmd                            0x08000e5f   Thumb Code     8  stm32f10x_rcc.o(.text)
    RCC_GetClocksFreq                        0x08000e67   Thumb Code   192  stm32f10x_rcc.o(.text)
    RCC_AHBPeriphClockCmd                    0x08000f27   Thumb Code    26  stm32f10x_rcc.o(.text)
    RCC_APB2PeriphClockCmd                   0x08000f41   Thumb Code    26  stm32f10x_rcc.o(.text)
    RCC_APB1PeriphClockCmd                   0x08000f5b   Thumb Code    26  stm32f10x_rcc.o(.text)
    RCC_APB2PeriphResetCmd                   0x08000f75   Thumb Code    26  stm32f10x_rcc.o(.text)
    RCC_APB1PeriphResetCmd                   0x08000f8f   Thumb Code    26  stm32f10x_rcc.o(.text)
    RCC_BackupResetCmd                       0x08000fa9   Thumb Code     8  stm32f10x_rcc.o(.text)
    RCC_ClockSecuritySystemCmd               0x08000fb1   Thumb Code     6  stm32f10x_rcc.o(.text)
    RCC_MCOConfig                            0x08000fb7   Thumb Code     6  stm32f10x_rcc.o(.text)
    RCC_ClearFlag                            0x08000fbd   Thumb Code    14  stm32f10x_rcc.o(.text)
    RCC_GetITStatus                          0x08000fcb   Thumb Code    20  stm32f10x_rcc.o(.text)
    RCC_ClearITPendingBit                    0x08000fdf   Thumb Code     6  stm32f10x_rcc.o(.text)
    SPI_I2S_DeInit                           0x08001011   Thumb Code    76  stm32f10x_spi.o(.text)
    SPI_Init                                 0x0800105d   Thumb Code    60  stm32f10x_spi.o(.text)
    I2S_Init                                 0x08001099   Thumb Code   226  stm32f10x_spi.o(.text)
    SPI_StructInit                           0x0800117b   Thumb Code    24  stm32f10x_spi.o(.text)
    I2S_StructInit                           0x08001193   Thumb Code    20  stm32f10x_spi.o(.text)
    SPI_Cmd                                  0x080011a7   Thumb Code    24  stm32f10x_spi.o(.text)
    I2S_Cmd                                  0x080011bf   Thumb Code    24  stm32f10x_spi.o(.text)
    SPI_I2S_ITConfig                         0x080011d7   Thumb Code    32  stm32f10x_spi.o(.text)
    SPI_I2S_DMACmd                           0x080011f7   Thumb Code    18  stm32f10x_spi.o(.text)
    SPI_I2S_SendData                         0x08001209   Thumb Code     4  stm32f10x_spi.o(.text)
    SPI_I2S_ReceiveData                      0x0800120d   Thumb Code     6  stm32f10x_spi.o(.text)
    SPI_NSSInternalSoftwareConfig            0x08001213   Thumb Code    30  stm32f10x_spi.o(.text)
    SPI_SSOutputCmd                          0x08001231   Thumb Code    24  stm32f10x_spi.o(.text)
    SPI_DataSizeConfig                       0x08001249   Thumb Code    18  stm32f10x_spi.o(.text)
    SPI_TransmitCRC                          0x0800125b   Thumb Code    10  stm32f10x_spi.o(.text)
    SPI_CalculateCRC                         0x08001265   Thumb Code    24  stm32f10x_spi.o(.text)
    SPI_GetCRC                               0x0800127d   Thumb Code    16  stm32f10x_spi.o(.text)
    SPI_GetCRCPolynomial                     0x0800128d   Thumb Code     6  stm32f10x_spi.o(.text)
    SPI_BiDirectionalLineConfig              0x08001293   Thumb Code    28  stm32f10x_spi.o(.text)
    SPI_I2S_GetFlagStatus                    0x080012af   Thumb Code    18  stm32f10x_spi.o(.text)
    SPI_I2S_ClearFlag                        0x080012c1   Thumb Code     6  stm32f10x_spi.o(.text)
    SPI_I2S_GetITStatus                      0x080012c7   Thumb Code    52  stm32f10x_spi.o(.text)
    SPI_I2S_ClearITPendingBit                0x080012fb   Thumb Code    20  stm32f10x_spi.o(.text)
    TIM_DeInit                               0x0800131d   Thumb Code   424  stm32f10x_tim.o(.text)
    TIM_TimeBaseInit                         0x080014c5   Thumb Code   122  stm32f10x_tim.o(.text)
    TIM_OC1Init                              0x0800153f   Thumb Code   132  stm32f10x_tim.o(.text)
    TIM_OC2Init                              0x080015c3   Thumb Code   154  stm32f10x_tim.o(.text)
    TIM_OC3Init                              0x0800165d   Thumb Code   150  stm32f10x_tim.o(.text)
    TIM_OC4Init                              0x080016f3   Thumb Code   182  stm32f10x_tim.o(.text)
    TIM_SetIC4Prescaler                      0x080017a9   Thumb Code    26  stm32f10x_tim.o(.text)
    TIM_SetIC3Prescaler                      0x08001845   Thumb Code    18  stm32f10x_tim.o(.text)
    TIM_SetIC2Prescaler                      0x080018d1   Thumb Code    26  stm32f10x_tim.o(.text)
    TIM_SetIC1Prescaler                      0x0800196d   Thumb Code    18  stm32f10x_tim.o(.text)
    TIM_ICInit                               0x080019eb   Thumb Code   150  stm32f10x_tim.o(.text)
    TIM_PWMIConfig                           0x08001a81   Thumb Code   124  stm32f10x_tim.o(.text)
    TIM_BDTRConfig                           0x08001afd   Thumb Code    32  stm32f10x_tim.o(.text)
    TIM_TimeBaseStructInit                   0x08001b1d   Thumb Code    18  stm32f10x_tim.o(.text)
    TIM_OCStructInit                         0x08001b2f   Thumb Code    20  stm32f10x_tim.o(.text)
    TIM_ICStructInit                         0x08001b43   Thumb Code    18  stm32f10x_tim.o(.text)
    TIM_BDTRStructInit                       0x08001b55   Thumb Code    40  stm32f10x_tim.o(.text)
    TIM_Cmd                                  0x08001b7d   Thumb Code    24  stm32f10x_tim.o(.text)
    TIM_CtrlPWMOutputs                       0x08001b95   Thumb Code    30  stm32f10x_tim.o(.text)
    TIM_ITConfig                             0x08001bb3   Thumb Code    18  stm32f10x_tim.o(.text)
    TIM_GenerateEvent                        0x08001bc5   Thumb Code     4  stm32f10x_tim.o(.text)
    TIM_DMAConfig                            0x08001bc9   Thumb Code    10  stm32f10x_tim.o(.text)
    TIM_DMACmd                               0x08001bd3   Thumb Code    18  stm32f10x_tim.o(.text)
    TIM_InternalClockConfig                  0x08001be5   Thumb Code    12  stm32f10x_tim.o(.text)
    TIM_SelectInputTrigger                   0x08001bf1   Thumb Code    18  stm32f10x_tim.o(.text)
    TIM_ITRxExternalClockConfig              0x08001c03   Thumb Code    24  stm32f10x_tim.o(.text)
    TIM_TIxExternalClockConfig               0x08001c1b   Thumb Code    62  stm32f10x_tim.o(.text)
    TIM_ETRConfig                            0x08001c59   Thumb Code    28  stm32f10x_tim.o(.text)
    TIM_ETRClockMode1Config                  0x08001c75   Thumb Code    54  stm32f10x_tim.o(.text)
    TIM_ETRClockMode2Config                  0x08001cab   Thumb Code    32  stm32f10x_tim.o(.text)
    TIM_PrescalerConfig                      0x08001ccb   Thumb Code     6  stm32f10x_tim.o(.text)
    TIM_CounterModeConfig                    0x08001cd1   Thumb Code    18  stm32f10x_tim.o(.text)
    TIM_EncoderInterfaceConfig               0x08001ce3   Thumb Code    66  stm32f10x_tim.o(.text)
    TIM_ForcedOC1Config                      0x08001d25   Thumb Code    18  stm32f10x_tim.o(.text)
    TIM_ForcedOC2Config                      0x08001d37   Thumb Code    26  stm32f10x_tim.o(.text)
    TIM_ForcedOC3Config                      0x08001d51   Thumb Code    18  stm32f10x_tim.o(.text)
    TIM_ForcedOC4Config                      0x08001d63   Thumb Code    26  stm32f10x_tim.o(.text)
    TIM_ARRPreloadConfig                     0x08001d7d   Thumb Code    24  stm32f10x_tim.o(.text)
    TIM_SelectCOM                            0x08001d95   Thumb Code    24  stm32f10x_tim.o(.text)
    TIM_SelectCCDMA                          0x08001dad   Thumb Code    24  stm32f10x_tim.o(.text)
    TIM_CCPreloadControl                     0x08001dc5   Thumb Code    24  stm32f10x_tim.o(.text)
    TIM_OC1PreloadConfig                     0x08001ddd   Thumb Code    18  stm32f10x_tim.o(.text)
    TIM_OC2PreloadConfig                     0x08001def   Thumb Code    26  stm32f10x_tim.o(.text)
    TIM_OC3PreloadConfig                     0x08001e09   Thumb Code    18  stm32f10x_tim.o(.text)
    TIM_OC4PreloadConfig                     0x08001e1b   Thumb Code    26  stm32f10x_tim.o(.text)
    TIM_OC1FastConfig                        0x08001e35   Thumb Code    18  stm32f10x_tim.o(.text)
    TIM_OC2FastConfig                        0x08001e47   Thumb Code    26  stm32f10x_tim.o(.text)
    TIM_OC3FastConfig                        0x08001e61   Thumb Code    18  stm32f10x_tim.o(.text)
    TIM_OC4FastConfig                        0x08001e73   Thumb Code    26  stm32f10x_tim.o(.text)
    TIM_ClearOC1Ref                          0x08001e8d   Thumb Code    18  stm32f10x_tim.o(.text)
    TIM_ClearOC2Ref                          0x08001e9f   Thumb Code    24  stm32f10x_tim.o(.text)
    TIM_ClearOC3Ref                          0x08001eb7   Thumb Code    18  stm32f10x_tim.o(.text)
    TIM_ClearOC4Ref                          0x08001ec9   Thumb Code    24  stm32f10x_tim.o(.text)
    TIM_OC1PolarityConfig                    0x08001ee1   Thumb Code    18  stm32f10x_tim.o(.text)
    TIM_OC1NPolarityConfig                   0x08001ef3   Thumb Code    18  stm32f10x_tim.o(.text)
    TIM_OC2PolarityConfig                    0x08001f05   Thumb Code    26  stm32f10x_tim.o(.text)
    TIM_OC2NPolarityConfig                   0x08001f1f   Thumb Code    26  stm32f10x_tim.o(.text)
    TIM_OC3PolarityConfig                    0x08001f39   Thumb Code    26  stm32f10x_tim.o(.text)
    TIM_OC3NPolarityConfig                   0x08001f53   Thumb Code    26  stm32f10x_tim.o(.text)
    TIM_OC4PolarityConfig                    0x08001f6d   Thumb Code    26  stm32f10x_tim.o(.text)
    TIM_CCxCmd                               0x08001f87   Thumb Code    30  stm32f10x_tim.o(.text)
    TIM_CCxNCmd                              0x08001fa5   Thumb Code    30  stm32f10x_tim.o(.text)
    TIM_SelectOCxM                           0x08001fc3   Thumb Code    82  stm32f10x_tim.o(.text)
    TIM_UpdateDisableConfig                  0x08002015   Thumb Code    24  stm32f10x_tim.o(.text)
    TIM_UpdateRequestConfig                  0x0800202d   Thumb Code    24  stm32f10x_tim.o(.text)
    TIM_SelectHallSensor                     0x08002045   Thumb Code    24  stm32f10x_tim.o(.text)
    TIM_SelectOnePulseMode                   0x0800205d   Thumb Code    18  stm32f10x_tim.o(.text)
    TIM_SelectOutputTrigger                  0x0800206f   Thumb Code    18  stm32f10x_tim.o(.text)
    TIM_SelectSlaveMode                      0x08002081   Thumb Code    18  stm32f10x_tim.o(.text)
    TIM_SelectMasterSlaveMode                0x08002093   Thumb Code    18  stm32f10x_tim.o(.text)
    TIM_SetCounter                           0x080020a5   Thumb Code     4  stm32f10x_tim.o(.text)
    TIM_SetAutoreload                        0x080020a9   Thumb Code     4  stm32f10x_tim.o(.text)
    TIM_SetCompare1                          0x080020ad   Thumb Code     4  stm32f10x_tim.o(.text)
    TIM_SetCompare2                          0x080020b1   Thumb Code     4  stm32f10x_tim.o(.text)
    TIM_SetCompare3                          0x080020b5   Thumb Code     4  stm32f10x_tim.o(.text)
    TIM_SetCompare4                          0x080020b9   Thumb Code     6  stm32f10x_tim.o(.text)
    TIM_SetClockDivision                     0x080020bf   Thumb Code    18  stm32f10x_tim.o(.text)
    TIM_GetCapture1                          0x080020d1   Thumb Code     6  stm32f10x_tim.o(.text)
    TIM_GetCapture2                          0x080020d7   Thumb Code     6  stm32f10x_tim.o(.text)
    TIM_GetCapture3                          0x080020dd   Thumb Code     6  stm32f10x_tim.o(.text)
    TIM_GetCapture4                          0x080020e3   Thumb Code     8  stm32f10x_tim.o(.text)
    TIM_GetCounter                           0x080020eb   Thumb Code     6  stm32f10x_tim.o(.text)
    TIM_GetPrescaler                         0x080020f1   Thumb Code     6  stm32f10x_tim.o(.text)
    TIM_GetFlagStatus                        0x080020f7   Thumb Code    18  stm32f10x_tim.o(.text)
    TIM_ClearFlag                            0x08002109   Thumb Code     6  stm32f10x_tim.o(.text)
    TIM_GetITStatus                          0x0800210f   Thumb Code    34  stm32f10x_tim.o(.text)
    TIM_ClearITPendingBit                    0x08002131   Thumb Code     6  stm32f10x_tim.o(.text)
    USART_DeInit                             0x08002139   Thumb Code   134  stm32f10x_usart.o(.text)
    USART_Init                               0x080021bf   Thumb Code   210  stm32f10x_usart.o(.text)
    USART_StructInit                         0x08002291   Thumb Code    24  stm32f10x_usart.o(.text)
    USART_ClockInit                          0x080022a9   Thumb Code    34  stm32f10x_usart.o(.text)
    USART_ClockStructInit                    0x080022cb   Thumb Code    12  stm32f10x_usart.o(.text)
    USART_Cmd                                0x080022d7   Thumb Code    24  stm32f10x_usart.o(.text)
    USART_ITConfig                           0x080022ef   Thumb Code    74  stm32f10x_usart.o(.text)
    USART_DMACmd                             0x08002339   Thumb Code    18  stm32f10x_usart.o(.text)
    USART_SetAddress                         0x0800234b   Thumb Code    18  stm32f10x_usart.o(.text)
    USART_WakeUpConfig                       0x0800235d   Thumb Code    18  stm32f10x_usart.o(.text)
    USART_ReceiverWakeUpCmd                  0x0800236f   Thumb Code    24  stm32f10x_usart.o(.text)
    USART_LINBreakDetectLengthConfig         0x08002387   Thumb Code    18  stm32f10x_usart.o(.text)
    USART_LINCmd                             0x08002399   Thumb Code    24  stm32f10x_usart.o(.text)
    USART_SendData                           0x080023b1   Thumb Code     8  stm32f10x_usart.o(.text)
    USART_ReceiveData                        0x080023b9   Thumb Code    10  stm32f10x_usart.o(.text)
    USART_SendBreak                          0x080023c3   Thumb Code    10  stm32f10x_usart.o(.text)
    USART_SetGuardTime                       0x080023cd   Thumb Code    16  stm32f10x_usart.o(.text)
    USART_SetPrescaler                       0x080023dd   Thumb Code    16  stm32f10x_usart.o(.text)
    USART_SmartCardCmd                       0x080023ed   Thumb Code    24  stm32f10x_usart.o(.text)
    USART_SmartCardNACKCmd                   0x08002405   Thumb Code    24  stm32f10x_usart.o(.text)
    USART_HalfDuplexCmd                      0x0800241d   Thumb Code    24  stm32f10x_usart.o(.text)
    USART_OverSampling8Cmd                   0x08002435   Thumb Code    22  stm32f10x_usart.o(.text)
    USART_OneBitMethodCmd                    0x0800244b   Thumb Code    24  stm32f10x_usart.o(.text)
    USART_IrDAConfig                         0x08002463   Thumb Code    18  stm32f10x_usart.o(.text)
    USART_IrDACmd                            0x08002475   Thumb Code    24  stm32f10x_usart.o(.text)
    USART_GetFlagStatus                      0x0800248d   Thumb Code    26  stm32f10x_usart.o(.text)
    USART_ClearFlag                          0x080024a7   Thumb Code    18  stm32f10x_usart.o(.text)
    USART_GetITStatus                        0x080024b9   Thumb Code    84  stm32f10x_usart.o(.text)
    USART_ClearITPendingBit                  0x0800250d   Thumb Code    52  stm32f10x_usart.o(.text)
    delay_init                               0x08002541   Thumb Code    50  delay.o(.text)
    delay_us                                 0x08002573   Thumb Code    70  delay.o(.text)
    delay_ms                                 0x080025b9   Thumb Code    70  delay.o(.text)
    delay_N_ms                               0x080025ff   Thumb Code    40  delay.o(.text)
    NVIC_Configuration                       0x0800263d   Thumb Code    12  sys.o(.text)
    _sys_exit                                0x08002649   Thumb Code     6  usart.o(.text)
    fputc                                    0x0800264f   Thumb Code    22  usart.o(.text)
    uart_init                                0x08002665   Thumb Code   152  usart.o(.text)
    USART1_IRQHandler                        0x080026fd   Thumb Code   122  usart.o(.text)
    EXTIX_Init                               0x08002789   Thumb Code    76  exti.o(.text)
    HMC5883ReadID                            0x080027d5   Thumb Code    62  hmc.o(.text)
    Init_HMC5883                             0x08002813   Thumb Code    24  hmc.o(.text)
    Multiple_read_HMC5883                    0x0800282b   Thumb Code    86  hmc.o(.text)
    CombineData_Hmc                          0x08002881   Thumb Code    44  hmc.o(.text)
    Multiple_read_HMC5883_2                  0x080028ad   Thumb Code   120  hmc.o(.text)
    Correct_yaw                              0x08002925   Thumb Code   344  hmc.o(.text)
    IIC_Start                                0x08002ac9   Thumb Code    68  myiic.o(.text)
    IIC_Stop                                 0x08002b0d   Thumb Code    66  myiic.o(.text)
    IIC_Wait_Ack                             0x08002b4f   Thumb Code    88  myiic.o(.text)
    IIC_Ack                                  0x08002ba7   Thumb Code    72  myiic.o(.text)
    IIC_NAck                                 0x08002bef   Thumb Code    72  myiic.o(.text)
    IIC_Send_Byte                            0x08002c37   Thumb Code    96  myiic.o(.text)
    IIC_Read_Byte                            0x08002c97   Thumb Code    98  myiic.o(.text)
    IIC_Write_Buffer                         0x08002cf9   Thumb Code    94  myiic.o(.text)
    IIC_Write                                0x08002d57   Thumb Code    38  myiic.o(.text)
    IIC_Read_Buffer                          0x08002d7d   Thumb Code   116  myiic.o(.text)
    IIC_Read                                 0x08002df1   Thumb Code    38  myiic.o(.text)
    IIC_Read_Single                          0x08002e17   Thumb Code    62  myiic.o(.text)
    IIC_WriteOneByte                         0x08002e55   Thumb Code    60  myiic.o(.text)
    IIC_Init                                 0x08002e91   Thumb Code    64  myiic.o(.text)
    LED_Init                                 0x08002ed1   Thumb Code    76  led.o(.text)
    Only_Led0                                0x08002f1d   Thumb Code    28  led.o(.text)
    Only_Led1                                0x08002f39   Thumb Code    32  led.o(.text)
    Only_Led2                                0x08002f59   Thumb Code    32  led.o(.text)
    Only_Led3                                0x08002f79   Thumb Code    28  led.o(.text)
    InitMPU6050                              0x08002fa9   Thumb Code    82  mpu6050.o(.text)
    MPU6050ReadID                            0x08002ffb   Thumb Code    16  mpu6050.o(.text)
    CombineData                              0x0800300b   Thumb Code    44  mpu6050.o(.text)
    GetData                                  0x08003037   Thumb Code    94  mpu6050.o(.text)
    Data_Trans                               0x08003095   Thumb Code   214  mpu6050.o(.text)
    Data_Pare                                0x0800316b   Thumb Code    12  mpu6050.o(.text)
    NRF24L01_Init                            0x0800319d   Thumb Code   174  24l01.o(.text)
    NRF24L01_Read_Buf                        0x0800324b   Thumb Code    56  24l01.o(.text)
    NRF24L01_Write_Buf                       0x08003283   Thumb Code    56  24l01.o(.text)
    NRF24L01_Check                           0x080032bb   Thumb Code    72  24l01.o(.text)
    NRF24L01_Write_Reg                       0x08003303   Thumb Code    38  24l01.o(.text)
    NRF24L01_Read_Reg                        0x08003329   Thumb Code    36  24l01.o(.text)
    NRF24L01_TxPacket                        0x0800334d   Thumb Code    98  24l01.o(.text)
    NRF24L01_RxPacket                        0x080033af   Thumb Code    42  24l01.o(.text)
    NRF24L01_RX_Mode                         0x080033d9   Thumb Code    86  24l01.o(.text)
    NRF24L01_TX_Mode                         0x0800342f   Thumb Code    90  24l01.o(.text)
    TIM2_PWM_Init                            0x080034b9   Thumb Code   258  pwm.o(.text)
    MM_Set                                   0x080035bb   Thumb Code    44  pwm.o(.text)
    M1_Set                                   0x080035e7   Thumb Code     6  pwm.o(.text)
    M2_Set                                   0x080035ed   Thumb Code     8  pwm.o(.text)
    M3_Set                                   0x080035f5   Thumb Code     8  pwm.o(.text)
    M4_Set                                   0x080035fd   Thumb Code     8  pwm.o(.text)
    SPI1_ReadWriteByte                       0x0800360d   Thumb Code    78  spi.o(.text)
    SPI1_Init                                0x0800365b   Thumb Code   130  spi.o(.text)
    SPI1_SetSpeed                            0x080036dd   Thumb Code    36  spi.o(.text)
    TIM3_Int_Init                            0x08003709   Thumb Code    90  timer.o(.text)
    GET_NOWTIME                              0x08003763   Thumb Code    44  timer.o(.text)
    TIM3_IRQHandler                          0x0800378f   Thumb Code    28  timer.o(.text)
    TIM4_Int_Init                            0x080037ab   Thumb Code    90  timer.o(.text)
    invSqrt                                  0x08003821   Thumb Code    72  suanfa.o(.text)
    IMU_init                                 0x08003869   Thumb Code    74  suanfa.o(.text)
    IMU_AHRSupdate                           0x080038b3   Thumb Code  2054  suanfa.o(.text)
    MPUpDate                                 0x080040b9   Thumb Code  1188  suanfa.o(.text)
    EularAngle_calculate                     0x0800455d   Thumb Code   500  suanfa.o(.text)
    suanfa_GetOrigin                         0x08004751   Thumb Code   384  suanfa.o(.text)
    suanfa                                   0x080048d1   Thumb Code   228  suanfa.o(.text)
    MM_Drive                                 0x08004a4d   Thumb Code   410  motor.o(.text)
    PID_Deal                                 0x08004c01   Thumb Code   320  pid.o(.text)
    __use_no_semihosting                     0x08004d91   Thumb Code     2  use_no_semi_2.o(.text)
    __2printf                                0x08004d95   Thumb Code    20  noretval__2printf.o(.text)
    _printf_int_dec                          0x08004dad   Thumb Code   102  _printf_dec.o(.text)
    __printf                                 0x08004e25   Thumb Code   352  __printf_ss_wp.o(.text)
    __use_two_region_memory                  0x08004f85   Thumb Code     2  heapauxi.o(.text)
    __rt_heap_escrow$2region                 0x08004f87   Thumb Code     2  heapauxi.o(.text)
    __rt_heap_expand$2region                 0x08004f89   Thumb Code     2  heapauxi.o(.text)
    __I$use$semihosting                      0x08004f8b   Thumb Code     0  use_no_semi.o(.text)
    __use_no_semihosting_swi                 0x08004f8b   Thumb Code     2  use_no_semi.o(.text)
    __read_errno                             0x08004f8d   Thumb Code    10  _rserrno.o(.text)
    __set_errno                              0x08004f97   Thumb Code    12  _rserrno.o(.text)
    _printf_int_common                       0x08004fa3   Thumb Code   184  _printf_intcommon.o(.text)
    __lib_sel_fp_printf                      0x0800505b   Thumb Code     2  _printf_fp_dec.o(.text)
    _printf_fp_dec_real                      0x08005207   Thumb Code   628  _printf_fp_dec.o(.text)
    _printf_char_file                        0x0800547d   Thumb Code    32  _printf_char_file.o(.text)
    __strtod_int                             0x080054dd   Thumb Code    88  strtod.o(.text)
    __rt_locale                              0x08005541   Thumb Code     8  rt_locale_intlibspace.o(.text)
    __aeabi_errno_addr                       0x08005549   Thumb Code     8  rt_errno_addr_intlibspace.o(.text)
    __errno$intlibspace                      0x08005549   Thumb Code     0  rt_errno_addr_intlibspace.o(.text)
    __rt_errno_addr$intlibspace              0x08005549   Thumb Code     0  rt_errno_addr_intlibspace.o(.text)
    _ll_udiv10                               0x08005551   Thumb Code   138  lludiv10.o(.text)
    isspace                                  0x080055db   Thumb Code    18  isspace.o(.text)
    _printf_char_common                      0x080055f7   Thumb Code    32  _printf_char_common.o(.text)
    _printf_fp_infnan                        0x0800561d   Thumb Code   112  _printf_fp_infnan.o(.text)
    _sgetc                                   0x0800569d   Thumb Code    30  _sgetc.o(.text)
    _sbackspace                              0x080056bb   Thumb Code    34  _sgetc.o(.text)
    _btod_etento                             0x080056dd   Thumb Code   222  bigflt0.o(.text)
    ferror                                   0x080057c1   Thumb Code     8  ferror.o(.text)
    __user_libspace                          0x080057c9   Thumb Code     8  libspace.o(.text)
    __user_perproc_libspace                  0x080057c9   Thumb Code     0  libspace.o(.text)
    __user_perthread_libspace                0x080057c9   Thumb Code     0  libspace.o(.text)
    __user_setup_stackheap                   0x080057d1   Thumb Code    74  sys_stackheap_outer.o(.text)
    __rt_ctype_table                         0x0800581d   Thumb Code    16  rt_ctype_table.o(.text)
    _scanf_really_real                       0x08005a25   Thumb Code   672  scanf_fp.o(.text)
    exit                                     0x08005cd1   Thumb Code    12  exit.o(.text)
    strcmp                                   0x08005cdd   Thumb Code   128  strcmpv7m.o(.text)
    _scanf_really_hex_real                   0x08005d5d   Thumb Code   776  scanf_hexfp.o(.text)
    _scanf_really_infnan                     0x08006071   Thumb Code   298  scanf_infnan.o(.text)
    __aeabi_llsl                             0x080061ad   Thumb Code     0  llshl.o(.text)
    _ll_shift_l                              0x080061ad   Thumb Code    38  llshl.o(.text)
    _chval                                   0x080061d3   Thumb Code    28  _chval.o(.text)
    _btod_d2e                                0x080061ef   Thumb Code    62  btod.o(CL$$btod_d2e)
    _d2e_denorm_low                          0x0800622d   Thumb Code    70  btod.o(CL$$btod_d2e_denorm_low)
    _d2e_norm_op1                            0x08006273   Thumb Code    96  btod.o(CL$$btod_d2e_norm_op1)
    __btod_div_common                        0x080062d3   Thumb Code   696  btod.o(CL$$btod_div_common)
    _e2d                                     0x0800660d   Thumb Code    80  btod.o(CL$$btod_e2d)
    _e2e                                     0x08006661   Thumb Code   198  btod.o(CL$$btod_e2e)
    _btod_ediv                               0x08006727   Thumb Code    40  btod.o(CL$$btod_ediv)
    _btod_edivd                              0x0800674f   Thumb Code    40  btod.o(CL$$btod_edivd)
    _btod_emul                               0x08006777   Thumb Code    40  btod.o(CL$$btod_emul)
    _btod_emuld                              0x0800679f   Thumb Code    40  btod.o(CL$$btod_emuld)
    __btod_mult_common                       0x080067c7   Thumb Code   580  btod.o(CL$$btod_mult_common)
    __ARM_fpclassify                         0x08006a0b   Thumb Code    40  fpclassify.o(i.__ARM_fpclassify)
    __ieee754_rem_pio2                       0x08006a35   Thumb Code   832  rred.o(i.__ieee754_rem_pio2)
    __kernel_cos                             0x08006dbd   Thumb Code   230  cos_i.o(i.__kernel_cos)
    __kernel_poly                            0x08006eb9   Thumb Code   170  poly.o(i.__kernel_poly)
    __kernel_sin                             0x08006f65   Thumb Code   224  sin_i.o(i.__kernel_sin)
    __mathlib_dbl_underflow                  0x08007051   Thumb Code    10  dunder.o(i.__mathlib_dbl_underflow)
    __mathlib_narrow                         0x08007061   Thumb Code    16  narrow.o(i.__mathlib_narrow)
    __mathlib_tofloat                        0x08007071   Thumb Code   132  narrow.o(i.__mathlib_tofloat)
    __support_ldexp                          0x080070f9   Thumb Code    22  ldexp.o(i.__support_ldexp)
    _is_digit                                0x0800710f   Thumb Code    14  __printf_wp.o(i._is_digit)
    asin                                     0x0800711d   Thumb Code   584  asin.o(i.asin)
    atan                                     0x08007399   Thumb Code   478  atan.o(i.atan)
    atan2                                    0x080075bd   Thumb Code   346  atan2.o(i.atan2)
    atof                                     0x0800773d   Thumb Code    42  atof.o(i.atof)
    cos                                      0x08007769   Thumb Code   164  cos.o(i.cos)
    frexp                                    0x08007815   Thumb Code    80  frexp.o(i.frexp)
    ldexp                                    0x0800786d   Thumb Code   126  ldexp.o(i.ldexp)
    sin                                      0x080078ed   Thumb Code   166  sin.o(i.sin)
    sqrt                                     0x0800799d   Thumb Code    78  sqrt.o(i.sqrt)
    sqrtf                                    0x080079eb   Thumb Code    44  sqrtf.o(i.sqrtf)
    _get_lc_numeric                          0x08007a19   Thumb Code    44  lc_numeric_c.o(locale$$code)
    _get_lc_ctype                            0x08007a45   Thumb Code    44  lc_ctype_c.o(locale$$code)
    __aeabi_d2f                              0x08007a71   Thumb Code     0  d2f.o(x$fpl$d2f)
    _d2f                                     0x08007a71   Thumb Code    98  d2f.o(x$fpl$d2f)
    __aeabi_dadd                             0x08007ad5   Thumb Code     0  daddsub_clz.o(x$fpl$dadd)
    _dadd                                    0x08007ad5   Thumb Code   332  daddsub_clz.o(x$fpl$dadd)
    __fpl_dcheck_NaN1                        0x08007c25   Thumb Code    10  dcheck1.o(x$fpl$dcheck1)
    __fpl_dcmp_Inf                           0x08007c35   Thumb Code    24  dcmpi.o(x$fpl$dcmpinf)
    __aeabi_ddiv                             0x08007c4d   Thumb Code     0  ddiv.o(x$fpl$ddiv)
    _ddiv                                    0x08007c4d   Thumb Code   552  ddiv.o(x$fpl$ddiv)
    __aeabi_cdcmpeq                          0x08007efd   Thumb Code     0  deqf.o(x$fpl$deqf)
    _dcmpeq                                  0x08007efd   Thumb Code   120  deqf.o(x$fpl$deqf)
    __aeabi_d2iz                             0x08007f75   Thumb Code     0  dfix.o(x$fpl$dfix)
    _dfix                                    0x08007f75   Thumb Code    94  dfix.o(x$fpl$dfix)
    __aeabi_i2d                              0x08007fd3   Thumb Code     0  dflt_clz.o(x$fpl$dflt)
    _dflt                                    0x08007fd3   Thumb Code    46  dflt_clz.o(x$fpl$dflt)
    __aeabi_ui2d                             0x08008001   Thumb Code     0  dflt_clz.o(x$fpl$dfltu)
    _dfltu                                   0x08008001   Thumb Code    38  dflt_clz.o(x$fpl$dfltu)
    __aeabi_cdcmple                          0x08008029   Thumb Code     0  dleqf.o(x$fpl$dleqf)
    _dcmple                                  0x08008029   Thumb Code   120  dleqf.o(x$fpl$dleqf)
    __fpl_dcmple_InfNaN                      0x0800808b   Thumb Code     0  dleqf.o(x$fpl$dleqf)
    __aeabi_dmul                             0x080080a1   Thumb Code     0  dmul.o(x$fpl$dmul)
    _dmul                                    0x080080a1   Thumb Code   332  dmul.o(x$fpl$dmul)
    __fpl_dnaninf                            0x080081f5   Thumb Code   156  dnaninf.o(x$fpl$dnaninf)
    __fpl_dretinf                            0x08008291   Thumb Code    12  dretinf.o(x$fpl$dretinf)
    __aeabi_cdrcmple                         0x0800829d   Thumb Code     0  drleqf.o(x$fpl$drleqf)
    _drcmple                                 0x0800829d   Thumb Code   108  drleqf.o(x$fpl$drleqf)
    __aeabi_drsub                            0x08008309   Thumb Code     0  daddsub_clz.o(x$fpl$drsb)
    _drsb                                    0x08008309   Thumb Code    22  daddsub_clz.o(x$fpl$drsb)
    _dsqrt                                   0x08008321   Thumb Code   456  dsqrt_noumaal.o(x$fpl$dsqrt)
    __aeabi_dsub                             0x080084ed   Thumb Code     0  daddsub_clz.o(x$fpl$dsub)
    _dsub                                    0x080084ed   Thumb Code   464  daddsub_clz.o(x$fpl$dsub)
    __aeabi_f2d                              0x080086c1   Thumb Code     0  f2d.o(x$fpl$f2d)
    _f2d                                     0x080086c1   Thumb Code    86  f2d.o(x$fpl$f2d)
    __aeabi_fadd                             0x08008719   Thumb Code     0  faddsub_clz.o(x$fpl$fadd)
    _fadd                                    0x08008719   Thumb Code   196  faddsub_clz.o(x$fpl$fadd)
    __fpl_fcmp_Inf                           0x080087dd   Thumb Code    24  fcmpi.o(x$fpl$fcmpinf)
    __aeabi_fdiv                             0x080087f5   Thumb Code     0  fdiv.o(x$fpl$fdiv)
    _fdiv                                    0x080087f5   Thumb Code   384  fdiv.o(x$fpl$fdiv)
    __aeabi_cfcmpeq                          0x08008979   Thumb Code     0  feqf.o(x$fpl$feqf)
    _fcmpeq                                  0x08008979   Thumb Code   104  feqf.o(x$fpl$feqf)
    __aeabi_f2uiz                            0x080089e1   Thumb Code     0  ffixu.o(x$fpl$ffixu)
    _ffixu                                   0x080089e1   Thumb Code    62  ffixu.o(x$fpl$ffixu)
    __aeabi_i2f                              0x08008a21   Thumb Code     0  fflt_clz.o(x$fpl$fflt)
    _fflt                                    0x08008a21   Thumb Code    48  fflt_clz.o(x$fpl$fflt)
    __aeabi_ui2f                             0x08008a51   Thumb Code     0  fflt_clz.o(x$fpl$ffltu)
    _ffltu                                   0x08008a51   Thumb Code    38  fflt_clz.o(x$fpl$ffltu)
    __aeabi_cfcmple                          0x08008a79   Thumb Code     0  fleqf.o(x$fpl$fleqf)
    _fcmple                                  0x08008a79   Thumb Code   104  fleqf.o(x$fpl$fleqf)
    __fpl_fcmple_InfNaN                      0x08008acb   Thumb Code     0  fleqf.o(x$fpl$fleqf)
    __aeabi_fmul                             0x08008ae1   Thumb Code     0  fmul.o(x$fpl$fmul)
    _fmul                                    0x08008ae1   Thumb Code   258  fmul.o(x$fpl$fmul)
    __fpl_fnaninf                            0x08008be3   Thumb Code   140  fnaninf.o(x$fpl$fnaninf)
    __fpl_fretinf                            0x08008c6f   Thumb Code    10  fretinf.o(x$fpl$fretinf)
    __aeabi_cfrcmple                         0x08008c79   Thumb Code     0  frleqf.o(x$fpl$frleqf)
    _frcmple                                 0x08008c79   Thumb Code    98  frleqf.o(x$fpl$frleqf)
    __aeabi_frsub                            0x08008cdb   Thumb Code     0  faddsub_clz.o(x$fpl$frsb)
    _frsb                                    0x08008cdb   Thumb Code    20  faddsub_clz.o(x$fpl$frsb)
    _fsqrt                                   0x08008cf1   Thumb Code   272  fsqrt.o(x$fpl$fsqrt)
    __aeabi_fsub                             0x08008e01   Thumb Code     0  faddsub_clz.o(x$fpl$fsub)
    _fsub                                    0x08008e01   Thumb Code   234  faddsub_clz.o(x$fpl$fsub)
    _printf_fp_dec                           0x08008eeb   Thumb Code     4  printf1.o(x$fpl$printf1)
    __fpl_return_NaN                         0x08008eef   Thumb Code   100  retnan.o(x$fpl$retnan)
    __ARM_scalbn                             0x08008f53   Thumb Code    92  scalbn.o(x$fpl$scalbn)
    _scanf_real                              0x08008faf   Thumb Code     4  scanf1.o(x$fpl$scanf1)
    _scanf_hex_real                          0x08008fb3   Thumb Code     4  scanf2.o(x$fpl$scanf2)
    _scanf_infnan                            0x08008fb7   Thumb Code     4  scanf2.o(x$fpl$scanf2)
    __fpl_cmpreturn                          0x08008fbb   Thumb Code    48  trapv.o(x$fpl$trapveneer)
    TX_ADDRESS                               0x08008fea   Data           5  24l01.o(.constdata)
    __I$use$fp                               0x08008fea   Number         0  usenofp.o(x$fpl$usenofp)
    RX_ADDRESS                               0x08008fef   Data           5  24l01.o(.constdata)
    __mathlib_zero                           0x08009110   Data           8  qnan.o(.constdata)
    Region$$Table$$Base                      0x0800929c   Number         0  anon$$obj.o(Region$$Table)
    Region$$Table$$Limit                     0x080092bc   Number         0  anon$$obj.o(Region$$Table)
    __aeabi_HUGE_VAL                         0x080092bc   Data           0  fpconst.o(c$$dinf)
    __aeabi_HUGE_VALL                        0x080092bc   Data           0  fpconst.o(c$$dinf)
    __aeabi_INFINITY                         0x080092bc   Data           0  fpconst.o(c$$dinf)
    __dInf                                   0x080092bc   Data           0  fpconst.o(c$$dinf)
    __huge_val                               0x080092bc   Data           0  fpconst.o(c$$dinf)
    __ctype                                  0x080092ed   Data           0  lc_ctype_c.o(locale$$data)
    SystemCoreClock                          0x20000000   Data           4  system_stm32f10x.o(.data)
    AHBPrescTable                            0x20000004   Data          16  system_stm32f10x.o(.data)
    USART_RX_STA                             0x20000030   Data           2  usart.o(.data)
    __stdout                                 0x20000034   Data           4  usart.o(.data)
    Hmc_X                                    0x20000038   Data           2  hmc.o(.data)
    Hmc_Y                                    0x2000003a   Data           2  hmc.o(.data)
    Hmc_Z                                    0x2000003c   Data           2  hmc.o(.data)
    angle                                    0x20000040   Data           8  hmc.o(.data)
    Acc_correct                              0x20000048   Data           6  mpu6050.o(.data)
    Gyro_correct                             0x20000050   Data          24  mpu6050.o(.data)
    Acceleration                             0x20000068   Data           6  mpu6050.o(.data)
    a                                        0x2000006e   Data           6  mpu6050.o(.data)
    AX                                       0x20000074   Data           2  mpu6050.o(.data)
    AY                                       0x20000076   Data           2  mpu6050.o(.data)
    AZ                                       0x20000078   Data           2  mpu6050.o(.data)
    Temperature                              0x2000007a   Data           2  mpu6050.o(.data)
    q0                                       0x20000080   Data           4  suanfa.o(.data)
    q1                                       0x20000084   Data           4  suanfa.o(.data)
    q2                                       0x20000088   Data           4  suanfa.o(.data)
    q3                                       0x2000008c   Data           4  suanfa.o(.data)
    exInt                                    0x20000090   Data           4  suanfa.o(.data)
    eyInt                                    0x20000094   Data           4  suanfa.o(.data)
    ezInt                                    0x20000098   Data           4  suanfa.o(.data)
    acc_vector                               0x2000009c   Data           4  suanfa.o(.data)
    halfT                                    0x200000c0   Data           4  suanfa.o(.data)
    integralFBx                              0x200000c4   Data           4  suanfa.o(.data)
    integralFBy                              0x200000c8   Data           4  suanfa.o(.data)
    integralFBz                              0x200000cc   Data           4  suanfa.o(.data)
    qa0                                      0x200000d0   Data           4  suanfa.o(.data)
    qa1                                      0x200000d4   Data           4  suanfa.o(.data)
    qa2                                      0x200000d8   Data           4  suanfa.o(.data)
    qa3                                      0x200000dc   Data           4  suanfa.o(.data)
    integralFBhand                           0x200000e0   Data           4  suanfa.o(.data)
    handdiff                                 0x200000e4   Data           4  suanfa.o(.data)
    halftime                                 0x200000e8   Data           4  suanfa.o(.data)
    now                                      0x200000ec   Data           4  suanfa.o(.data)
    k                                        0x200000f0   Data           4  suanfa.o(.data)
    i                                        0x200000f4   Data           4  suanfa.o(.data)
    Power                                    0x200000f8   Data           4  motor.o(.data)
    FLY                                      0x2000010c   Data           1  pid.o(.data)
    KP                                       0x20000110   Data           4  pid.o(.data)
    TD                                       0x20000114   Data           4  pid.o(.data)
    Target_x                                 0x20000118   Data           4  pid.o(.data)
    Target_y                                 0x2000011c   Data           4  pid.o(.data)
    Target_yaw                               0x20000120   Data           4  pid.o(.data)
    NRF_flag                                 0x20000160   Data           1  data_transfer.o(.data)
    cord                                     0x20000164   Data          12  main.o(.bss)
    USART_RX_BUF                             0x20000170   Data         200  usart.o(.bss)
    EA                                       0x20000238   Data          24  mpu6050.o(.bss)
    acc                                      0x20000250   Data          12  mpu6050.o(.bss)
    gyro                                     0x2000025c   Data          12  mpu6050.o(.bss)
    EA_Origin                                0x20000268   Data          24  mpu6050.o(.bss)
    tmp_buf                                  0x20000280   Data          30  data_transfer.o(.bss)
    Rc_D                                     0x2000029e   Data          20  data_transfer.o(.bss)
    __libspace_start                         0x200002b4   Data          96  libspace.o(.bss)
    __temporary_stack_top$libspace           0x20000314   Data           0  libspace.o(.bss)



==============================================================================

Memory Map of the image

  Image Entry point : 0x08000131

  Load Region LR_IROM1 (Base: 0x08000000, Size: 0x00009554, Max: 0x00040000, ABSOLUTE, COMPRESSED[0x00009434])

    Execution Region ER_IROM1 (Base: 0x08000000, Size: 0x000093f0, Max: 0x00040000, ABSOLUTE)

    Base Addr    Size         Type   Attr      Idx    E Section Name        Object

    0x08000000   0x00000130   Data   RO          206    RESET               startup_stm32f10x_hd.o
    0x08000130   0x00000008   Code   RO          834  * !!!main             c_w.l(__main.o)
    0x08000138   0x00000034   Code   RO         1277    !!!scatter          c_w.l(__scatter.o)
    0x0800016c   0x0000005a   Code   RO         1275    !!dczerorl2         c_w.l(__dczerorl2.o)
    0x080001c6   0x00000002   PAD
    0x080001c8   0x0000001c   Code   RO         1279    !!handler_zi        c_w.l(__scatter_zi.o)
    0x080001e4   0x00000000   Code   RO          831    .ARM.Collect$$_printf_percent$$00000000  c_w.l(_printf_percent.o)
    0x080001e4   0x00000006   Code   RO          830    .ARM.Collect$$_printf_percent$$00000003  c_w.l(_printf_f.o)
    0x080001ea   0x00000006   Code   RO          829    .ARM.Collect$$_printf_percent$$00000009  c_w.l(_printf_d.o)
    0x080001f0   0x00000004   Code   RO          955    .ARM.Collect$$_printf_percent$$00000017  c_w.l(_printf_percent_end.o)
    0x080001f4   0x00000002   Code   RO         1109    .ARM.Collect$$libinit$$00000000  c_w.l(libinit.o)
    0x080001f6   0x00000000   Code   RO         1111    .ARM.Collect$$libinit$$00000002  c_w.l(libinit2.o)
    0x080001f6   0x00000000   Code   RO         1114    .ARM.Collect$$libinit$$00000008  c_w.l(libinit2.o)
    0x080001f6   0x00000000   Code   RO         1116    .ARM.Collect$$libinit$$0000000A  c_w.l(libinit2.o)
    0x080001f6   0x00000000   Code   RO         1118    .ARM.Collect$$libinit$$0000000C  c_w.l(libinit2.o)
    0x080001f6   0x00000006   Code   RO         1119    .ARM.Collect$$libinit$$0000000D  c_w.l(libinit2.o)
    0x080001fc   0x00000000   Code   RO         1121    .ARM.Collect$$libinit$$0000000F  c_w.l(libinit2.o)
    0x080001fc   0x0000000c   Code   RO         1122    .ARM.Collect$$libinit$$00000010  c_w.l(libinit2.o)
    0x08000208   0x00000000   Code   RO         1123    .ARM.Collect$$libinit$$00000011  c_w.l(libinit2.o)
    0x08000208   0x00000000   Code   RO         1125    .ARM.Collect$$libinit$$00000013  c_w.l(libinit2.o)
    0x08000208   0x0000000a   Code   RO         1126    .ARM.Collect$$libinit$$00000014  c_w.l(libinit2.o)
    0x08000212   0x00000000   Code   RO         1127    .ARM.Collect$$libinit$$00000015  c_w.l(libinit2.o)
    0x08000212   0x00000000   Code   RO         1129    .ARM.Collect$$libinit$$00000017  c_w.l(libinit2.o)
    0x08000212   0x00000000   Code   RO         1131    .ARM.Collect$$libinit$$00000019  c_w.l(libinit2.o)
    0x08000212   0x00000000   Code   RO         1133    .ARM.Collect$$libinit$$0000001B  c_w.l(libinit2.o)
    0x08000212   0x00000000   Code   RO         1135    .ARM.Collect$$libinit$$0000001D  c_w.l(libinit2.o)
    0x08000212   0x00000000   Code   RO         1137    .ARM.Collect$$libinit$$0000001F  c_w.l(libinit2.o)
    0x08000212   0x00000000   Code   RO         1139    .ARM.Collect$$libinit$$00000021  c_w.l(libinit2.o)
    0x08000212   0x00000000   Code   RO         1141    .ARM.Collect$$libinit$$00000023  c_w.l(libinit2.o)
    0x08000212   0x00000000   Code   RO         1145    .ARM.Collect$$libinit$$0000002A  c_w.l(libinit2.o)
    0x08000212   0x00000000   Code   RO         1147    .ARM.Collect$$libinit$$0000002C  c_w.l(libinit2.o)
    0x08000212   0x00000000   Code   RO         1149    .ARM.Collect$$libinit$$0000002E  c_w.l(libinit2.o)
    0x08000212   0x00000000   Code   RO         1151    .ARM.Collect$$libinit$$00000030  c_w.l(libinit2.o)
    0x08000212   0x00000002   Code   RO         1152    .ARM.Collect$$libinit$$00000031  c_w.l(libinit2.o)
    0x08000214   0x00000002   Code   RO         1214    .ARM.Collect$$libshutdown$$00000000  c_w.l(libshutdown.o)
    0x08000216   0x00000000   Code   RO         1236    .ARM.Collect$$libshutdown$$00000003  c_w.l(libshutdown2.o)
    0x08000216   0x00000000   Code   RO         1239    .ARM.Collect$$libshutdown$$00000006  c_w.l(libshutdown2.o)
    0x08000216   0x00000000   Code   RO         1242    .ARM.Collect$$libshutdown$$00000009  c_w.l(libshutdown2.o)
    0x08000216   0x00000000   Code   RO         1244    .ARM.Collect$$libshutdown$$0000000B  c_w.l(libshutdown2.o)
    0x08000216   0x00000000   Code   RO         1247    .ARM.Collect$$libshutdown$$0000000E  c_w.l(libshutdown2.o)
    0x08000216   0x00000002   Code   RO         1248    .ARM.Collect$$libshutdown$$0000000F  c_w.l(libshutdown2.o)
    0x08000218   0x00000000   Code   RO          946    .ARM.Collect$$rtentry$$00000000  c_w.l(rtentry.o)
    0x08000218   0x00000000   Code   RO         1015    .ARM.Collect$$rtentry$$00000002  c_w.l(rtentry2.o)
    0x08000218   0x00000006   Code   RO         1027    .ARM.Collect$$rtentry$$00000004  c_w.l(rtentry4.o)
    0x0800021e   0x00000000   Code   RO         1017    .ARM.Collect$$rtentry$$00000009  c_w.l(rtentry2.o)
    0x0800021e   0x00000004   Code   RO         1018    .ARM.Collect$$rtentry$$0000000A  c_w.l(rtentry2.o)
    0x08000222   0x00000000   Code   RO         1020    .ARM.Collect$$rtentry$$0000000C  c_w.l(rtentry2.o)
    0x08000222   0x00000008   Code   RO         1021    .ARM.Collect$$rtentry$$0000000D  c_w.l(rtentry2.o)
    0x0800022a   0x00000002   Code   RO         1155    .ARM.Collect$$rtexit$$00000000  c_w.l(rtexit.o)
    0x0800022c   0x00000000   Code   RO         1182    .ARM.Collect$$rtexit$$00000002  c_w.l(rtexit2.o)
    0x0800022c   0x00000004   Code   RO         1183    .ARM.Collect$$rtexit$$00000003  c_w.l(rtexit2.o)
    0x08000230   0x00000006   Code   RO         1184    .ARM.Collect$$rtexit$$00000004  c_w.l(rtexit2.o)
    0x08000236   0x00000002   PAD
    0x08000238   0x000002ac   Code   RO            1    .text               main.o
    0x080004e4   0x0000001a   Code   RO          134    .text               stm32f10x_it.o
    0x080004fe   0x00000002   PAD
    0x08000500   0x000001dc   Code   RO          175    .text               system_stm32f10x.o
    0x080006dc   0x00000040   Code   RO          207    .text               startup_stm32f10x_hd.o
    0x0800071c   0x000000dc   Code   RO          211    .text               misc.o
    0x080007f8   0x0000011c   Code   RO          334    .text               stm32f10x_exti.o
    0x08000914   0x00000358   Code   RO          376    .text               stm32f10x_gpio.o
    0x08000c6c   0x000003a4   Code   RO          430    .text               stm32f10x_rcc.o
    0x08001010   0x0000030c   Code   RO          474    .text               stm32f10x_spi.o
    0x0800131c   0x00000e1a   Code   RO          486    .text               stm32f10x_tim.o
    0x08002136   0x00000002   PAD
    0x08002138   0x00000408   Code   RO          498    .text               stm32f10x_usart.o
    0x08002540   0x000000fc   Code   RO          525    .text               delay.o
    0x0800263c   0x0000000c   Code   RO          539    .text               sys.o
    0x08002648   0x00000140   Code   RO          551    .text               usart.o
    0x08002788   0x0000004c   Code   RO          574    .text               exti.o
    0x080027d4   0x000002f4   Code   RO          586    .text               hmc.o
    0x08002ac8   0x00000408   Code   RO          605    .text               myiic.o
    0x08002ed0   0x000000d8   Code   RO          617    .text               led.o
    0x08002fa8   0x000001f4   Code   RO          629    .text               mpu6050.o
    0x0800319c   0x0000031c   Code   RO          648    .text               24l01.o
    0x080034b8   0x00000154   Code   RO          666    .text               pwm.o
    0x0800360c   0x000000fc   Code   RO          678    .text               spi.o
    0x08003708   0x00000118   Code   RO          690    .text               timer.o
    0x08003820   0x0000122c   Code   RO          703    .text               suanfa.o
    0x08004a4c   0x000001b4   Code   RO          724    .text               motor.o
    0x08004c00   0x00000190   Code   RO          739    .text               pid.o
    0x08004d90   0x00000002   Code   RO          777    .text               c_w.l(use_no_semi_2.o)
    0x08004d92   0x00000002   PAD
    0x08004d94   0x00000018   Code   RO          781    .text               c_w.l(noretval__2printf.o)
    0x08004dac   0x00000078   Code   RO          785    .text               c_w.l(_printf_dec.o)
    0x08004e24   0x00000160   Code   RO          823    .text               c_w.l(__printf_ss_wp.o)
    0x08004f84   0x00000006   Code   RO          832    .text               c_w.l(heapauxi.o)
    0x08004f8a   0x00000002   Code   RO          944    .text               c_w.l(use_no_semi.o)
    0x08004f8c   0x00000016   Code   RO          947    .text               c_w.l(_rserrno.o)
    0x08004fa2   0x000000b8   Code   RO          949    .text               c_w.l(_printf_intcommon.o)
    0x0800505a   0x00000420   Code   RO          951    .text               c_w.l(_printf_fp_dec.o)
    0x0800547a   0x00000002   PAD
    0x0800547c   0x00000024   Code   RO          953    .text               c_w.l(_printf_char_file.o)
    0x080054a0   0x000000a0   Code   RO          956    .text               c_w.l(strtod.o)
    0x08005540   0x00000008   Code   RO         1032    .text               c_w.l(rt_locale_intlibspace.o)
    0x08005548   0x00000008   Code   RO         1037    .text               c_w.l(rt_errno_addr_intlibspace.o)
    0x08005550   0x0000008a   Code   RO         1039    .text               c_w.l(lludiv10.o)
    0x080055da   0x00000012   Code   RO         1041    .text               c_w.l(isspace.o)
    0x080055ec   0x00000030   Code   RO         1043    .text               c_w.l(_printf_char_common.o)
    0x0800561c   0x00000080   Code   RO         1045    .text               c_w.l(_printf_fp_infnan.o)
    0x0800569c   0x00000040   Code   RO         1047    .text               c_w.l(_sgetc.o)
    0x080056dc   0x000000e4   Code   RO         1049    .text               c_w.l(bigflt0.o)
    0x080057c0   0x00000008   Code   RO         1074    .text               c_w.l(ferror.o)
    0x080057c8   0x00000008   Code   RO         1089    .text               c_w.l(libspace.o)
    0x080057d0   0x0000004a   Code   RO         1092    .text               c_w.l(sys_stackheap_outer.o)
    0x0800581a   0x00000002   PAD
    0x0800581c   0x00000010   Code   RO         1094    .text               c_w.l(rt_ctype_table.o)
    0x0800582c   0x000004a4   Code   RO         1098    .text               c_w.l(scanf_fp.o)
    0x08005cd0   0x0000000c   Code   RO         1100    .text               c_w.l(exit.o)
    0x08005cdc   0x00000080   Code   RO         1102    .text               c_w.l(strcmpv7m.o)
    0x08005d5c   0x00000314   Code   RO         1188    .text               c_w.l(scanf_hexfp.o)
    0x08006070   0x0000013c   Code   RO         1190    .text               c_w.l(scanf_infnan.o)
    0x080061ac   0x00000026   Code   RO         1204    .text               c_w.l(llshl.o)
    0x080061d2   0x0000001c   Code   RO         1206    .text               c_w.l(_chval.o)
    0x080061ee   0x0000003e   Code   RO         1052    CL$$btod_d2e        c_w.l(btod.o)
    0x0800622c   0x00000046   Code   RO         1054    CL$$btod_d2e_denorm_low  c_w.l(btod.o)
    0x08006272   0x00000060   Code   RO         1053    CL$$btod_d2e_norm_op1  c_w.l(btod.o)
    0x080062d2   0x00000338   Code   RO         1062    CL$$btod_div_common  c_w.l(btod.o)
    0x0800660a   0x00000002   PAD
    0x0800660c   0x00000054   Code   RO         1060    CL$$btod_e2d        c_w.l(btod.o)
    0x08006660   0x000000c6   Code   RO         1059    CL$$btod_e2e        c_w.l(btod.o)
    0x08006726   0x00000028   Code   RO         1056    CL$$btod_ediv       c_w.l(btod.o)
    0x0800674e   0x00000028   Code   RO         1058    CL$$btod_edivd      c_w.l(btod.o)
    0x08006776   0x00000028   Code   RO         1055    CL$$btod_emul       c_w.l(btod.o)
    0x0800679e   0x00000028   Code   RO         1057    CL$$btod_emuld      c_w.l(btod.o)
    0x080067c6   0x00000244   Code   RO         1061    CL$$btod_mult_common  c_w.l(btod.o)
    0x08006a0a   0x00000028   Code   RO          990    i.__ARM_fpclassify  m_ws.l(fpclassify.o)
    0x08006a32   0x00000002   PAD
    0x08006a34   0x00000388   Code   RO          995    i.__ieee754_rem_pio2  m_ws.l(rred.o)
    0x08006dbc   0x000000fc   Code   RO          985    i.__kernel_cos      m_ws.l(cos_i.o)
    0x08006eb8   0x000000aa   Code   RO          992    i.__kernel_poly     m_ws.l(poly.o)
    0x08006f62   0x00000002   PAD
    0x08006f64   0x000000ec   Code   RO         1000    i.__kernel_sin      m_ws.l(sin_i.o)
    0x08007050   0x00000010   Code   RO          988    i.__mathlib_dbl_underflow  m_ws.l(dunder.o)
    0x08007060   0x00000010   Code   RO         1175    i.__mathlib_narrow  m_ws.l(narrow.o)
    0x08007070   0x00000088   Code   RO         1176    i.__mathlib_tofloat  m_ws.l(narrow.o)
    0x080070f8   0x00000016   Code   RO         1216    i.__support_ldexp   m_ws.l(ldexp.o)
    0x0800710e   0x0000000e   Code   RO          818    i._is_digit         c_w.l(__printf_wp.o)
    0x0800711c   0x0000027c   Code   RO          899    i.asin              m_ws.l(asin.o)
    0x08007398   0x00000224   Code   RO          976    i.atan              m_ws.l(atan.o)
    0x080075bc   0x00000180   Code   RO          909    i.atan2             m_ws.l(atan2.o)
    0x0800773c   0x0000002a   Code   RO          917    i.atof              m_ws.l(atof.o)
    0x08007766   0x00000002   PAD
    0x08007768   0x000000ac   Code   RO          921    i.cos               m_ws.l(cos.o)
    0x08007814   0x00000058   Code   RO         1197    i.frexp             m_ws.l(frexp.o)
    0x0800786c   0x0000007e   Code   RO         1217    i.ldexp             m_ws.l(ldexp.o)
    0x080078ea   0x00000002   PAD
    0x080078ec   0x000000b0   Code   RO          929    i.sin               m_ws.l(sin.o)
    0x0800799c   0x0000004e   Code   RO         1007    i.sqrt              m_ws.l(sqrt.o)
    0x080079ea   0x0000002c   Code   RO          937    i.sqrtf             m_ws.l(sqrtf.o)
    0x08007a16   0x00000002   PAD
    0x08007a18   0x0000002c   Code   RO         1079    locale$$code        c_w.l(lc_numeric_c.o)
    0x08007a44   0x0000002c   Code   RO         1158    locale$$code        c_w.l(lc_ctype_c.o)
    0x08007a70   0x00000062   Code   RO          836    x$fpl$d2f           fz_ws.l(d2f.o)
    0x08007ad2   0x00000002   PAD
    0x08007ad4   0x00000150   Code   RO          838    x$fpl$dadd          fz_ws.l(daddsub_clz.o)
    0x08007c24   0x00000010   Code   RO         1081    x$fpl$dcheck1       fz_ws.l(dcheck1.o)
    0x08007c34   0x00000018   Code   RO          958    x$fpl$dcmpinf       fz_ws.l(dcmpi.o)
    0x08007c4c   0x000002b0   Code   RO          845    x$fpl$ddiv          fz_ws.l(ddiv.o)
    0x08007efc   0x00000078   Code   RO          848    x$fpl$deqf          fz_ws.l(deqf.o)
    0x08007f74   0x0000005e   Code   RO          850    x$fpl$dfix          fz_ws.l(dfix.o)
    0x08007fd2   0x0000002e   Code   RO          855    x$fpl$dflt          fz_ws.l(dflt_clz.o)
    0x08008000   0x00000026   Code   RO          854    x$fpl$dfltu         fz_ws.l(dflt_clz.o)
    0x08008026   0x00000002   PAD
    0x08008028   0x00000078   Code   RO          860    x$fpl$dleqf         fz_ws.l(dleqf.o)
    0x080080a0   0x00000154   Code   RO          862    x$fpl$dmul          fz_ws.l(dmul.o)
    0x080081f4   0x0000009c   Code   RO          960    x$fpl$dnaninf       fz_ws.l(dnaninf.o)
    0x08008290   0x0000000c   Code   RO          962    x$fpl$dretinf       fz_ws.l(dretinf.o)
    0x0800829c   0x0000006c   Code   RO          864    x$fpl$drleqf        fz_ws.l(drleqf.o)
    0x08008308   0x00000016   Code   RO          839    x$fpl$drsb          fz_ws.l(daddsub_clz.o)
    0x0800831e   0x00000002   PAD
    0x08008320   0x000001cc   Code   RO         1083    x$fpl$dsqrt         fz_ws.l(dsqrt_noumaal.o)
    0x080084ec   0x000001d4   Code   RO          840    x$fpl$dsub          fz_ws.l(daddsub_clz.o)
    0x080086c0   0x00000056   Code   RO          866    x$fpl$f2d           fz_ws.l(f2d.o)
    0x08008716   0x00000002   PAD
    0x08008718   0x000000c4   Code   RO          868    x$fpl$fadd          fz_ws.l(faddsub_clz.o)
    0x080087dc   0x00000018   Code   RO          964    x$fpl$fcmpinf       fz_ws.l(fcmpi.o)
    0x080087f4   0x00000184   Code   RO          875    x$fpl$fdiv          fz_ws.l(fdiv.o)
    0x08008978   0x00000068   Code   RO          878    x$fpl$feqf          fz_ws.l(feqf.o)
    0x080089e0   0x0000003e   Code   RO          880    x$fpl$ffixu         fz_ws.l(ffixu.o)
    0x08008a1e   0x00000002   PAD
    0x08008a20   0x00000030   Code   RO          885    x$fpl$fflt          fz_ws.l(fflt_clz.o)
    0x08008a50   0x00000026   Code   RO          884    x$fpl$ffltu         fz_ws.l(fflt_clz.o)
    0x08008a76   0x00000002   PAD
    0x08008a78   0x00000068   Code   RO          890    x$fpl$fleqf         fz_ws.l(fleqf.o)
    0x08008ae0   0x00000102   Code   RO          892    x$fpl$fmul          fz_ws.l(fmul.o)
    0x08008be2   0x0000008c   Code   RO          966    x$fpl$fnaninf       fz_ws.l(fnaninf.o)
    0x08008c6e   0x0000000a   Code   RO          968    x$fpl$fretinf       fz_ws.l(fretinf.o)
    0x08008c78   0x00000062   Code   RO          894    x$fpl$frleqf        fz_ws.l(frleqf.o)
    0x08008cda   0x00000014   Code   RO          869    x$fpl$frsb          fz_ws.l(faddsub_clz.o)
    0x08008cee   0x00000002   PAD
    0x08008cf0   0x00000110   Code   RO          970    x$fpl$fsqrt         fz_ws.l(fsqrt.o)
    0x08008e00   0x000000ea   Code   RO          870    x$fpl$fsub          fz_ws.l(faddsub_clz.o)
    0x08008eea   0x00000004   Code   RO          896    x$fpl$printf1       fz_ws.l(printf1.o)
    0x08008eee   0x00000064   Code   RO         1153    x$fpl$retnan        fz_ws.l(retnan.o)
    0x08008f52   0x0000005c   Code   RO          972    x$fpl$scalbn        fz_ws.l(scalbn.o)
    0x08008fae   0x00000004   Code   RO         1087    x$fpl$scanf1        fz_ws.l(scanf1.o)
    0x08008fb2   0x00000008   Code   RO         1167    x$fpl$scanf2        fz_ws.l(scanf2.o)
    0x08008fba   0x00000030   Code   RO         1173    x$fpl$trapveneer    fz_ws.l(trapv.o)
    0x08008fea   0x00000000   Code   RO          974    x$fpl$usenofp       fz_ws.l(usenofp.o)
    0x08008fea   0x0000000a   Data   RO          649    .constdata          24l01.o
    0x08008ff4   0x00000004   PAD
    0x08008ff8   0x00000050   Data   RO          900    .constdata          m_ws.l(asin.o)
    0x08009048   0x00000098   Data   RO          977    .constdata          m_ws.l(atan.o)
    0x080090e0   0x00000030   Data   RO          986    .constdata          m_ws.l(cos_i.o)
    0x08009110   0x00000008   Data   RO          994    .constdata          m_ws.l(qnan.o)
    0x08009118   0x000000c8   Data   RO          997    .constdata          m_ws.l(rred.o)
    0x080091e0   0x00000028   Data   RO         1001    .constdata          m_ws.l(sin_i.o)
    0x08009208   0x00000094   Data   RO         1050    .constdata          c_w.l(bigflt0.o)
    0x0800929c   0x00000020   Data   RO         1273    Region$$Table       anon$$obj.o
    0x080092bc   0x00000008   Data   RO         1162    c$$dinf             fz_ws.l(fpconst.o)
    0x080092c4   0x0000001c   Data   RO         1078    locale$$data        c_w.l(lc_numeric_c.o)
    0x080092e0   0x00000110   Data   RO         1157    locale$$data        c_w.l(lc_ctype_c.o)


    Execution Region RW_IRAM1 (Base: 0x20000000, Size: 0x00000918, Max: 0x0000c000, ABSOLUTE, COMPRESSED[0x00000044])

    Base Addr    Size         Type   Attr      Idx    E Section Name        Object

    0x20000000   0x00000014   Data   RW          176    .data               system_stm32f10x.o
    0x20000014   0x00000014   Data   RW          431    .data               stm32f10x_rcc.o
    0x20000028   0x00000006   Data   RW          526    .data               delay.o
    0x2000002e   0x00000002   PAD
    0x20000030   0x00000008   Data   RW          553    .data               usart.o
    0x20000038   0x00000010   Data   RW          587    .data               hmc.o
    0x20000048   0x00000034   Data   RW          631    .data               mpu6050.o
    0x2000007c   0x00000004   Data   RW          691    .data               timer.o
    0x20000080   0x00000078   Data   RW          705    .data               suanfa.o
    0x200000f8   0x00000014   Data   RW          725    .data               motor.o
    0x2000010c   0x00000054   Data   RW          740    .data               pid.o
    0x20000160   0x00000002   Data   RW          757    .data               data_transfer.o
    0x20000162   0x00000002   PAD
    0x20000164   0x0000000c   Zero   RW            2    .bss                main.o
    0x20000170   0x000000c8   Zero   RW          552    .bss                usart.o
    0x20000238   0x00000048   Zero   RW          630    .bss                mpu6050.o
    0x20000280   0x00000032   Zero   RW          756    .bss                data_transfer.o
    0x200002b2   0x00000002   PAD
    0x200002b4   0x00000060   Zero   RW         1090    .bss                c_w.l(libspace.o)
    0x20000314   0x00000004   PAD
    0x20000318   0x00000200   Zero   RW          205    HEAP                startup_stm32f10x_hd.o
    0x20000518   0x00000400   Zero   RW          204    STACK               startup_stm32f10x_hd.o


==============================================================================

Image component sizes


      Code (inc. data)   RO Data    RW Data    ZI Data      Debug   Object Name

       796         48         10          0          0       3603   24l01.o
         0          0          0          0          0         32   core_cm3.o
         0          0          0          2         50       1163   data_transfer.o
       252         22          0          6          0       1134   delay.o
        76          0          0          0          0        517   exti.o
       756         76          0         16          0       2333   hmc.o
       216         20          0          0          0        927   led.o
       684        112          0          0         12     264635   main.o
       220         20          0          0          0       1733   misc.o
       436         26          0         20          0        951   motor.o
       500         38          0         52         72       2354   mpu6050.o
      1032         22          0          0          0       4193   myiic.o
       400         80          0         84          0       1144   pid.o
       340          8          0          0          0       1387   pwm.o
       252          8          0          0          0       1045   spi.o
        64         26        304          0       1536        744   startup_stm32f10x_hd.o
       284         10          0          0          0       2167   stm32f10x_exti.o
       856         40          0          0          0       5577   stm32f10x_gpio.o
        26          0          0          0          0       1146   stm32f10x_it.o
       932         44          0         20          0       8716   stm32f10x_rcc.o
       780         14          0          0          0       6462   stm32f10x_spi.o
      3610         88          0          0          0      22064   stm32f10x_tim.o
      1032         22          0          0          0       8304   stm32f10x_usart.o
      4652        334          0        120          0       5571   suanfa.o
        12          0          0          0          0        417   sys.o
       476         36          0         20          0       1635   system_stm32f10x.o
       280         28          0          4          0       1218   timer.o
       320         18          0          8        200       3010   usart.o

    ----------------------------------------------------------------------
     19288       1140        350        356       1872     354182   Object Totals
         0          0         32          0          0          0   (incl. Generated)
         4          0          4          4          2          0   (incl. Padding)

    ----------------------------------------------------------------------

      Code (inc. data)   RO Data    RW Data    ZI Data      Debug   Library Member Name

        90          0          0          0          0          0   __dczerorl2.o
         8          0          0          0          0         68   __main.o
       352          0          0          0          0         88   __printf_ss_wp.o
        14          0          0          0          0         68   __printf_wp.o
        52          8          0          0          0          0   __scatter.o
        28          0          0          0          0          0   __scatter_zi.o
        28          0          0          0          0         68   _chval.o
        48          6          0          0          0         96   _printf_char_common.o
        36          4          0          0          0         80   _printf_char_file.o
         6          0          0          0          0          0   _printf_d.o
       120         18          0          0          0         92   _printf_dec.o
         6          0          0          0          0          0   _printf_f.o
      1056          0          0          0          0        212   _printf_fp_dec.o
       128         16          0          0          0         84   _printf_fp_infnan.o
       184          0          0          0          0         88   _printf_intcommon.o
         0          0          0          0          0          0   _printf_percent.o
         4          0          0          0          0          0   _printf_percent_end.o
        22          0          0          0          0        100   _rserrno.o
        64          0          0          0          0         84   _sgetc.o
       228          6        148          0          0         96   bigflt0.o
      2074        132          0          0          0        940   btod.o
        12          0          0          0          0         72   exit.o
         8          0          0          0          0         68   ferror.o
         6          0          0          0          0        152   heapauxi.o
        18          0          0          0          0         76   isspace.o
        44         10        272          0          0         76   lc_ctype_c.o
        44         10         28          0          0         76   lc_numeric_c.o
         2          0          0          0          0          0   libinit.o
        30          0          0          0          0          0   libinit2.o
         2          0          0          0          0          0   libshutdown.o
         2          0          0          0          0          0   libshutdown2.o
         8          4          0          0         96         68   libspace.o
        38          0          0          0          0         68   llshl.o
       138          0          0          0          0         80   lludiv10.o
        24          4          0          0          0         84   noretval__2printf.o
        16          4          0          0          0         76   rt_ctype_table.o
         8          4          0          0          0         68   rt_errno_addr_intlibspace.o
         8          4          0          0          0         68   rt_locale_intlibspace.o
         0          0          0          0          0          0   rtentry.o
        12          0          0          0          0          0   rtentry2.o
         6          0          0          0          0          0   rtentry4.o
         2          0          0          0          0          0   rtexit.o
        10          0          0          0          0          0   rtexit2.o
      1188         12          0          0          0        144   scanf_fp.o
       788         12          0          0          0         96   scanf_hexfp.o
       316         18          0          0          0         96   scanf_infnan.o
       128          0          0          0          0         68   strcmpv7m.o
       160         12          0          0          0        120   strtod.o
        74          0          0          0          0         80   sys_stackheap_outer.o
         2          0          0          0          0         68   use_no_semi.o
         2          0          0          0          0         68   use_no_semi_2.o
        98          4          0          0          0         92   d2f.o
       826         16          0          0          0        356   daddsub_clz.o
        16          4          0          0          0         68   dcheck1.o
        24          0          0          0          0         68   dcmpi.o
       688        140          0          0          0        212   ddiv.o
       120          4          0          0          0         92   deqf.o
        94          4          0          0          0         92   dfix.o
        84          0          0          0          0        136   dflt_clz.o
       120          4          0          0          0         92   dleqf.o
       340         12          0          0          0        104   dmul.o
       156          4          0          0          0         92   dnaninf.o
        12          0          0          0          0         68   dretinf.o
       108          0          0          0          0         80   drleqf.o
       460         56          0          0          0        120   dsqrt_noumaal.o
        86          4          0          0          0         84   f2d.o
       450          8          0          0          0        236   faddsub_clz.o
        24          0          0          0          0         68   fcmpi.o
       388         76          0          0          0         96   fdiv.o
       104          4          0          0          0         84   feqf.o
        62          4          0          0          0         84   ffixu.o
        86          0          0          0          0        136   fflt_clz.o
       104          4          0          0          0         84   fleqf.o
       258          4          0          0          0         84   fmul.o
       140          4          0          0          0         84   fnaninf.o
         0          0          8          0          0          0   fpconst.o
        10          0          0          0          0         68   fretinf.o
        98          0          0          0          0         68   frleqf.o
       272        100          0          0          0         88   fsqrt.o
         4          0          0          0          0         68   printf1.o
       100          0          0          0          0         68   retnan.o
        92          0          0          0          0         68   scalbn.o
         4          0          0          0          0         68   scanf1.o
         8          0          0          0          0         84   scanf2.o
        48          0          0          0          0         68   trapv.o
         0          0          0          0          0          0   usenofp.o
       636         52         80          0          0        168   asin.o
       548         70        152          0          0        124   atan.o
       384         38          0          0          0        144   atan2.o
        42          0          0          0          0         84   atof.o
       172          8          0          0          0        112   cos.o
       252         22         48          0          0        124   cos_i.o
        16          6          0          0          0         68   dunder.o
        40          0          0          0          0         68   fpclassify.o
        88          8          0          0          0         76   frexp.o
       148          0          0          0          0        160   ldexp.o
       152          4          0          0          0        160   narrow.o
       170          0          0          0          0         96   poly.o
         0          0          8          0          0          0   qnan.o
       904         72        200          0          0        132   rred.o
       176         10          0          0          0        116   sin.o
       236         12         40          0          0        128   sin_i.o
        78          0          0          0          0         84   sqrt.o
        44          0          0          0          0         80   sqrtf.o

    ----------------------------------------------------------------------
     17250       1044        984          0        100       9220   Library Totals
        36          2          0          0          4          0   (incl. Padding)

    ----------------------------------------------------------------------

      Code (inc. data)   RO Data    RW Data    ZI Data      Debug   Library Name

      7644        284        448          0         96       3936   c_w.l
      5484        456          8          0          0       3360   fz_ws.l
      4086        302        528          0          0       1924   m_ws.l

    ----------------------------------------------------------------------
     17250       1044        984          0        100       9220   Library Totals

    ----------------------------------------------------------------------

==============================================================================


      Code (inc. data)   RO Data    RW Data    ZI Data      Debug   

     36538       2184       1334        356       1972     356018   Grand Totals
     36538       2184       1334         68       1972     356018   ELF Image Totals (compressed)
     36538       2184       1334         68          0          0   ROM Totals

==============================================================================

    Total RO  Size (Code + RO Data)                37872 (  36.98kB)
    Total RW  Size (RW Data + ZI Data)              2328 (   2.27kB)
    Total ROM Size (Code + RO Data + RW Data)      37940 (  37.05kB)

==============================================================================

